07-04 16:51:41.297  2887 18398 I chatty  : uid=1000(system) Binder:2887_20 expire 12 lines
07-04 16:51:41.353  2887 11783 I chatty  : uid=1000 system_server expire 1 line
07-04 16:51:41.363  3632  3632 I Telephony: TelephonyConnectionService: notifyCreateConnectionComplete TC@18_1: (...->CSW.hCCC)->CS.crCoC->H.CS.crCoC@E-E-E-VRY
07-04 16:51:41.923  2887  3707 I chatty  : uid=1000(system) CallAudioModeSt expire 21 lines
07-04 16:51:41.962  2887  3706 I chatty  : uid=1000(system) uteStateMachine expire 15 lines
07-04 16:51:41.998 17847 17860 I AlwaysOnHotwordDetector: onRecognitionPaused
07-04 16:51:42.306  2887 11930 I chatty  : uid=1000 system_server expire 4 lines
07-04 16:51:42.377  2887  3645 I chatty  : uid=1000(system) Binder:2887_D expire 31 lines
07-04 16:51:42.380  2887  2961 I chatty  : uid=1000(system) PowerManagerSer expire 11 lines
07-04 16:51:42.426  2887  4311 I chatty  : uid=1000(system) Binder:2887_11 expire 13 lines
07-04 16:51:48.790  2887  2954 I chatty  : uid=1000(system) batterystats-sy expire 12 lines
07-04 16:51:56.199  2887  2951 I chatty  : uid=1000(system) ActivityManager expire 13 lines
07-04 16:52:05.552  2887  2887 I chatty  : uid=1000 system_server expire 16 lines
07-04 16:52:10.305  2887  5921 I chatty  : uid=1000(system) Binder:2887_15 expire 20 lines
07-04 16:52:10.732  2887 10052 I chatty  : uid=1000(system) Binder:2887_1A expire 15 lines
07-04 16:52:12.086  2887  3298 I chatty  : uid=1000(system) InputReader expire 11 lines
07-04 16:52:20.440  2887  3588 I chatty  : uid=1000(system) Binder:2887_9 expire 10 lines
07-04 16:52:21.938 17847 17860 I AlwaysOnHotwordDetector: onRecognitionResumed
07-04 16:52:21.939  2887 12626 I chatty  : uid=1000 system_server expire 1 line
07-04 16:52:22.248  2887  3587 I chatty  : uid=1000(system) Binder:2887_8 expire 10 lines
07-04 16:52:22.817  2887  9723 I chatty  : uid=1000(system) Binder:2887_19 expire 12 lines
07-04 16:52:23.986   580   580 I chatty  : uid=1000(system) /system/bin/surfaceflinger expire 11 lines
07-04 16:52:44.598  2887  2887 I chatty  : uid=1000 system_server expire 17 lines
07-04 16:52:47.026 13018 13217 E ActivityThread: Failed to find provider info for com.google.android.apps.wellbeing.api
07-04 16:52:47.776  2887  3645 I chatty  : uid=1000(system) Binder:2887_D expire 10 lines
07-04 16:52:55.878 17847 17860 I AlwaysOnHotwordDetector: onDetected
07-04 16:53:07.101  2887  2951 I chatty  : uid=1000(system) ActivityManager expire 13 lines
07-04 16:53:16.696 17847 17860 I AlwaysOnHotwordDetector: onDetected
07-04 16:53:35.890 17847 17860 I AlwaysOnHotwordDetector: onDetected
07-04 16:54:05.438  2887  7506 I chatty  : uid=1000(system) Binder:2887_16 expire 11 lines
07-04 16:54:18.387 17847 31743 I AlwaysOnHotwordDetector: onDetected
07-04 16:55:57.960  2887  2887 I chatty  : uid=1000 system_server expire 10 lines
07-04 16:55:58.576  2887  2958 I chatty  : uid=1000(system) android.display expire 16 lines
07-04 16:55:58.583  2887  2956 I chatty  : uid=1000(system) android.fg expire 10 lines
07-04 16:59:47.809  3608  3608 I chatty  : uid=1000(system) com.motorola.process.system expire 10 lines
07-04 16:59:54.068 17847 31743 I AlwaysOnHotwordDetector: onDetected
07-04 17:00:24.375  2887  3318 I chatty  : uid=1000(system) ConnectivitySer expire 16 lines
07-04 17:00:36.436  2887  2902 I chatty  : uid=1000(system) Binder:2887_1 expire 13 lines
07-04 17:01:13.509 17847 17860 I AlwaysOnHotwordDetector: onDetected
07-04 17:01:57.356  2282  2552 E NetlinkListener: recvmsg failed (No buffer space available)
07-04 17:04:27.522  2887  7506 I chatty  : uid=1000(system) Binder:2887_16 expire 11 lines
07-04 17:04:45.784 17847 31743 I AlwaysOnHotwordDetector: onDetected
07-04 17:04:47.846  2887  2951 I chatty  : uid=1000(system) ActivityManager expire 13 lines
07-04 17:04:47.869  2887  5918 I chatty  : uid=1000(system) Binder:2887_13 expire 11 lines
07-04 17:04:48.272 14072 14072 D ActivityThread: Loading provider com.google.android.gm.sapi: com.google.android.gm.sapi.SapiUiProvider
07-04 17:05:23.860  2887  3277 I chatty  : uid=1000(system) UEventObserver expire 12 lines
07-04 17:08:04.469  2887 12779 I chatty  : uid=1000(system) Binder:2887_1C expire 11 lines
07-04 17:12:46.890 17847 31743 I AlwaysOnHotwordDetector: onDetected
07-04 17:12:49.823  2887  7506 I chatty  : uid=1000(system) Binder:2887_16 expire 11 lines
07-04 17:13:08.772  2887  3318 I chatty  : uid=1000(system) ConnectivitySer expire 17 lines
07-04 17:13:20.500 17847 17861 I AlwaysOnHotwordDetector: onDetected
07-04 17:13:21.606  2887  2887 I chatty  : uid=1000 system_server expire 21 lines
07-04 17:13:21.607 17847 17861 I AlwaysOnHotwordDetector: onRecognitionResumed
07-04 17:13:22.041   580   923 I chatty  : uid=1000(system) EventThread expire 21 lines
07-04 17:13:23.011 17847 17861 I AlwaysOnHotwordDetector: onDetected
07-04 17:13:24.273  2887  3668 I chatty  : uid=1000(system) Binder:2887_E expire 17 lines
07-04 17:13:26.615  2887  3588 I chatty  : uid=1000(system) Binder:2887_9 expire 10 lines
07-04 17:13:30.448   580   580 I chatty  : uid=1000(system) /system/bin/surfaceflinger expire 11 lines
07-04 17:13:51.976  2887  2961 I chatty  : uid=1000(system) PowerManagerSer expire 16 lines
07-04 17:15:13.902  2887  2951 I chatty  : uid=1000(system) ActivityManager expire 17 lines
07-04 17:18:44.052 17847 31743 I AlwaysOnHotwordDetector: onDetected
07-04 17:20:04.942 17847 31743 I AlwaysOnHotwordDetector: onDetected
07-04 17:22:05.351  2887  2954 I chatty  : uid=1000(system) batterystats-sy expire 52 lines
07-04 17:26:11.643 17847 17861 I AlwaysOnHotwordDetector: onDetected
07-04 17:26:19.585 17847 17861 I AlwaysOnHotwordDetector: onDetected
07-04 17:26:30.612 17847 10829 I AlwaysOnHotwordDetector: onDetected
07-04 17:26:33.728  2887  3318 I chatty  : uid=1000(system) ConnectivitySer expire 30 lines
07-04 17:30:10.537  2887  3417 I chatty  : uid=1000(system) Binder:2887_5 expire 11 lines
07-04 17:30:34.339  2887 10287 I chatty  : uid=1000(system) Binder:2887_1B expire 10 lines
07-04 17:30:34.434  2887  2887 I chatty  : uid=1000 system_server expire 22 lines
07-04 17:30:34.517  2887 18398 I chatty  : uid=1000(system) Binder:2887_20 expire 17 lines
07-04 17:30:38.488 15551 15551 W ActivityThread: serviceCreate starts in 4022 ms, CreateServiceData = CreateServiceData{token=android.os.BinderProxy@198af06 className=com.facebook.analytics2.logger.LollipopUploadService packageName=com.facebook.orca intent=null}
07-04 17:30:42.436  2887  3298 I chatty  : uid=1000(system) InputReader expire 16 lines
07-04 17:30:43.152   580   580 I chatty  : uid=1000(system) /system/bin/surfaceflinger expire 26 lines
07-04 17:30:45.580  2887 13157 I chatty  : uid=1000(system) Binder:2887_1D expire 16 lines
07-04 17:31:05.477  2887  3293 I chatty  : uid=1000(system) AlarmManager expire 1 line
07-04 17:31:34.438  2887  3277 I chatty  : uid=1000(system) UEventObserver expire 11 lines
07-04 17:31:53.364 17847 10829 I AlwaysOnHotwordDetector: onDetected
07-04 17:32:11.141 17847 31743 I AlwaysOnHotwordDetector: onDetected
07-04 17:32:37.614  2887  3669 I chatty  : uid=1000(system) Binder:2887_F expire 14 lines
07-04 17:32:52.402  2887  2951 I chatty  : uid=1000(system) ActivityManager expire 38 lines
07-04 17:33:00.174  2887  2887 I chatty  : uid=1000 system_server expire 27 lines
07-04 17:33:04.426  2887  3305 I chatty  : uid=1000(system) NetworkStats expire 3 lines
07-04 17:33:40.174  2887  2902 I chatty  : uid=1000(system) Binder:2887_1 expire 10 lines
07-04 17:34:57.205  2887  2956 I chatty  : uid=1000(system) android.fg expire 12 lines
07-04 17:34:57.207  2887  2961 I chatty  : uid=1000(system) PowerManagerSer expire 21 lines
07-04 17:34:57.263  2887  2958 I chatty  : uid=1000(system) android.display expire 21 lines
07-04 17:34:57.506  2887  3421 I chatty  : uid=1000(system) Binder:2887_6 expire 14 lines
07-04 17:34:59.517  2887  4309 I chatty  : uid=1000(system) Binder:2887_10 expire 19 lines
07-04 17:35:10.313  2887 10052 I chatty  : uid=1000(system) Binder:2887_1A expire 14 lines
07-04 17:46:30.124  3608  3608 I chatty  : uid=1000(system) com.motorola.process.system expire 10 lines
07-04 17:55:44.689 17847 31743 I AlwaysOnHotwordDetector: onDetected
07-04 17:55:44.712  2887  2954 I chatty  : uid=1000(system) batterystats-sy expire 22 lines
07-04 17:56:36.829  2887  3644 I chatty  : uid=1000(system) Binder:2887_C expire 13 lines
07-04 17:56:38.121   580   580 I chatty  : uid=1000(system) /system/bin/surfaceflinger expire 12 lines
07-04 17:56:38.696  2887 10287 I chatty  : uid=1000(system) Binder:2887_1B expire 11 lines
07-04 17:56:39.389 17058 17168 E ActivityThread: Failed to find provider info for com.google.android.apps.wellbeing.api
07-04 17:56:47.505  2887  2887 I chatty  : uid=1000 system_server expire 31 lines
07-04 17:57:00.221   580   923 I chatty  : uid=1000(system) EventThread expire 11 lines
07-04 17:57:00.808  2887 17701 I chatty  : uid=1000 system_server expire 1 line
07-04 17:57:00.875  2887  2951 I chatty  : uid=1000(system) ActivityManager expire 16 lines
07-04 17:57:03.960  2887  3407 I chatty  : uid=1000(system) Binder:2887_4 expire 10 lines
07-04 17:57:11.008  2887  3318 I chatty  : uid=1000(system) ConnectivitySer expire 13 lines
07-04 17:57:11.528  2887  3615 I chatty  : uid=1000(system) Binder:2887_A expire 11 lines
07-04 17:57:35.137  2887  3645 I chatty  : uid=1000(system) Binder:2887_D expire 12 lines
07-04 17:57:55.694 18431 18431 W ActivityThread: serviceCreate starts in 16902 ms, CreateServiceData = CreateServiceData{token=android.os.BinderProxy@d64b084 className=androidx.work.impl.background.systemjob.SystemJobService packageName=com.google.android.youtube intent=null}
07-04 17:58:12.624 18431 18431 W ActivityThread: serviceCreate lasts for 16933 ms, CreateServiceData = CreateServiceData{token=android.os.BinderProxy@d64b084 className=androidx.work.impl.background.systemjob.SystemJobService packageName=com.google.android.youtube intent=null}
07-04 17:58:14.043 18431 18477 E ActivityThread: Failed to find provider info for com.google.android.apps.wellbeing.api
07-04 17:59:31.357  2887  2958 I chatty  : uid=1000(system) android.display expire 10 lines
07-04 17:59:31.475  2887  2887 I chatty  : uid=1000 system_server expire 17 lines
07-04 17:59:31.504  2887  3644 I chatty  : uid=1000(system) Binder:2887_C expire 12 lines
07-04 17:59:31.584  2887  3318 I chatty  : uid=1000(system) ConnectivitySer expire 18 lines
07-04 17:59:32.858  2887  9202 I chatty  : uid=1000(system) Binder:2887_18 expire 11 lines
07-04 17:59:33.185   580   580 I chatty  : uid=1000(system) /system/bin/surfaceflinger expire 10 lines
07-04 17:59:35.411 15749 15749 W ContextImpl: Calling a method in the system process without a qualified user: android.app.ContextImpl.bindService:1555 android.content.ContextWrapper.bindService:678 android.content.pm.permission.RuntimePermissionPresenter$RemoteService.processMessage:154 android.content.pm.permission.RuntimePermissionPresenter.getAppPermissions:118 com.android.settingslib.applications.PermissionsSummaryHelper.getPermissionSummary:34 
07-04 17:59:35.424  2887  4314 I chatty  : uid=1000(system) Binder:2887_12 expire 11 lines
07-04 17:59:39.607 17847 17860 I AlwaysOnHotwordDetector: onDetected
07-04 18:00:27.373 18975 18975 D ActivityThread: Loading provider com.google.android.gm.sapi: com.google.android.gm.sapi.SapiUiProvider
07-04 18:01:13.729  2282  2552 E NetlinkListener: recvmsg failed (No buffer space available)
07-04 18:01:38.692 17847 17860 I AlwaysOnHotwordDetector: onDetected
07-04 18:03:27.299 17847 17860 I AlwaysOnHotwordDetector: onDetected
07-04 18:05:18.370 17847 10829 I AlwaysOnHotwordDetector: onDetected
07-04 18:05:18.372  2887  2954 I chatty  : uid=1000(system) batterystats-sy expire 11 lines
07-04 18:06:51.614 17847 17860 I AlwaysOnHotwordDetector: onDetected
07-04 18:08:02.535  2887  2887 I chatty  : uid=1000 system_server expire 10 lines
07-04 18:08:02.536 17847 17860 I AlwaysOnHotwordDetector: onDetected
07-04 18:10:24.919 17847 17860 I AlwaysOnHotwordDetector: onDetected
07-04 18:12:09.758  2887  2951 I chatty  : uid=1000(system) ActivityManager expire 11 lines
07-04 18:13:03.882  2887  2954 I chatty  : uid=1000(system) batterystats-sy expire 25 lines
07-04 18:13:21.876 17847 17860 I AlwaysOnHotwordDetector: onDetected
07-04 18:13:59.283 17847 17860 I AlwaysOnHotwordDetector: onDetected
07-04 18:15:48.427 17847 17861 I AlwaysOnHotwordDetector: onDetected
07-04 18:15:48.760  2887  9202 I chatty  : uid=1000(system) Binder:2887_18 expire 11 lines
07-04 18:16:12.596 17847 17861 I AlwaysOnHotwordDetector: onRecognitionResumed
07-04 18:20:01.584  2887  2961 I chatty  : uid=1000(system) PowerManagerSer expire 15 lines
07-04 18:21:01.738 19228 19390 E ActivityThread: Failed to find provider info for com.facebook.appmanager.firstparty.crashreporter
07-04 18:21:02.194 19228 19387 E ActivityThread: Failed to find provider info for com.android.launcher3.cornermark.unreadbadge
07-04 18:24:11.766 17847 17861 I AlwaysOnHotwordDetector: onDetected
07-04 18:25:24.327  2280  2280 W wificond: Failed to get NL80211_ATTR_STATUS_CODE
07-04 18:25:25.328  2280  2280 E wificond: Failed to get NL80211_STA_INFO_TX_PACKETS
07-04 18:25:55.322  2280  2280 W wificond: Failed to get NL80211_ATTR_STATUS_CODE
07-04 18:25:55.345  2280  2280 E wificond: Failed to get NL80211_STA_INFO_TX_PACKETS
07-04 18:26:52.924  2887  2954 I chatty  : uid=1000(system) batterystats-sy expire 19 lines
07-04 18:26:53.380  2887  8759 I chatty  : uid=1000(system) Binder:2887_17 expire 10 lines
07-04 18:26:58.163  2887  4309 I chatty  : uid=1000(system) Binder:2887_10 expire 10 lines
07-04 18:28:08.661  2280  2280 I wificond: Pno scan started
07-04 18:28:17.597  2887  3318 I chatty  : uid=1000(system) ConnectivitySer expire 16 lines
07-04 18:28:17.602  2887  3307 I chatty  : uid=1000(system) tworkPolicy.uid expire 3 lines
07-04 18:28:35.384  2887  2951 I chatty  : uid=1000(system) ActivityManager expire 11 lines
07-04 18:48:09.285  2280  2280 I wificond: Pno scan stopped
07-04 18:48:14.343  2280  2280 I wificond: Pno scan started
07-04 19:00:56.712  2280  2280 I wificond: Pno scan result ready event
07-04 19:00:56.730  2280  2280 I wificond: Pno scan stopped
07-04 19:01:02.990  2280  2280 I wificond: Pno scan started
07-04 19:01:04.729  2280  2280 I wificond: Pno scan result ready event
07-04 19:01:04.747  2280  2280 I wificond: Pno scan stopped
07-04 19:01:10.922  2280  2280 I wificond: Pno scan started
07-04 19:01:48.461  2280  2280 I wificond: Pno scan stopped
07-04 19:01:53.935  2280  2280 I wificond: Pno scan started
07-04 19:06:05.471  2887  5919 I chatty  : uid=1000(system) Binder:2887_14 expire 10 lines
07-04 19:06:05.925  2887  3421 I chatty  : uid=1000(system) Binder:2887_6 expire 10 lines
07-04 19:10:42.689  2280  2280 I wificond: Pno scan stopped
07-04 19:10:47.745  2280  2280 I wificond: Pno scan started
07-04 19:13:40.365  2887  3277 I chatty  : uid=1000(system) UEventObserver expire 10 lines
07-04 19:16:57.184 17847 17861 I AlwaysOnHotwordDetector: onDetected
07-04 19:21:18.240 17847 17860 I AlwaysOnHotwordDetector: onDetected
07-04 19:21:18.400  2887  2958 I chatty  : uid=1000(system) android.display expire 11 lines
07-04 19:21:19.379  2887  3668 I chatty  : uid=1000(system) Binder:2887_E expire 12 lines
07-04 19:21:52.750   580   580 I chatty  : uid=1000(system) /system/bin/surfaceflinger expire 14 lines
07-04 19:23:30.343  2280  2280 I wificond: Pno scan result ready event
07-04 19:23:30.361  2280  2280 I wificond: Pno scan stopped
07-04 19:23:30.369  2280  2280 W wificond: Scan is not started. Ignore abort request
07-04 19:23:31.600  2887  2951 I chatty  : uid=1000(system) ActivityManager expire 12 lines
07-04 19:23:31.609  2887  3309 I chatty  : uid=1000(system) WifiStateMachin expire 1 line
07-04 19:23:31.637  2887 10287 I chatty  : uid=1000(system) Binder:2887_1B expire 14 lines
07-04 19:23:32.932  2278  2608 E NetlinkEvent: NetlinkEvent::FindParam(): Parameter 'INTERFACE' not found
07-04 19:23:32.932  2278  2608 E NetlinkEvent: NetlinkEvent::FindParam(): Parameter 'STATE' not found
07-04 19:23:32.932  2278  2608 E NetlinkEvent: NetlinkEvent::FindParam(): Parameter 'TIME_NS' not found
07-04 19:23:32.932  2278  2608 E NetlinkEvent: NetlinkEvent::FindParam(): Parameter 'UID' not found
07-04 19:23:33.012  2887  3588 I chatty  : uid=1000(system) Binder:2887_9 expire 11 lines
07-04 19:23:33.055  2887 16853 I chatty  : uid=1000(system) Binder:2887_1F expire 11 lines
07-04 19:23:33.076  2887 10052 I chatty  : uid=1000(system) Binder:2887_1A expire 12 lines
07-04 19:23:33.076  2887  3417 I chatty  : uid=1000(system) Binder:2887_5 expire 10 lines
07-04 19:23:34.630 22227 22227 D ActivityThread: Loading provider com.google.android.gm.sapi: com.google.android.gm.sapi.SapiUiProvider
07-04 19:23:38.848  2887  2903 I chatty  : uid=1000(system) Binder:2887_2 expire 20 lines
07-04 19:23:53.970  2887  3168 I chatty  : uid=1000(system) Binder:2887_3 expire 10 lines
07-04 19:24:34.776  3608  3608 I chatty  : uid=1000(system) com.motorola.process.system expire 10 lines
07-04 19:25:27.630 22266 22266 W ActivityThread: serviceStart lasts for 9118 ms, ServiceArgsData = ServiceArgsData{token=android.os.BinderProxy@9f7b6d startId=27 args=Intent { cmp=com.google.android.gms/.stats.eastworld.EastworldService }}
07-04 19:28:23.849  2887  2887 I chatty  : uid=1000 system_server expire 20 lines
07-04 19:28:23.850 17847 17859 I AlwaysOnHotwordDetector: onDetected
07-04 19:28:46.663  2887  3298 I chatty  : uid=1000(system) InputReader expire 10 lines
07-04 19:28:46.685   580   923 I chatty  : uid=1000(system) EventThread expire 10 lines
07-04 19:28:55.557 17847 17861 I AlwaysOnHotwordDetector: onDetected
07-04 19:28:56.705  2887  5921 I chatty  : uid=1000(system) Binder:2887_15 expire 12 lines
07-04 19:29:35.528  2887  3318 I chatty  : uid=1000(system) ConnectivitySer expire 27 lines
07-04 19:32:38.638  2887  2954 I chatty  : uid=1000(system) batterystats-sy expire 56 lines
07-04 19:35:08.526  2887  2958 I chatty  : uid=1000(system) android.display expire 18 lines
07-04 19:35:14.507  2887  2961 I chatty  : uid=1000(system) PowerManagerSer expire 10 lines
07-04 19:35:41.498  2887  2951 I chatty  : uid=1000(system) ActivityManager expire 25 lines
07-04 19:37:08.480  2887  3326 I chatty  : uid=1000(system) HwBinder:2887_2 expire 10 lines
07-04 19:37:28.123  2887  3358 I chatty  : uid=1000(system) HwBinder:2887_3 expire 10 lines
07-04 19:37:28.150  2887  2956 I chatty  : uid=1000(system) android.fg expire 13 lines
07-04 19:37:28.926  2887  2952 I chatty  : uid=1000(system) android.ui expire 10 lines
07-04 19:37:45.964  2887  9723 I chatty  : uid=1000(system) Binder:2887_19 expire 18 lines
07-04 19:42:59.778  2282  2552 E NetlinkListener: recvmsg failed (No buffer space available)
07-04 19:48:01.346  2887  3616 I chatty  : uid=1000(system) Binder:2887_B expire 18 lines
07-04 19:54:31.622  2887  2954 I chatty  : uid=1000(system) batterystats-sy expire 15 lines
07-04 19:58:39.640  2887  2887 I chatty  : uid=1000 system_server expire 10 lines
07-04 19:58:39.690  2887  3615 I chatty  : uid=1000(system) Binder:2887_A expire 16 lines
07-04 19:58:41.221   580   923 I chatty  : uid=1000(system) EventThread expire 12 lines
07-04 19:58:42.711 23616 23717 E ActivityThread: Failed to find provider info for com.google.android.apps.wellbeing.api
07-04 19:58:44.499   580   580 I chatty  : uid=1000(system) /system/bin/surfaceflinger expire 10 lines
07-04 19:58:47.366  2887  3318 I chatty  : uid=1000(system) ConnectivitySer expire 13 lines
07-04 19:58:47.383  2887  3407 I chatty  : uid=1000(system) Binder:2887_4 expire 14 lines
07-04 20:01:30.670  2887  2948 I chatty  : uid=1000(system) android.bg expire 10 lines
07-04 20:02:17.864  2887  3277 I chatty  : uid=1000(system) UEventObserver expire 12 lines
07-04 20:02:35.160 17847 17861 I AlwaysOnHotwordDetector: onDetected
07-04 20:07:07.707 17847 17861 I AlwaysOnHotwordDetector: onDetected
07-04 20:08:17.984  2887  2954 I chatty  : uid=1000(system) batterystats-sy expire 24 lines
07-04 20:15:55.379  2887  8759 I chatty  : uid=1000(system) Binder:2887_17 expire 12 lines
07-04 20:16:57.119  3608  3608 I chatty  : uid=1000(system) com.motorola.process.system expire 10 lines
07-04 20:17:11.944 17847 17861 I AlwaysOnHotwordDetector: onDetected
07-04 20:33:02.815  2887  2902 I chatty  : uid=1000(system) Binder:2887_1 expire 15 lines
07-04 20:33:03.419  2887  3587 I chatty  : uid=1000(system) Binder:2887_8 expire 15 lines
07-04 20:33:04.035  2887  3318 I chatty  : uid=1000(system) ConnectivitySer expire 22 lines
07-04 20:33:04.217  2887  4311 I chatty  : uid=1000(system) Binder:2887_11 expire 16 lines
07-04 20:36:21.426  2887  2954 I chatty  : uid=1000(system) batterystats-sy expire 22 lines
07-04 20:37:43.577  2887 16853 I chatty  : uid=1000(system) Binder:2887_1F expire 10 lines
07-04 20:39:43.358  2887 12779 I chatty  : uid=1000(system) Binder:2887_1C expire 10 lines
07-04 21:07:13.609 17847 17861 I AlwaysOnHotwordDetector: onDetected
07-04 21:07:55.309  2887  3318 I chatty  : uid=1000(system) ConnectivitySer expire 11 lines
07-04 21:09:11.208  2887  2954 I chatty  : uid=1000(system) batterystats-sy expire 18 lines
07-04 21:14:59.110 17847 17861 I AlwaysOnHotwordDetector: onDetected
07-04 21:16:26.206  2887  3318 I chatty  : uid=1000(system) ConnectivitySer expire 15 lines
07-04 21:25:08.470  2887  8759 I chatty  : uid=1000(system) Binder:2887_17 expire 19 lines
07-04 21:26:05.556  2887  2951 I chatty  : uid=1000(system) ActivityManager expire 20 lines
07-04 21:26:05.984  2887  3421 I chatty  : uid=1000(system) Binder:2887_6 expire 12 lines
07-04 21:26:06.406  2887  4309 I chatty  : uid=1000(system) Binder:2887_10 expire 10 lines
07-04 21:26:08.702  2887  3588 I chatty  : uid=1000(system) Binder:2887_9 expire 10 lines
07-04 21:26:08.741 24826 24862 E ActivityThread: Failed to find provider info for com.google.android.apps.wellbeing.api
07-04 21:26:11.854 25348 25348 D ActivityThread: Loading provider com.google.android.gm.sapi: com.google.android.gm.sapi.SapiUiProvider
07-04 21:26:12.711  2887  7506 I chatty  : uid=1000(system) Binder:2887_16 expire 10 lines
07-04 21:26:16.359  2887 15777 I chatty  : uid=1000(system) Binder:2887_1E expire 18 lines
07-04 21:26:17.702  2887  2961 I chatty  : uid=1000(system) PowerManagerSer expire 10 lines
07-04 21:26:26.708  2887  3277 I chatty  : uid=1000(system) UEventObserver expire 12 lines
07-04 21:26:31.952  2887  5921 I chatty  : uid=1000(system) Binder:2887_15 expire 12 lines
07-04 21:27:44.192  2887  2954 I chatty  : uid=1000(system) batterystats-sy expire 10 lines
07-04 21:36:28.653  2282  2552 E NetlinkListener: recvmsg failed (No buffer space available)
07-04 21:37:08.506  2887  3318 I chatty  : uid=1000(system) ConnectivitySer expire 10 lines
07-04 21:38:51.586  2887  2887 I chatty  : uid=1000 system_server expire 24 lines
07-04 21:38:51.589 17847 10829 I AlwaysOnHotwordDetector: onDetected
07-04 21:39:46.119  2887  2954 I chatty  : uid=1000(system) batterystats-sy expire 12 lines
07-04 21:40:42.297  2887  4314 I chatty  : uid=1000(system) Binder:2887_12 expire 13 lines
07-04 21:48:15.581  2887  3645 I chatty  : uid=1000(system) Binder:2887_D expire 13 lines
07-04 21:48:16.442  2887  3421 I chatty  : uid=1000(system) Binder:2887_6 expire 11 lines
07-04 21:48:16.587  2887  3318 I chatty  : uid=1000(system) ConnectivitySer expire 29 lines
07-04 21:48:16.898 25799 25799 W ActivityThread: serviceCreate starts in 2131 ms, CreateServiceData = CreateServiceData{token=android.os.BinderProxy@e7ba8ee className=androidx.work.impl.background.systemjob.SystemJobService packageName=com.pinterest intent=null}
07-04 21:48:17.217  2887  9723 I chatty  : uid=1000(system) Binder:2887_19 expire 16 lines
07-04 21:48:24.535 17847 17859 I AlwaysOnHotwordDetector: onRecognitionPaused
07-04 21:48:49.969  2887  2887 I chatty  : uid=1000 system_server expire 14 lines
07-04 21:53:54.611  2887  2958 I chatty  : uid=1000(system) android.display expire 20 lines
07-04 21:53:54.629  2887  3417 I chatty  : uid=1000(system) Binder:2887_5 expire 15 lines
07-04 21:54:46.930  2887  3669 I chatty  : uid=1000(system) Binder:2887_F expire 17 lines
07-04 21:55:47.093  2887  3616 I chatty  : uid=1000(system) Binder:2887_B expire 10 lines
07-04 21:55:51.512  2887  2951 I chatty  : uid=1000(system) ActivityManager expire 34 lines
07-04 21:55:53.358  2887  3277 I chatty  : uid=1000(system) UEventObserver expire 11 lines
07-04 21:55:54.049 17847 17859 I AlwaysOnHotwordDetector: onRecognitionResumed
07-04 21:55:54.903   580   580 I chatty  : uid=1000(system) /system/bin/surfaceflinger expire 16 lines
07-04 21:55:54.977  2887  3298 I chatty  : uid=1000(system) InputReader expire 13 lines
07-04 21:55:55.041  2887  2887 I chatty  : uid=1000 system_server expire 40 lines
07-04 21:55:56.561  2887 18398 I chatty  : uid=1000(system) Binder:2887_20 expire 10 lines
07-04 21:55:58.767  2887  2961 I chatty  : uid=1000(system) PowerManagerSer expire 20 lines
07-04 22:00:01.153  3608  3608 I chatty  : uid=1000(system) com.motorola.process.system expire 10 lines
07-04 22:01:33.840  2887  3318 I chatty  : uid=1000(system) ConnectivitySer expire 11 lines
07-04 22:05:04.335  2887 13157 I chatty  : uid=1000(system) Binder:2887_1D expire 10 lines
07-04 22:07:20.460 27578 27631 E ActivityThread: Failed to find provider info for com.facebook.appmanager.firstparty.crashreporter
07-04 22:07:22.267 27578 27661 E ActivityThread: Failed to find provider info for com.android.launcher3.cornermark.unreadbadge
07-04 22:07:38.545 27578 27578 W ActivityThread: serviceCreate lasts for 3339 ms, CreateServiceData = CreateServiceData{token=android.os.BinderProxy@f4ebbb5 className=com.facebook.video.heroplayer.service.MainProcHeroService packageName=com.facebook.katana intent=null}
07-04 22:07:50.593  2887  3318 I chatty  : uid=1000(system) ConnectivitySer expire 12 lines
07-04 22:08:44.722  2887  2954 I chatty  : uid=1000(system) batterystats-sy expire 12 lines
07-04 22:08:44.993  2887 16853 I chatty  : uid=1000(system) Binder:2887_1F expire 15 lines
07-04 22:10:05.138  2887  9202 I chatty  : uid=1000(system) Binder:2887_18 expire 18 lines
07-04 22:10:07.401   580   923 I chatty  : uid=1000(system) EventThread expire 11 lines
07-04 22:10:07.406  2887  2956 I chatty  : uid=1000(system) android.fg expire 18 lines
07-04 22:10:15.679  2887  9723 I chatty  : uid=1000(system) Binder:2887_19 expire 16 lines
07-04 22:11:10.145  2887  3550 I chatty  : uid=1000(system) Binder:2887_7 expire 10 lines
07-04 22:11:10.237  2887  2887 I chatty  : uid=1000 system_server expire 14 lines
07-04 22:12:35.866 22266 22266 W ActivityThread: serviceCreate lasts for 8144 ms, CreateServiceData = CreateServiceData{token=android.os.BinderProxy@21a9ffc className=com.google.android.gms.wearable.service.WearableService packageName=com.google.android.gms intent=null}
07-04 22:14:05.515 28572 28572 D ActivityThread: Loading provider com.google.android.gm.sapi: com.google.android.gm.sapi.SapiUiProvider
07-04 22:14:36.092  2887  5918 I chatty  : uid=1000(system) Binder:2887_13 expire 17 lines
07-04 22:16:21.057  2887  2954 I chatty  : uid=1000(system) batterystats-sy expire 18 lines
07-04 22:20:06.524  2282  2552 E NetlinkListener: recvmsg failed (No buffer space available)
07-04 22:20:50.364   580   580 I chatty  : uid=1000(system) /system/bin/surfaceflinger expire 10 lines
07-04 22:20:55.940  2887  2961 I chatty  : uid=1000(system) PowerManagerSer expire 10 lines
07-04 22:27:39.196  2887  2958 I chatty  : uid=1000(system) android.display expire 24 lines
07-04 22:27:40.390  2887 16853 I chatty  : uid=1000(system) Binder:2887_1F expire 11 lines
07-04 22:27:41.048  2887  3318 I chatty  : uid=1000(system) ConnectivitySer expire 37 lines
07-04 22:27:41.069  2887  3421 I chatty  : uid=1000(system) Binder:2887_6 expire 10 lines
07-04 22:27:42.343  2887  4314 I chatty  : uid=1000(system) Binder:2887_12 expire 10 lines
07-04 22:27:42.421 29047 29163 E ActivityThread: Failed to find provider info for com.google.android.apps.wellbeing.api
07-04 22:27:57.984   580   923 I chatty  : uid=1000(system) EventThread expire 18 lines
07-04 22:27:59.859   580   580 I chatty  : uid=1000(system) /system/bin/surfaceflinger expire 16 lines
07-04 22:28:29.107  2887  2954 I chatty  : uid=1000(system) batterystats-sy expire 28 lines
07-04 22:28:31.958 27721 29702 E ActivityThread: Failed to find provider info for com.facebook.appmanager.attribution
07-04 22:28:36.654  2887  3297 I chatty  : uid=1000(system) InputDispatcher expire 11 lines
07-04 22:28:37.690  2887  2887 I chatty  : uid=1000 system_server expire 32 lines
07-04 22:28:42.090 27721 29697 E ActivityThread: Failed to find provider info for com.whatsapp.provider.phoneid
07-04 22:28:43.367  2887  2951 I chatty  : uid=1000(system) ActivityManager expire 28 lines
07-04 22:30:38.548  2887  3588 I chatty  : uid=1000(system) Binder:2887_9 expire 12 lines
07-04 22:31:31.294  2887  5919 I chatty  : uid=1000(system) Binder:2887_14 expire 11 lines
07-04 22:31:38.869   580   580 I chatty  : uid=1000(system) /system/bin/surfaceflinger expire 22 lines
07-04 22:31:39.531  2887  4314 I chatty  : uid=1000(system) Binder:2887_12 expire 14 lines
07-04 22:31:44.555  2887  5921 I chatty  : uid=1000(system) Binder:2887_15 expire 15 lines
07-04 22:31:46.213  2887 10052 I chatty  : uid=1000(system) Binder:2887_1A expire 14 lines
07-04 22:31:57.395  2887  3298 I chatty  : uid=1000(system) InputReader expire 11 lines
07-04 22:31:57.892  2887  2961 I chatty  : uid=1000(system) PowerManagerSer expire 24 lines
07-04 22:33:09.533  2887  7506 I chatty  : uid=1000(system) Binder:2887_16 expire 10 lines
07-04 22:33:23.697  2887  4311 I chatty  : uid=1000(system) Binder:2887_11 expire 10 lines
07-04 22:37:45.521 17847 17861 I AlwaysOnHotwordDetector: onRecognitionPaused
07-04 22:37:49.945 17847 17861 I AlwaysOnHotwordDetector: onRecognitionResumed
07-04 22:37:50.531  2887  2951 I chatty  : uid=1000(system) ActivityManager expire 24 lines
07-04 22:37:51.241   580   923 I chatty  : uid=1000(system) EventThread expire 53 lines
07-04 22:37:51.739  2887  2958 I chatty  : uid=1000(system) android.display expire 19 lines
07-04 22:37:52.624  2887  3298 I chatty  : uid=1000(system) InputReader expire 16 lines
07-04 22:37:52.636  2887  2887 I chatty  : uid=1000 system_server expire 21 lines
07-04 22:37:53.103  2887  2961 I chatty  : uid=1000(system) PowerManagerSer expire 12 lines
07-04 22:37:53.211  2887  2956 I chatty  : uid=1000(system) android.fg expire 15 lines
07-04 22:37:53.346   580   580 I chatty  : uid=1000(system) /system/bin/surfaceflinger expire 152 lines
07-04 22:37:53.498  2887 16853 I chatty  : uid=1000(system) Binder:2887_1F expire 12 lines
07-04 22:39:51.183  2887  3277 I chatty  : uid=1000(system) UEventObserver expire 11 lines
07-04 22:42:05.760  3608  3608 I chatty  : uid=1000(system) com.motorola.process.system expire 10 lines
07-04 22:42:06.368  2887  3669 I chatty  : uid=1000(system) Binder:2887_F expire 15 lines
07-04 22:42:06.507  2887 10052 I chatty  : uid=1000(system) Binder:2887_1A expire 14 lines
07-04 22:42:09.227  2887  3644 I chatty  : uid=1000(system) Binder:2887_C expire 13 lines
07-04 22:42:28.155  2887  4309 I chatty  : uid=1000(system) Binder:2887_10 expire 18 lines
07-04 22:42:36.263  2887 12779 I chatty  : uid=1000(system) Binder:2887_1C expire 10 lines
07-04 22:43:01.324  2887  2903 I chatty  : uid=1000(system) Binder:2887_2 expire 11 lines
07-04 22:45:16.418  2278  2609 D NetlinkEvent: Unknown ifindex 36 in RTM_DELADDR
07-04 22:45:16.443  2887  3318 I chatty  : uid=1000(system) ConnectivitySer expire 21 lines
07-04 22:45:16.709  2887  3645 I chatty  : uid=1000(system) Binder:2887_D expire 15 lines
07-04 22:45:17.016  2887  3587 I chatty  : uid=1000(system) Binder:2887_8 expire 16 lines
07-04 22:45:17.463   580   580 I chatty  : uid=1000(system) /system/bin/surfaceflinger expire 16 lines
07-04 22:45:17.567  2887  2958 I chatty  : uid=1000(system) android.display expire 12 lines
07-04 22:45:18.501  2887  3421 I chatty  : uid=1000(system) Binder:2887_6 expire 16 lines
07-04 22:45:18.909  2887  3588 I chatty  : uid=1000(system) Binder:2887_9 expire 13 lines
07-04 22:45:18.910  2887  3417 I chatty  : uid=1000(system) Binder:2887_5 expire 10 lines
07-04 22:45:19.689  2887  2887 I chatty  : uid=1000 system_server expire 14 lines
07-04 22:45:20.280   580   923 I chatty  : uid=1000(system) EventThread expire 12 lines
07-04 22:49:35.162  2887  2902 I chatty  : uid=1000(system) Binder:2887_1 expire 16 lines
07-04 22:54:36.269  2887  2951 I chatty  : uid=1000(system) ActivityManager expire 36 lines
07-04 22:54:36.591  1348  1348 D ActivityThread: Loading provider com.google.android.gm.sapi: com.google.android.gm.sapi.SapiUiProvider
07-04 22:55:10.871  2887  2954 I chatty  : uid=1000(system) batterystats-sy expire 18 lines
07-04 22:55:33.557  2887  2887 I chatty  : uid=1000 system_server expire 13 lines
07-04 22:55:34.030  2887  2961 I chatty  : uid=1000(system) PowerManagerSer expire 19 lines
07-04 23:01:03.077  2887  3668 I chatty  : uid=1000(system) Binder:2887_E expire 10 lines
07-04 23:01:06.529  1875  2001 E ActivityThread: Failed to find provider info for com.google.android.apps.wellbeing.api
07-04 23:01:12.186  2887  4311 I chatty  : uid=1000(system) Binder:2887_11 expire 11 lines
07-04 23:01:13.130  2887  2958 I chatty  : uid=1000(system) android.display expire 18 lines
07-04 23:01:18.548   580   580 I chatty  : uid=1000(system) /system/bin/surfaceflinger expire 37 lines
07-04 23:01:19.757  2887  3297 I chatty  : uid=1000(system) InputDispatcher expire 10 lines
07-04 23:01:22.618  2887  3298 I chatty  : uid=1000(system) InputReader expire 10 lines
07-04 23:01:22.628  2887  2887 I chatty  : uid=1000 system_server expire 10 lines
07-04 23:01:23.082  2887  2961 I chatty  : uid=1000(system) PowerManagerSer expire 19 lines
07-04 23:01:23.212  2887  2956 I chatty  : uid=1000(system) android.fg expire 15 lines
07-04 23:05:27.418  2887  2954 I chatty  : uid=1000(system) batterystats-sy expire 38 lines
07-04 23:06:16.045  2558  2558 W ActivityThread: serviceCreate starts in 64680 ms, CreateServiceData = CreateServiceData{token=android.os.BinderProxy@568929a className=androidx.work.impl.background.systemjob.SystemJobService packageName=com.truecaller intent=null}
07-04 23:07:26.308  2887  3318 I chatty  : uid=1000(system) ConnectivitySer expire 20 lines
07-04 23:20:00.282  2282  2552 E NetlinkListener: recvmsg failed (No buffer space available)
07-04 23:20:29.986  2887  2954 I chatty  : uid=1000(system) batterystats-sy expire 154 lines
07-04 23:22:26.749  2887  2902 I chatty  : uid=1000(system) Binder:2887_1 expire 26 lines
07-04 23:22:29.712  2887  2903 I chatty  : uid=1000(system) Binder:2887_2 expire 11 lines
07-04 23:22:44.049  2887  5919 I chatty  : uid=1000(system) Binder:2887_14 expire 26 lines
07-04 23:23:06.133  2887  3277 I chatty  : uid=1000(system) UEventObserver expire 19 lines
07-04 23:23:24.223  2887  3588 I chatty  : uid=1000(system) Binder:2887_9 expire 15 lines
07-04 23:23:27.098  3608  3608 I chatty  : uid=1000(system) com.motorola.process.system expire 8 lines
07-04 23:38:28.268  2887  2951 I chatty  : uid=1000(system) ActivityManager expire 28 lines
07-04 23:50:17.518  2887  3417 I chatty  : uid=1000(system) Binder:2887_5 expire 15 lines
07-05 00:00:00.875  2887 12779 I chatty  : uid=1000(system) Binder:2887_1C expire 14 lines
07-05 00:02:24.553  2887  4311 I chatty  : uid=1000(system) Binder:2887_11 expire 15 lines
07-05 00:02:24.693  2887  2887 I chatty  : uid=1000 system_server expire 17 lines
07-05 00:02:30.936  2887  3587 I chatty  : uid=1000(system) Binder:2887_8 expire 15 lines
07-05 00:03:07.316  2887  3318 I chatty  : uid=1000(system) ConnectivitySer expire 12 lines
07-05 00:03:25.769   580   580 I chatty  : uid=1000(system) /system/bin/surfaceflinger expire 141 lines
07-05 00:03:31.792  2887  2958 I chatty  : uid=1000(system) android.display expire 16 lines
07-05 00:04:46.604  2887 13157 I chatty  : uid=1000(system) Binder:2887_1D expire 51 lines
07-05 00:08:10.785  2887  3615 I chatty  : uid=1000(system) Binder:2887_A expire 18 lines
07-05 00:08:10.832  2887  3668 I chatty  : uid=1000(system) Binder:2887_E expire 13 lines
07-05 00:10:02.562  2887  3550 I chatty  : uid=1000(system) Binder:2887_7 expire 18 lines
07-05 00:12:29.552   580   923 I chatty  : uid=1000(system) EventThread expire 13 lines
07-05 00:19:19.017  2887  3168 I chatty  : uid=1000(system) Binder:2887_3 expire 17 lines
07-05 00:20:16.486  2282  2552 E NetlinkListener: recvmsg failed (No buffer space available)
07-05 00:21:36.575  5619  5619 D ActivityThread: Loading provider com.google.android.gm.sapi: com.google.android.gm.sapi.SapiUiProvider
07-05 00:21:38.647  5607  5667 E ActivityThread: Failed to find provider info for com.google.android.apps.wellbeing.api
07-05 00:21:43.348  2887  3644 I chatty  : uid=1000(system) Binder:2887_C expire 14 lines
07-05 00:21:46.382   580   580 I chatty  : uid=1000(system) /system/bin/surfaceflinger expire 10 lines
07-05 00:21:57.022  2887  2958 I chatty  : uid=1000(system) android.display expire 13 lines
07-05 00:22:26.735  2887  2961 I chatty  : uid=1000(system) PowerManagerSer expire 14 lines
07-05 00:22:26.737  2887  3298 I chatty  : uid=1000(system) InputReader expire 13 lines
07-05 00:22:27.026  2887  2887 I chatty  : uid=1000 system_server expire 33 lines
07-05 00:22:27.772  2887  2951 I chatty  : uid=1000(system) ActivityManager expire 24 lines
07-05 00:22:29.778  3366  3366 V DeadZone: consuming errant click: (395.63367,5.064331)
07-05 00:22:30.392  2887  3588 I chatty  : uid=1000(system) Binder:2887_9 expire 34 lines
07-05 00:22:30.394  2887  3318 I chatty  : uid=1000(system) ConnectivitySer expire 12 lines
07-05 00:22:30.394  2887  8759 I chatty  : uid=1000(system) Binder:2887_17 expire 14 lines
07-05 00:22:30.900  2887  3421 I chatty  : uid=1000(system) Binder:2887_6 expire 12 lines
07-05 00:22:32.041  2887  3407 I chatty  : uid=1000(system) Binder:2887_4 expire 10 lines
07-05 00:22:32.844  2887  4309 I chatty  : uid=1000(system) Binder:2887_10 expire 14 lines
07-05 00:22:33.229  6271  6350 W ActivityThread: ClassLoader.loadClass: The class loader returned by Thread.getContextClassLoader() may fail for processes that host multiple applications. You should explicitly specify a context class loader. For example: Thread.setContextClassLoader(getClass().getClassLoader());
07-05 00:22:36.000  2887  6527 I chatty  : uid=1000 system_server expire 1 line
07-05 00:22:36.283  2887  2903 I chatty  : uid=1000(system) Binder:2887_2 expire 25 lines
07-05 00:22:37.419  2887  3706 I chatty  : uid=1000(system) uteStateMachine expire 20 lines
07-05 00:22:37.425  3632  3632 I Telephony: TelephonyConnectionService: notifyCreateConnectionComplete TC@20_1: (...->CSW.hCCC)->CS.crCoC->H.CS.crCoC@E-E-E-WWE
07-05 00:22:37.482 17847 17861 I AlwaysOnHotwordDetector: onRecognitionPaused
07-05 00:22:38.064   580   580 I chatty  : uid=1000(system) /system/bin/surfaceflinger expire 10 lines
07-05 00:22:38.823  2887  2954 I chatty  : uid=1000(system) batterystats-sy expire 18 lines
07-05 00:22:44.676  2887  3277 I chatty  : uid=1000(system) UEventObserver expire 10 lines
07-05 00:22:52.725  2887  3705 I chatty  : uid=1000(system) BluetoothRouteM expire 4 lines
07-05 00:22:52.743  2887  6814 I chatty  : uid=1000 system_server expire 1 line
07-05 00:22:52.757  2887  2887 I chatty  : uid=1000 system_server expire 43 lines
07-05 00:22:52.758 17847 17861 I AlwaysOnHotwordDetector: onRecognitionResumed
07-05 00:22:54.696  2887  2958 I chatty  : uid=1000(system) android.display expire 15 lines
07-05 00:23:00.065  2887  4540 I chatty  : uid=1000(system) ContactsAsyncWo expire 8 lines
07-05 00:23:01.268  2887  3588 I chatty  : uid=1000(system) Binder:2887_9 expire 33 lines
07-05 00:23:01.342  2887  2951 I chatty  : uid=1000(system) ActivityManager expire 24 lines
07-05 00:23:01.344  2887  3706 I chatty  : uid=1000(system) uteStateMachine expire 18 lines
07-05 00:23:01.347  2887 16853 I chatty  : uid=1000(system) Binder:2887_1F expire 13 lines
07-05 00:23:01.349  3632  3632 I Telephony: TelephonyConnectionService: notifyCreateConnectionComplete TC@21_1: (...->CSW.hCCC)->CS.crCoC->H.CS.crCoC@E-E-E-Wsg
07-05 00:23:01.371 17847 17861 I AlwaysOnHotwordDetector: onRecognitionPaused
07-05 00:23:10.283  2887  3707 I chatty  : uid=1000(system) CallAudioModeSt expire 18 lines
07-05 00:23:10.296  2887  7057 I chatty  : uid=1000 system_server expire 1 line
07-05 00:23:10.316 17847 17861 I AlwaysOnHotwordDetector: onRecognitionResumed
07-05 00:23:10.630   580   580 I chatty  : uid=1000(system) /system/bin/surfaceflinger expire 12 lines
07-05 00:23:15.876  2887  3644 I chatty  : uid=1000(system) Binder:2887_C expire 11 lines
07-05 00:28:55.065  2887  3318 I chatty  : uid=1000(system) ConnectivitySer expire 13 lines
07-05 00:33:10.660  3608  3608 W ContextImpl: Calling a method in the system process without a qualified user: android.app.ContextImpl.sendBroadcast:968 android.content.ContextWrapper.sendBroadcast:436 com.motorola.blur.service.blur.BSUtils.sendBroadcast:151 com.motorola.blur.service.blur.BSUtils.sendBroadcast:146 com.motorola.ccc.plm.pollingmanager.PollingManagerService$MyConnectivityReceiver.sendConnectivityIntent:599 
07-05 00:34:10.277  2887  2954 I chatty  : uid=1000(system) batterystats-sy expire 25 lines
07-05 00:41:13.006  2887  4311 I chatty  : uid=1000(system) Binder:2887_11 expire 11 lines
07-05 00:43:01.635  2887  5919 I chatty  : uid=1000(system) Binder:2887_14 expire 10 lines
07-05 00:43:01.674  3608  3608 W ContextImpl: Calling a method in the system process without a qualified user: android.app.ContextImpl.sendBroadcast:968 android.content.ContextWrapper.sendBroadcast:436 com.motorola.blur.service.blur.BSUtils.sendBroadcast:151 com.motorola.blur.service.blur.BSUtils.sendBroadcast:146 com.motorola.ccc.plm.pollingmanager.PollingManagerService$MyConnectivityReceiver.sendConnectivityIntent:599 
07-05 00:43:01.763  2887  2887 I chatty  : uid=1000 system_server expire 21 lines
07-05 00:43:01.812  2887  2954 I chatty  : uid=1000(system) batterystats-sy expire 30 lines
07-05 00:43:05.200  2887  3669 I chatty  : uid=1000(system) Binder:2887_F expire 19 lines
07-05 00:43:05.205  2887  4314 I chatty  : uid=1000(system) Binder:2887_12 expire 10 lines
07-05 00:43:06.650  2887  3318 I chatty  : uid=1000(system) ConnectivitySer expire 21 lines
07-05 00:43:10.224  2887  3417 I chatty  : uid=1000(system) Binder:2887_5 expire 31 lines
07-05 00:48:00.045  3608  3608 W ContextImpl: Calling a method in the system process without a qualified user: android.app.ContextImpl.sendBroadcast:968 android.content.ContextWrapper.sendBroadcast:436 com.motorola.blur.service.blur.BSUtils.sendBroadcast:151 com.motorola.blur.service.blur.BSUtils.sendBroadcast:146 com.motorola.ccc.plm.pollingmanager.PollingManagerService$MyConnectivityReceiver.sendConnectivityIntent:599 
07-05 00:48:01.156  2887  5918 I chatty  : uid=1000(system) Binder:2887_13 expire 17 lines
07-05 00:49:34.467  2887  2951 I chatty  : uid=1000(system) ActivityManager expire 17 lines
07-05 00:56:35.497  3608  3608 W ContextImpl: Calling a method in the system process without a qualified user: android.app.ContextImpl.sendBroadcast:968 android.content.ContextWrapper.sendBroadcast:436 com.motorola.blur.service.blur.BSUtils.sendBroadcast:151 com.motorola.blur.service.blur.BSUtils.sendBroadcast:146 com.motorola.ccc.plm.pollingmanager.PollingManagerService$MyConnectivityReceiver.sendConnectivityIntent:599 
07-05 00:56:36.365  2887  2954 I chatty  : uid=1000(system) batterystats-sy expire 40 lines
07-05 00:56:43.772  3608  3608 W ContextImpl: Calling a method in the system process without a qualified user: android.app.ContextImpl.sendBroadcast:968 android.content.ContextWrapper.sendBroadcast:436 com.motorola.blur.service.blur.BSUtils.sendBroadcast:151 com.motorola.blur.service.blur.BSUtils.sendBroadcast:146 com.motorola.ccc.plm.pollingmanager.PollingManagerService$MyConnectivityReceiver.sendConnectivityIntent:599 
07-05 01:05:14.950  2887  2948 I chatty  : uid=1000(system) android.bg expire 10 lines
07-05 01:06:41.825  3608  3608 W ContextImpl: Calling a method in the system process without a qualified user: android.app.ContextImpl.sendBroadcast:968 android.content.ContextWrapper.sendBroadcast:436 com.motorola.blur.service.blur.BSUtils.sendBroadcast:151 com.motorola.blur.service.blur.BSUtils.sendBroadcast:146 com.motorola.ccc.plm.pollingmanager.PollingManagerService$MyConnectivityReceiver.sendConnectivityIntent:599 
07-05 01:06:41.833  2887  2954 I chatty  : uid=1000(system) batterystats-sy expire 25 lines
07-05 01:07:42.016  3608  3608 W ContextImpl: Calling a method in the system process without a qualified user: android.app.ContextImpl.sendBroadcast:968 android.content.ContextWrapper.sendBroadcast:436 com.motorola.blur.service.blur.BSUtils.sendBroadcast:151 com.motorola.blur.service.blur.BSUtils.sendBroadcast:146 com.motorola.ccc.plm.pollingmanager.PollingManagerService$MyConnectivityReceiver.sendConnectivityIntent:599 
07-05 01:13:39.146  3608  3608 W ContextImpl: Calling a method in the system process without a qualified user: android.app.ContextImpl.sendBroadcast:968 android.content.ContextWrapper.sendBroadcast:436 com.motorola.blur.service.blur.BSUtils.sendBroadcast:151 com.motorola.blur.service.blur.BSUtils.sendBroadcast:146 com.motorola.ccc.plm.pollingmanager.PollingManagerService$MyConnectivityReceiver.sendConnectivityIntent:599 
07-05 01:13:39.334   580   923 I chatty  : uid=1000(system) EventThread expire 16 lines
07-05 01:13:41.398   580   580 I chatty  : uid=1000(system) /system/bin/surfaceflinger expire 12 lines
07-05 01:13:41.426  2887  3615 I chatty  : uid=1000(system) Binder:2887_A expire 14 lines
07-05 01:13:44.084  2887  2887 I chatty  : uid=1000 system_server expire 34 lines
07-05 01:13:44.554  2887  2961 I chatty  : uid=1000(system) PowerManagerSer expire 12 lines
07-05 01:13:44.619  2887  2958 I chatty  : uid=1000(system) android.display expire 13 lines
07-05 01:13:44.645  2887  2956 I chatty  : uid=1000(system) android.fg expire 13 lines
07-05 01:13:47.177  2887  9723 I chatty  : uid=1000(system) Binder:2887_19 expire 11 lines
07-05 01:14:01.223  2887  2951 I chatty  : uid=1000(system) ActivityManager expire 12 lines
07-05 01:15:01.093  2887  2954 I chatty  : uid=1000(system) batterystats-sy expire 12 lines
07-05 01:17:41.121  3608  3608 W ContextImpl: Calling a method in the system process without a qualified user: android.app.ContextImpl.sendBroadcast:968 android.content.ContextWrapper.sendBroadcast:436 com.motorola.blur.service.blur.BSUtils.sendBroadcast:151 com.motorola.blur.service.blur.BSUtils.sendBroadcast:146 com.motorola.ccc.plm.pollingmanager.PollingManagerService$MyConnectivityReceiver.sendConnectivityIntent:599 
07-05 01:18:31.836  2887  2954 I chatty  : uid=1000(system) batterystats-sy expire 21 lines
07-05 01:19:31.115  2887  3587 I chatty  : uid=1000(system) Binder:2887_8 expire 10 lines
07-05 01:20:09.403  2887  3277 I chatty  : uid=1000(system) UEventObserver expire 10 lines
07-05 01:22:41.514  3608  3608 W ContextImpl: Calling a method in the system process without a qualified user: android.app.ContextImpl.sendBroadcast:968 android.content.ContextWrapper.sendBroadcast:436 com.motorola.blur.service.blur.BSUtils.sendBroadcast:151 com.motorola.blur.service.blur.BSUtils.sendBroadcast:146 com.motorola.ccc.plm.pollingmanager.PollingManagerService$MyConnectivityReceiver.sendConnectivityIntent:599 
07-05 01:22:46.706  3608  3608 W ContextImpl: Calling a method in the system process without a qualified user: android.app.ContextImpl.sendBroadcast:968 android.content.ContextWrapper.sendBroadcast:436 com.motorola.blur.service.blur.BSUtils.sendBroadcast:151 com.motorola.blur.service.blur.BSUtils.sendBroadcast:146 com.motorola.ccc.plm.pollingmanager.PollingManagerService$MyConnectivityReceiver.sendConnectivityIntent:599 
07-05 01:23:17.210  2887  2954 I chatty  : uid=1000(system) batterystats-sy expire 55 lines
07-05 01:33:01.817  3608  3608 W ContextImpl: Calling a method in the system process without a qualified user: android.app.ContextImpl.sendBroadcast:968 android.content.ContextWrapper.sendBroadcast:436 com.motorola.blur.service.blur.BSUtils.sendBroadcast:151 com.motorola.blur.service.blur.BSUtils.sendBroadcast:146 com.motorola.ccc.plm.pollingmanager.PollingManagerService$MyConnectivityReceiver.sendConnectivityIntent:599 
07-05 01:33:02.157  2887  2954 I chatty  : uid=1000(system) batterystats-sy expire 78 lines
07-05 01:34:56.656  3608  3608 W ContextImpl: Calling a method in the system process without a qualified user: android.app.ContextImpl.sendBroadcast:968 android.content.ContextWrapper.sendBroadcast:436 com.motorola.blur.service.blur.BSUtils.sendBroadcast:151 com.motorola.blur.service.blur.BSUtils.sendBroadcast:146 com.motorola.ccc.plm.pollingmanager.PollingManagerService$MyConnectivityReceiver.sendConnectivityIntent:599 
07-05 01:46:54.045  2887  5918 I chatty  : uid=1000(system) Binder:2887_13 expire 15 lines
07-05 01:48:08.380  2282  2552 E NetlinkListener: recvmsg failed (No buffer space available)
07-05 01:50:18.451  3608  3608 W ContextImpl: Calling a method in the system process without a qualified user: android.app.ContextImpl.sendBroadcast:968 android.content.ContextWrapper.sendBroadcast:436 com.motorola.blur.service.blur.BSUtils.sendBroadcast:151 com.motorola.blur.service.blur.BSUtils.sendBroadcast:146 com.motorola.ccc.plm.pollingmanager.PollingManagerService$MyConnectivityReceiver.sendConnectivityIntent:599 
07-05 01:50:37.347  2887  3306 I chatty  : uid=1000(system) NetworkPolicy expire 5 lines
