07-05 16:03:06.933  2887  3417 I chatty  : uid=1000(system) Binder:2887_5 expire 1 line
07-05 16:03:07.376  2887  2887 I chatty  : uid=1000 system_server expire 1 line
07-05 16:03:07.649  2887  2948 I chatty  : uid=1000(system) android.bg expire 1 line
07-05 16:03:12.959  2887  9202 I chatty  : uid=1000(system) Binder:2887_18 expire 2 lines
07-05 16:03:29.901  2887  3550 I chatty  : uid=1000(system) Binder:2887_7 expire 2 lines
07-05 16:03:29.923  2887 15777 I chatty  : uid=1000(system) Binder:2887_1E expire 2 lines
07-05 16:03:29.955  2887 12779 I chatty  : uid=1000(system) Binder:2887_1C expire 1 line
07-05 16:03:29.955  2887  3318 I chatty  : uid=1000(system) ConnectivitySer expire 5 lines
07-05 16:03:30.333  2887  3550 I chatty  : uid=1000(system) Binder:2887_7 expire 1 line
07-05 16:03:30.525  2887  3277 I chatty  : uid=1000(system) UEventObserver expire 19 lines
07-05 16:03:37.528  2887  4314 I chatty  : uid=1000(system) Binder:2887_12 expire 3 lines
07-05 16:03:37.671  2887  9202 I chatty  : uid=1000(system) Binder:2887_18 expire 11 lines
07-05 16:03:37.721   580   580 I SFPerfTracer:      triggers: (rate: 1509:253824) (compose: 0:100) (post: 1:751) (render: 2:496) (6392:1323658 frames) (6393:1470010)
07-05 16:03:37.721   580   580 D SFPerfTracer:        layers: (5:13) (StatusBar#0 (0xac562000): 439:152789) (RoundedOverlay#0 (0xac57e000): 0:1692) (RoundedOverlay#1 (0xac647000): 0:1796) (com.android.systemui.ImageWallpaper#0 (0xac4d2000): 0:3988)* (Sprite#0 (0xac7b3000): 0:105)* (DimLayerController/Stack=0#0 (0xac56c000): 0:3600)* (animation background stackId=1#0 (0xac7c5000): 0:585)* (NavigationBar#0 (0xac799000): 0:819) (animation background stackId=0#0 (0xac7e3000): 0:2)* (com.whatsapp/com.whatsapp.Conversation#0 (0xac4a9000): 0:105)- (com.google.android.apps.docs/com.google.android.apps.docs.doclist.documentopener.DocumentOpenerActivityDelegate#0 (0xabdb3000): 0:29)- (Splash Screen com.google.android.packageinstaller#0 (0xac965000): 0:34)- (com.google.android.packageinstaller/com.android.packageinstaller.InstallStaging#0 (0xac56e000): 6393:6420) 
07-05 16:03:37.855 24987 24987 W PackageParser: Unknown element under <manifest>: queries at /data/user_de/0/com.google.android.packageinstaller/no_backup/package414951172701598916.apk Binary XML file line #13
07-05 16:03:38.328  2887  2958 I chatty  : uid=1000(system) android.display expire 2 lines
07-05 16:03:40.105   580   580 I SFPerfTracer:      triggers: (rate: 1509:253825) (compose: 0:100) (post: 1:751) (render: 2:497) (14:1323718 frames) (15:1470084)
07-05 16:03:40.106   580   580 D SFPerfTracer:        layers: (5:13) (StatusBar#0 (0xac562000): 0:152791) (RoundedOverlay#0 (0xac57e000): 0:1692) (RoundedOverlay#1 (0xac647000): 0:1796) (com.android.systemui.ImageWallpaper#0 (0xac4d2000): 0:3988)* (Sprite#0 (0xac7b3000): 0:105)* (DimLayerController/Stack=0#0 (0xac56c000): 0:3600)* (animation background stackId=1#0 (0xac7c5000): 0:589)* (NavigationBar#0 (0xac799000): 0:819) (animation background stackId=0#0 (0xac7e3000): 0:2)* (com.google.android.packageinstaller/com.android.packageinstaller.InstallStaging#0 (0xac56e000): 0:6458)- (Splash Screen com.google.android.packageinstaller#0 (0xac965000): 0:1)- (Splash Screen com.google.android.packageinstaller#1 (0xac49d000): 0:23)- (com.google.android.packageinstaller/com.android.packageinstaller.PackageInstallerActivity#0 (0xac965000): 15:41) 
07-05 16:03:40.320  2887 12779 I chatty  : uid=1000(system) Binder:2887_1C expire 7 lines
07-05 16:03:41.454  2887  2887 I chatty  : uid=1000 system_server expire 2 lines
07-05 16:03:43.298  2887  9723 I chatty  : uid=1000(system) Binder:2887_19 expire 11 lines
07-05 16:03:44.803  2887  2951 I chatty  : uid=1000(system) ActivityManager expire 7 lines
07-05 16:03:49.318 26316 26316 W ActivityThread: serviceCreate starts in 2046 ms, CreateServiceData = CreateServiceData{token=android.os.BinderProxy@e88dfc className=com.google.android.libraries.internal.growth.growthkit.internal.jobs.impl.GrowthKitJobService packageName=com.google.android.apps.chromecast.app intent=null}
07-05 16:03:49.586  2887  3318 I chatty  : uid=1000(system) ConnectivitySer expire 1 line
07-05 16:03:49.625  2887  3277 I chatty  : uid=1000(system) UEventObserver expire 3 lines
07-05 16:03:49.659  2887 18398 I chatty  : uid=1000(system) Binder:2887_20 expire 2 lines
07-05 16:03:50.487 26146 26179 E ActivityThread: Failed to find provider info for com.google.android.apps.wellbeing.api
07-05 16:03:50.701  2887 10287 I chatty  : uid=1000(system) Binder:2887_1B expire 1 line
07-05 16:03:52.246  2887  3168 I chatty  : uid=1000(system) Binder:2887_3 expire 1 line
07-05 16:03:52.253  2887  2952 I chatty  : uid=1000(system) android.ui expire 1 line
07-05 16:03:52.625  2887  3277 I chatty  : uid=1000(system) UEventObserver expire 1 line
07-05 16:03:52.669   580   580 I SFPerfTracer:      triggers: (rate: 1509:253836) (compose: 0:100) (post: 1:751) (render: 2:497) (0:1323762 frames) (1:1470184)
07-05 16:03:52.669   580   580 D SFPerfTracer:        layers: (5:11) (StatusBar#0 (0xac562000): 0:152808) (RoundedOverlay#0 (0xac57e000): 0:1692) (RoundedOverlay#1 (0xac647000): 0:1796) (com.android.systemui.ImageWallpaper#0 (0xac4d2000): 0:3988)* (Sprite#0 (0xac7b3000): 0:105)* (DimLayerController/Stack=0#0 (0xac56c000): 0:3600)* (animation background stackId=1#0 (0xac7c5000): 0:589)* (NavigationBar#0 (0xac799000): 0:819) (animation background stackId=0#0 (0xac7e3000): 0:2)* (com.google.android.packageinstaller/com.android.packageinstaller.PackageInstallerActivity#0 (0xac965000): 0:67)- (com.google.android.packageinstaller/com.android.packageinstaller.InstallInstalling#0 (0xac56e000): 0:48) 
07-05 16:03:52.841 26546 26546 W ActivityThread: serviceCreate starts in 2087 ms, CreateServiceData = CreateServiceData{token=android.os.BinderProxy@a5c2de className=org.chromium.content.app.PrivilegedProcessService4 packageName=com.android.chrome intent=null}
07-05 16:03:52.861  2887 13157 I chatty  : uid=1000(system) Binder:2887_1D expire 1 line
07-05 16:03:52.864  2887  8759 I chatty  : uid=1000(system) Binder:2887_17 expire 1 line
07-05 16:03:52.952  2887  3407 I chatty  : uid=1000(system) Binder:2887_4 expire 1 line
07-05 16:03:52.953  2887  3318 I chatty  : uid=1000(system) ConnectivitySer expire 1 line
07-05 16:03:53.619  2887  3277 I chatty  : uid=1000(system) UEventObserver expire 1 line
07-05 16:03:54.089  2887  3615 I chatty  : uid=1000(system) Binder:2887_A expire 2 lines
07-05 16:03:54.632  2887  3277 I chatty  : uid=1000(system) UEventObserver expire 1 line
07-05 16:03:55.263  2887  2965 I chatty  : uid=1000(system) PackageManager expire 10 lines
07-05 16:03:55.631  2887  3277 I chatty  : uid=1000(system) UEventObserver expire 11 lines
07-05 16:03:56.456  2887  2887 I chatty  : uid=1000 system_server expire 4 lines
07-05 16:03:56.804 13031 24319 W PackageParser: Unknown element under <manifest>: queries at /data/app/vmdl310123983.tmp/base.apk Binary XML file line #13
07-05 16:03:58.566 13031 24319 W PackageParser: Unknown element under <manifest>: queries at /data/app/vmdl310123983.tmp/base.apk Binary XML file line #13
07-05 16:04:01.306  2887 13157 I chatty  : uid=1000(system) Binder:2887_1D expire 3 lines
07-05 16:04:04.805  2887  2951 I chatty  : uid=1000(system) ActivityManager expire 26 lines
07-05 16:04:05.729  2887 16853 I chatty  : uid=1000(system) Binder:2887_1F expire 3 lines
07-05 16:04:05.791  2887  3668 I chatty  : uid=1000(system) Binder:2887_E expire 1 line
07-05 16:04:06.260  2887  3645 I chatty  : uid=1000(system) Binder:2887_D expire 3 lines
07-05 16:04:07.520  2887  3407 I chatty  : uid=1000(system) Binder:2887_4 expire 4 lines
07-05 16:04:08.834  2887  7506 I chatty  : uid=1000(system) Binder:2887_16 expire 2 lines
07-05 16:04:08.834  2887  3318 I chatty  : uid=1000(system) ConnectivitySer expire 4 lines
07-05 16:04:09.892  2887  2958 I chatty  : uid=1000(system) android.display expire 1 line
07-05 16:04:09.893  5132  5132 W ActivityThread: serviceStart starts in 3037 ms, ServiceArgsData = ServiceArgsData{token=android.os.BinderProxy@2c11e98 startId=4 args=Intent { act=android.intent.action.PACKAGE_REMOVED dat=package:com.goldhoffer flg=0x4000010 pkg=com.google.android.gms cmp=com.google.android.gms/.chimera.GmsIntentOperationService (has extras) }}
07-05 16:04:09.903  5132  5132 W ActivityThread: serviceStart starts in 3040 ms, ServiceArgsData = ServiceArgsData{token=android.os.BinderProxy@2c11e98 startId=5 args=Intent { act=android.intent.action.PACKAGE_ADDED dat=package:com.goldhoffer flg=0x4000010 pkg=com.google.android.gms cmp=com.google.android.gms/.chimera.GmsIntentOperationService (has extras) }}
07-05 16:04:09.906  5132  5132 W ActivityThread: serviceStart starts in 3034 ms, ServiceArgsData = ServiceArgsData{token=android.os.BinderProxy@2c11e98 startId=6 args=Intent { act=android.intent.action.PACKAGE_REPLACED dat=package:com.goldhoffer flg=0x4000010 pkg=com.google.android.gms cmp=com.google.android.gms/.chimera.GmsIntentOperationService (has extras) }}
07-05 16:04:15.742   580   580 I SFPerfTracer:      triggers: (rate: 1509:253841) (compose: 0:100) (post: 1:751) (render: 2:497) (0:1323827 frames) (1:1470284)
07-05 16:04:15.743   580   580 D SFPerfTracer:        layers: (5:11) (StatusBar#0 (0xac562000): 0:152830) (RoundedOverlay#0 (0xac57e000): 0:1692) (RoundedOverlay#1 (0xac647000): 0:1796) (com.android.systemui.ImageWallpaper#0 (0xac4d2000): 0:3988)* (Sprite#0 (0xac7b3000): 0:105)* (DimLayerController/Stack=0#0 (0xac56c000): 0:3600)* (animation background stackId=1#0 (0xac7c5000): 0:589)* (NavigationBar#0 (0xac799000): 0:819) (animation background stackId=0#0 (0xac7e3000): 0:2)* (com.google.android.packageinstaller/com.android.packageinstaller.InstallInstalling#0 (0xac56e000): 0:56)- (com.google.android.packageinstaller/com.android.packageinstaller.InstallSuccess#0 (0xac965000): 0:5) 
07-05 16:04:18.705  2887  3277 I chatty  : uid=1000(system) UEventObserver expire 12 lines
07-05 16:04:22.637  2887 12779 I chatty  : uid=1000(system) Binder:2887_1C expire 3 lines
07-05 16:04:22.733  2887  5919 I chatty  : uid=1000(system) Binder:2887_14 expire 1 line
07-05 16:04:30.101  2887  3550 I chatty  : uid=1000(system) Binder:2887_7 expire 1 line
07-05 16:04:32.969  2887  2948 I chatty  : uid=1000(system) android.bg expire 2 lines
07-05 16:04:37.237  2887  2951 I chatty  : uid=1000(system) ActivityManager expire 1 line
07-05 16:04:37.509  2887  2965 I chatty  : uid=1000(system) PackageManager expire 2 lines
07-05 16:04:37.909  2887 12779 I chatty  : uid=1000(system) Binder:2887_1C expire 2 lines
07-05 16:04:38.504  2887 12779 I ActivityManager: START u0 {act=android.intent.action.MAIN cat=[android.intent.category.LAUNCHER] flg=0x10000000 pkg=com.goldhoffer cmp=com.goldhoffer/.MainActivity} from uid 10045
07-05 16:04:38.569  2887  3668 I ActivityManager: Start proc 27007:com.goldhoffer/u0a252 for activity com.goldhoffer/.MainActivity
07-05 16:04:38.617  2887  2965 I ActivityManager: Force stopping com.muzmatch.muzmatchapp appid=10240 user=0: pkg removed
07-05 16:04:38.636  2887  2965 I ActivityManager: Force stopping com.muzmatch.muzmatchapp appid=10240 user=0: pkg removed
07-05 16:04:38.654  2887  2951 W BroadcastQueue: Background execution not allowed: receiving Intent { act=android.intent.action.PACKAGE_REMOVED dat=package:com.muzmatch.muzmatchapp flg=0x4000010 (has extras) } to com.android.vending/com.google.android.finsky.packagemanager.impl.PackageMonitorReceiverImpl$RegisteredReceiver
07-05 16:04:38.663  2887  2951 W BroadcastQueue: Background execution not allowed: receiving Intent { act=android.intent.action.PACKAGE_REMOVED dat=package:com.muzmatch.muzmatchapp flg=0x4000010 (has extras) } to com.android.vending/com.google.android.finsky.instantapps.appmanagement.InstantAppRemoveMonitor
07-05 16:04:38.664  2887  2951 W BroadcastQueue: Background execution not allowed: receiving Intent { act=android.intent.action.PACKAGE_REMOVED dat=package:com.muzmatch.muzmatchapp flg=0x4000010 (has extras) } to com.google.android.apps.maps/com.google.android.libraries.social.peoplekit.thirdparty.viewcontrollers.ThirdPartyReceiver
07-05 16:04:38.664  2887  2951 W BroadcastQueue: Background execution not allowed: receiving Intent { act=android.intent.action.PACKAGE_REMOVED dat=package:com.muzmatch.muzmatchapp flg=0x4000010 (has extras) } to com.google.android.apps.photos/com.google.android.libraries.social.peoplekit.thirdparty.viewcontrollers.ThirdPartyReceiver
07-05 16:04:38.666  2887  2951 W BroadcastQueue: Background execution not allowed: receiving Intent { act=android.intent.action.PACKAGE_REMOVED dat=package:com.muzmatch.muzmatchapp flg=0x4000010 (has extras) } to com.google.android.gms/.games.chimera.GamesSystemBroadcastReceiverProxy
07-05 16:04:38.666  2887  2951 W BroadcastQueue: Background execution not allowed: receiving Intent { act=android.intent.action.PACKAGE_REMOVED dat=package:com.muzmatch.muzmatchapp flg=0x4000010 (has extras) } to com.google.android.gms/.chimera.GmsIntentOperationService$PersistentTrustedReceiver
07-05 16:04:38.711  2887  2951 W BroadcastQueue: Background execution not allowed: receiving Intent { act=android.intent.action.PACKAGE_REMOVED dat=package:com.muzmatch.muzmatchapp flg=0x4000010 (has extras) } to com.google.android.googlequicksearchbox/com.google.android.apps.gsa.googlequicksearchbox.GelStubAppWatcher
07-05 16:04:38.801  2887 12779 W BroadcastQueue: Background execution not allowed: receiving Intent { act=android.intent.action.PACKAGE_REMOVED dat=package:com.muzmatch.muzmatchapp flg=0x4000010 (has extras) } to com.alibaba.aliexpresshd/com.taobao.accs.EventReceiver
07-05 16:04:38.807  2887  2951 W BroadcastQueue: Background execution not allowed: receiving Intent { act=android.intent.action.PACKAGE_REMOVED dat=package:com.muzmatch.muzmatchapp flg=0x4000010 (has extras) } to com.daraz.android/com.taobao.accs.EventReceiver
07-05 16:04:38.807  2887  2951 W BroadcastQueue: Background execution not allowed: receiving Intent { act=android.intent.action.PACKAGE_REMOVED dat=package:com.muzmatch.muzmatchapp flg=0x4000010 (has extras) } to com.daraz.android/com.taobao.agoo.AgooCommondReceiver
07-05 16:04:38.807  2887  2951 W BroadcastQueue: Background execution not allowed: receiving Intent { act=android.intent.action.PACKAGE_REMOVED dat=package:com.muzmatch.muzmatchapp flg=0x4000010 (has extras) } to com.facebook.katana/com.facebook.feed.platformads.AppInstallReceiver
07-05 16:04:39.551  2887  3615 I ActivityManager: Start proc 27049:com.android.vending:instant_app_installer/u0a73 for broadcast com.android.vending/com.google.android.finsky.instantapps.appmanagement.InstantAppRemoveMonitor
07-05 16:04:40.477  2887  3615 W BroadcastQueue: Background execution not allowed: receiving Intent { act=android.intent.action.PACKAGE_ADDED dat=package:com.muzmatch.muzmatchapp flg=0x4000010 (has extras) } to com.android.vending/com.google.android.finsky.packagemanager.impl.PackageMonitorReceiverImpl$RegisteredReceiver
07-05 16:04:40.477  2887  2951 W BroadcastQueue: Background execution not allowed: receiving Intent { act=android.intent.action.PACKAGE_ADDED dat=package:com.muzmatch.muzmatchapp flg=0x4000010 (has extras) } to com.google.android.gms/.games.chimera.GamesSystemBroadcastReceiverProxy
07-05 16:04:40.479  2887  2951 W BroadcastQueue: Background execution not allowed: receiving Intent { act=android.intent.action.PACKAGE_ADDED dat=package:com.muzmatch.muzmatchapp flg=0x4000010 (has extras) } to com.google.android.gms/.gass.chimera.PackageChangeBroadcastReceiver
07-05 16:04:40.480  2887  2951 W BroadcastQueue: Background execution not allowed: receiving Intent { act=android.intent.action.PACKAGE_ADDED dat=package:com.muzmatch.muzmatchapp flg=0x4000010 (has extras) } to com.google.android.gms/.chimera.GmsIntentOperationService$PersistentTrustedReceiver
07-05 16:04:40.481  2887  2951 W BroadcastQueue: Background execution not allowed: receiving Intent { act=android.intent.action.PACKAGE_ADDED dat=package:com.muzmatch.muzmatchapp flg=0x4000010 (has extras) } to com.google.android.googlequicksearchbox/com.google.android.apps.gsa.googlequicksearchbox.GelStubAppWatcher
07-05 16:04:40.481  2887  2951 W BroadcastQueue: Background execution not allowed: receiving Intent { act=android.intent.action.PACKAGE_ADDED dat=package:com.muzmatch.muzmatchapp flg=0x4000010 (has extras) } to com.google.android.ims/.receivers.RcsAutoStartReceiver
07-05 16:04:40.538  2887  3550 W BroadcastQueue: Background execution not allowed: receiving Intent { act=android.intent.action.PACKAGE_ADDED dat=package:com.muzmatch.muzmatchapp flg=0x4000010 (has extras) } to com.facebook.katana/com.facebook.feed.platformads.AppInstallReceiver
07-05 16:04:40.539  2887  2951 W BroadcastQueue: Background execution not allowed: receiving Intent { act=android.intent.action.PACKAGE_ADDED dat=package:com.muzmatch.muzmatchapp flg=0x4000010 (has extras) } to com.zhiliaoapp.musically/com.ss.android.common.applog.HotsoonReceiver
07-05 16:04:40.594  2887  3550 W BroadcastQueue: Background execution not allowed: receiving Intent { act=android.intent.action.PACKAGE_REPLACED dat=package:com.muzmatch.muzmatchapp flg=0x4000010 (has extras) } to com.google.android.apps.photos/.account.full.FetchAccountPropertiesAppUpgradeBroadcastReceiver
07-05 16:04:40.595  2887  2951 W BroadcastQueue: Background execution not allowed: receiving Intent { act=android.intent.action.PACKAGE_REPLACED dat=package:com.muzmatch.muzmatchapp flg=0x4000010 (has extras) } to com.google.android.apps.photos/.account.full.SyncAccountsForLoginBroadcastReceiver
07-05 16:04:40.595  2887  2951 W BroadcastQueue: Background execution not allowed: receiving Intent { act=android.intent.action.PACKAGE_REPLACED dat=package:com.muzmatch.muzmatchapp flg=0x4000010 (has extras) } to com.google.android.apps.photos/.notificationchannels.AppUpdateBroadcastReceiver
07-05 16:04:40.595  2887  2951 W BroadcastQueue: Background execution not allowed: receiving Intent { act=android.intent.action.PACKAGE_REPLACED dat=package:com.muzmatch.muzmatchapp flg=0x4000010 (has extras) } to com.google.android.gms/.gass.chimera.PackageChangeBroadcastReceiver
07-05 16:04:40.595  2887  2951 W BroadcastQueue: Background execution not allowed: receiving Intent { act=android.intent.action.PACKAGE_REPLACED dat=package:com.muzmatch.muzmatchapp flg=0x4000010 (has extras) } to com.google.android.gms/.chimera.GmsIntentOperationService$PersistentTrustedReceiver
07-05 16:04:40.596  2887  2951 W BroadcastQueue: Background execution not allowed: receiving Intent { act=android.intent.action.PACKAGE_REPLACED dat=package:com.muzmatch.muzmatchapp flg=0x4000010 (has extras) } to com.google.android.googlequicksearchbox/com.google.android.apps.gsa.googlequicksearchbox.GelStubAppWatcher
07-05 16:04:40.596  2887  2951 W BroadcastQueue: Background execution not allowed: receiving Intent { act=android.intent.action.PACKAGE_REPLACED dat=package:com.muzmatch.muzmatchapp flg=0x4000010 (has extras) } to com.google.android.ims/.receivers.RcsAutoStartReceiver
07-05 16:04:40.596  2887  2951 W BroadcastQueue: Background execution not allowed: receiving Intent { act=android.intent.action.PACKAGE_REPLACED dat=package:com.muzmatch.muzmatchapp flg=0x4000010 (has extras) } to com.motorola.ccc.notification/.gcm.GCMAdminReceiver
07-05 16:04:40.839  2887  2887 I TelecomService: DefaultDialerCache: Refreshing default dialer for user 0: now com.eyecon.global: DDC.oR@YO0
07-05 16:04:41.041  2887  3668 I ActivityManager: Start proc 27100:com.android.vending:background/u0a73 for service com.android.vending/com.google.android.finsky.ipcservers.background.BackgroundGrpcServerAndroidService
07-05 16:04:41.679  2887  3668 W ActivityManager: Background start not allowed: service Intent { cmp=com.google.android.apps.messaging/.shared.datamodel.action.execution.ActionExecutorImpl$EmptyService (has extras) } to com.google.android.apps.messaging/.shared.datamodel.action.execution.ActionExecutorImpl$EmptyService from pid=24938 uid=10103 pkg=com.google.android.apps.messaging
07-05 16:04:41.999  2887  3550 D ConnectivityService: requestNetwork for uid/pid:10073/27100 NetworkRequest [ TRACK_DEFAULT id=7088, [ Capabilities: INTERNET&NOT_RESTRICTED&TRUSTED&NOT_VPN] ]
07-05 16:04:43.254  2887  3550 E NotificationService: Suppressing notification from package by user request.
07-05 16:04:44.044 27007 27007 E AndroidRuntime: FATAL EXCEPTION: main
07-05 16:04:44.044 27007 27007 E AndroidRuntime: Process: com.goldhoffer, PID: 27007
07-05 16:04:44.044 27007 27007 E AndroidRuntime: java.lang.RuntimeException: Canvas: trying to draw too large(228284928bytes) bitmap.
07-05 16:04:44.044 27007 27007 E AndroidRuntime: 	at android.view.DisplayListCanvas.throwIfCannotDraw(DisplayListCanvas.java:229)
07-05 16:04:44.044 27007 27007 E AndroidRuntime: 	at android.view.RecordingCanvas.drawBitmap(RecordingCanvas.java:97)
07-05 16:04:44.044 27007 27007 E AndroidRuntime: 	at android.graphics.drawable.BitmapDrawable.draw(BitmapDrawable.java:529)
07-05 16:04:44.044 27007 27007 E AndroidRuntime: 	at android.widget.ImageView.onDraw(ImageView.java:1380)
07-05 16:04:44.044 27007 27007 E AndroidRuntime: 	at android.view.View.draw(View.java:19135)
07-05 16:04:44.044 27007 27007 E AndroidRuntime: 	at android.view.View.updateDisplayListIfDirty(View.java:18085)
07-05 16:04:44.044 27007 27007 E AndroidRuntime: 	at android.view.View.draw(View.java:18863)
07-05 16:04:44.044 27007 27007 E AndroidRuntime: 	at android.view.ViewGroup.drawChild(ViewGroup.java:4218)
07-05 16:04:44.044 27007 27007 E AndroidRuntime: 	at android.view.ViewGroup.dispatchDraw(ViewGroup.java:4004)
07-05 16:04:44.044 27007 27007 E AndroidRuntime: 	at android.view.View.updateDisplayListIfDirty(View.java:18076)
07-05 16:04:44.044 27007 27007 E AndroidRuntime: 	at android.view.View.draw(View.java:18863)
07-05 16:04:44.044 27007 27007 E AndroidRuntime: 	at android.view.ViewGroup.drawChild(ViewGroup.java:4218)
07-05 16:04:44.044 27007 27007 E AndroidRuntime: 	at android.view.ViewGroup.dispatchDraw(ViewGroup.java:4004)
07-05 16:04:44.044 27007 27007 E AndroidRuntime: 	at android.view.View.updateDisplayListIfDirty(View.java:18076)
07-05 16:04:44.044 27007 27007 E AndroidRuntime: 	at android.view.View.draw(View.java:18863)
07-05 16:04:44.044 27007 27007 E AndroidRuntime: 	at android.view.ViewGroup.drawChild(ViewGroup.java:4218)
07-05 16:04:44.044 27007 27007 E AndroidRuntime: 	at android.view.ViewGroup.dispatchDraw(ViewGroup.java:4004)
07-05 16:04:44.044 27007 27007 E AndroidRuntime: 	at android.view.View.updateDisplayListIfDirty(View.java:18076)
07-05 16:04:44.044 27007 27007 E AndroidRuntime: 	at android.view.View.draw(View.java:18863)
07-05 16:04:44.044 27007 27007 E AndroidRuntime: 	at android.view.ViewGroup.drawChild(ViewGroup.java:4218)
07-05 16:04:44.044 27007 27007 E AndroidRuntime: 	at android.view.ViewGroup.dispatchDraw(ViewGroup.java:4004)
07-05 16:04:44.044 27007 27007 E AndroidRuntime: 	at android.view.View.draw(View.java:19138)
07-05 16:04:44.044 27007 27007 E AndroidRuntime: 	at com.android.internal.policy.DecorView.draw(DecorView.java:785)
07-05 16:04:44.044 27007 27007 E AndroidRuntime: 	at android.view.View.updateDisplayListIfDirty(View.java:18085)
07-05 16:04:44.044 27007 27007 E AndroidRuntime: 	at android.view.ThreadedRenderer.updateViewTreeDisplayList(ThreadedRenderer.java:643)
07-05 16:04:44.044 27007 27007 E AndroidRuntime: 	at android.view.ThreadedRenderer.updateRootDisplayList(ThreadedRenderer.java:649)
07-05 16:04:44.044 27007 27007 E AndroidRuntime: 	at android.view.ThreadedRenderer.draw(ThreadedRenderer.java:757)
07-05 16:04:44.044 27007 27007 E AndroidRuntime: 	at android.view.ViewRootImpl.draw(ViewRootImpl.java:3008)
07-05 16:04:44.044 27007 27007 E AndroidRuntime: 	at android.view.ViewRootImpl.performDraw(ViewRootImpl.java:2822)
07-05 16:04:44.044 27007 27007 E AndroidRuntime: 	at android.view.ViewRootImpl.performTraversals(ViewRootImpl.java:2375)
07-05 16:04:44.044 27007 27007 E AndroidRuntime: 	at android.view.ViewRootImpl.doTraversal(ViewRootImpl.java:1414)
07-05 16:04:44.044 27007 27007 E AndroidRuntime: 	at android.view.ViewRootImpl$TraversalRunnable.run(ViewRootImpl.java:6827)
07-05 16:04:44.044 27007 27007 E AndroidRuntime: 	at android.view.Choreographer$CallbackRecord.run(Choreographer.java:911)
07-05 16:04:44.044 27007 27007 E AndroidRuntime: 	at android.view.Choreographer.doCallbacks(Choreographer.java:723)
07-05 16:04:44.044 27007 27007 E AndroidRuntime: 	at android.view.Choreographer.doFrame(Choreographer.java:658)
07-05 16:04:44.044 27007 27007 E AndroidRuntime: 	at android.view.Choreographer$FrameDisplayEventReceiver.run(Choreographer.java:897)
07-05 16:04:44.044 27007 27007 E AndroidRuntime: 	at android.os.Handler.handleCallback(Handler.java:789)
07-05 16:04:44.044 27007 27007 E AndroidRuntime: 	at android.os.Handler.dispatchMessage(Handler.java:98)
07-05 16:04:44.044 27007 27007 E AndroidRuntime: 	at android.os.Looper.loop(Looper.java:164)
07-05 16:04:44.044 27007 27007 E AndroidRuntime: 	at android.app.ActivityThread.main(ActivityThread.java:6673)
07-05 16:04:44.044 27007 27007 E AndroidRuntime: 	at java.lang.reflect.Method.invoke(Native Method)
07-05 16:04:44.044 27007 27007 E AndroidRuntime: 	at com.android.internal.os.Zygote$MethodAndArgsCaller.run(Zygote.java:240)
07-05 16:04:44.044 27007 27007 E AndroidRuntime: 	at com.android.internal.os.ZygoteInit.main(ZygoteInit.java:769)
07-05 16:04:44.050  2887 12779 W ActivityManager:   Force finishing activity com.goldhoffer/.MainActivity
07-05 16:04:44.085  2887  2952 I ActivityManager: Showing crash dialog for package com.goldhoffer u0
07-05 16:04:44.088  2887  2951 W BroadcastQueue: Background execution not allowed: receiving Intent { act=android.intent.action.DROPBOX_ENTRY_ADDED flg=0x10 (has extras) } to com.google.android.gms/.stats.service.DropBoxEntryAddedReceiver
07-05 16:04:44.089  2887  2951 W BroadcastQueue: Background execution not allowed: receiving Intent { act=android.intent.action.DROPBOX_ENTRY_ADDED flg=0x10 (has extras) } to com.google.android.gms/.chimera.GmsIntentOperationService$PersistentTrustedReceiver
07-05 16:04:44.197   580   580 I SFPerfTracer:      triggers: (rate: 1509:253843) (compose: 0:100) (post: 1:751) (render: 2:497) (6:1323892 frames) (7:1470386)
07-05 16:04:44.197   580   580 D SFPerfTracer:        layers: (4:13) (StatusBar#0 (0xac562000): 0:152850) (RoundedOverlay#0 (0xac57e000): 0:1692) (RoundedOverlay#1 (0xac647000): 0:1796) (com.android.systemui.ImageWallpaper#0 (0xac4d2000): 0:3988)* (Sprite#0 (0xac7b3000): 0:105)* (DimLayerController/Stack=0#0 (0xac56c000): 0:3600)* (animation background stackId=1#0 (0xac7c5000): 0:591)* (NavigationBar#0 (0xac799000): 0:819) (animation background stackId=0#0 (0xac7e3000): 0:2)* (com.google.android.packageinstaller/com.android.packageinstaller.InstallSuccess#0 (0xac965000): 0:40)* (Splash Screen com.goldhoffer#0 (0xac56e000): 0:27)- (com.goldhoffer/com.goldhoffer.MainActivity#0 (0xac49d000): 0:5)* (com.goldhoffer/com.goldhoffer.MainActivity#1 (0xac4a9000): 0:3)* 
07-05 16:04:44.554  2887  2951 W ActivityManager: Activity pause timeout for ActivityRecord{7c0e0b1 u0 com.goldhoffer/.MainActivity t9868 f}
07-05 16:04:44.751  2887  5919 W ActivityManager: Background start not allowed: service Intent { act=com.whatsapp.messaging.MessageService.START cmp=com.whatsapp/.messaging.MessageService } to com.whatsapp/.messaging.MessageService from pid=26866 uid=10162 pkg=com.whatsapp
07-05 16:04:44.913  2887  3407 D ConnectivityService: requestNetwork for uid/pid:10162/26866 NetworkRequest [ TRACK_DEFAULT id=7089, [ Capabilities: INTERNET&NOT_RESTRICTED&TRUSTED&NOT_VPN] ]
07-05 16:04:45.031  2887  4309 D ConnectivityService: ConnectivityService NetworkRequestInfo binderDied(NetworkRequest [ TRACK_DEFAULT id=7084, [ Capabilities: INTERNET&NOT_RESTRICTED&TRUSTED&NOT_VPN] ], android.os.BinderProxy@efecb5b)
07-05 16:04:45.032  2887 16853 D ConnectivityService: ConnectivityService NetworkRequestInfo binderDied(NetworkRequest [ TRACK_DEFAULT id=7083, [ Capabilities: INTERNET&NOT_RESTRICTED&TRUSTED&NOT_VPN] ], android.os.BinderProxy@7d47ff8)
07-05 16:04:45.032  2887  5919 D ConnectivityService: ConnectivityService NetworkRequestInfo binderDied(NetworkRequest [ LISTEN id=7082, [ Capabilities: INTERNET&NOT_RESTRICTED&TRUSTED&FOREGROUND] ], android.os.BinderProxy@6483cd1)
07-05 16:04:45.032  2887  3318 D ConnectivityService: releasing NetworkRequest [ TRACK_DEFAULT id=7084, [ Capabilities: INTERNET&NOT_RESTRICTED&TRUSTED&NOT_VPN] ] (CALLBACK_RELEASED)
07-05 16:04:45.034  2887  3318 E ConnectivityService: RemoteException caught trying to send a callback msg for NetworkRequest [ TRACK_DEFAULT id=7084, [ Capabilities: INTERNET&NOT_RESTRICTED&TRUSTED&NOT_VPN] ]
07-05 16:04:45.034  2887  3318 D ConnectivityService: releasing NetworkRequest [ TRACK_DEFAULT id=7083, [ Capabilities: INTERNET&NOT_RESTRICTED&TRUSTED&NOT_VPN] ] (CALLBACK_RELEASED)
07-05 16:04:45.035  2887  3318 E ConnectivityService: RemoteException caught trying to send a callback msg for NetworkRequest [ TRACK_DEFAULT id=7083, [ Capabilities: INTERNET&NOT_RESTRICTED&TRUSTED&NOT_VPN] ]
07-05 16:04:45.036  2887  3318 E ConnectivityService: RemoteException caught trying to send a callback msg for NetworkRequest [ LISTEN id=7082, [ Capabilities: INTERNET&NOT_RESTRICTED&TRUSTED&FOREGROUND] ]
07-05 16:04:45.084  2887 10287 I ActivityManager: Process com.google.android.youtube (pid 26146) has died: cch+6CEM 
07-05 16:04:45.159  2887 10287 D ConnectivityService: ConnectivityService NetworkRequestInfo binderDied(NetworkRequest [ TRACK_DEFAULT id=7087, [ Capabilities: INTERNET&NOT_RESTRICTED&TRUSTED&NOT_VPN] ], android.os.BinderProxy@6cda3a4)
07-05 16:04:45.160  2887  3318 D ConnectivityService: releasing NetworkRequest [ TRACK_DEFAULT id=7087, [ Capabilities: INTERNET&NOT_RESTRICTED&TRUSTED&NOT_VPN] ] (CALLBACK_RELEASED)
07-05 16:04:45.160  2887  7506 D ConnectivityService: ConnectivityService NetworkRequestInfo binderDied(NetworkRequest [ LISTEN id=7086, [ Capabilities: INTERNET&NOT_RESTRICTED&TRUSTED] ], android.os.BinderProxy@242d50d)
07-05 16:04:45.161  2887  3318 E ConnectivityService: RemoteException caught trying to send a callback msg for NetworkRequest [ TRACK_DEFAULT id=7087, [ Capabilities: INTERNET&NOT_RESTRICTED&TRUSTED&NOT_VPN] ]
07-05 16:04:45.161  2887  3318 E ConnectivityService: RemoteException caught trying to send a callback msg for NetworkRequest [ LISTEN id=7086, [ Capabilities: INTERNET&NOT_RESTRICTED&TRUSTED] ]
07-05 16:04:45.166  2887 10052 I ActivityManager: Process com.google.android.apps.chromecast.app (pid 26316) has died: cch+6CEM 
07-05 16:04:45.194  2887  4311 D ConnectivityService: ConnectivityService NetworkRequestInfo binderDied(NetworkRequest [ LISTEN id=6108, [ Capabilities: INTERNET&NOT_RESTRICTED&TRUSTED] ], android.os.BinderProxy@86cdcc2)
07-05 16:04:45.194  2887 18398 D ConnectivityService: ConnectivityService NetworkRequestInfo binderDied(NetworkRequest [ LISTEN id=6109, [ Transports: CELLULAR|WIFI Capabilities: INTERNET&NOT_RESTRICTED&TRUSTED&NOT_VPN] ], android.os.BinderProxy@1a94ad3)
07-05 16:04:45.195  2887  3318 E ConnectivityService: RemoteException caught trying to send a callback msg for NetworkRequest [ LISTEN id=6109, [ Transports: CELLULAR|WIFI Capabilities: INTERNET&NOT_RESTRICTED&TRUSTED&NOT_VPN] ]
07-05 16:04:45.196  2887  3318 E ConnectivityService: RemoteException caught trying to send a callback msg for NetworkRequest [ LISTEN id=6108, [ Capabilities: INTERNET&NOT_RESTRICTED&TRUSTED] ]
07-05 16:04:45.199  2887  3668 I ActivityManager: Process com.zhiliaoapp.musically (pid 19415) has died: cch+6TRNB
07-05 16:04:45.205  2887  3668 W ActivityManager: Scheduling restart of crashed service com.zhiliaoapp.musically/com.bytedance.apm6.traffic.TrafficTransportService in 1000ms
07-05 16:04:45.371  2887  3272 I WindowManager: Failed to capture screenshot of Token{b7bc996 ActivityRecord{7c0e0b1 u0 com.goldhoffer/.MainActivity t9868 f}} appWin=Window{bdcb9e u0 com.goldhoffer/com.goldhoffer.MainActivity} drawState=4
07-05 16:04:45.371  2887  3272 I WindowManager: Failed to capture screenshot of Token{877854d ActivityRecord{5a1ece4 u0 com.google.android.packageinstaller/com.android.packageinstaller.InstallSuccess t9867 f}} appWin=Window{32f138b u0 com.google.android.packageinstaller/com.android.packageinstaller.InstallSuccess} drawState=4
07-05 16:04:45.485  2887  3318 D ConnectivityService: releasing NetworkRequest [ TRACK_DEFAULT id=7089, [ Capabilities: INTERNET&NOT_RESTRICTED&TRUSTED&NOT_VPN] ] (CALLBACK_RELEASED)
07-05 16:04:46.149   580   580 I SFPerfTracer:      triggers: (rate: 1509:253844) (compose: 0:100) (post: 1:751) (render: 2:497) (19:1323997 frames) (20:1470501)
07-05 16:04:46.150   580   580 D SFPerfTracer:        layers: (8:14) (StatusBar#0 (0xac562000): 0:152854) (RoundedOverlay#0 (0xac57e000): 0:1692) (RoundedOverlay#1 (0xac647000): 0:1796) (com.android.systemui.ImageWallpaper#0 (0xac4d2000): 0:3988)* (Sprite#0 (0xac7b3000): 0:105)* (DimLayerController/Stack=0#0 (0xac56c000): 0:3610) (animation background stackId=1#0 (0xac7c5000): 0:592) (NavigationBar#0 (0xac799000): 0:819) (animation background stackId=0#0 (0xac7e3000): 0:2)* (com.google.android.packageinstaller/com.android.packageinstaller.InstallSuccess#0 (0xac965000): 0:40)* (com.goldhoffer/com.goldhoffer.MainActivity#0 (0xac49d000): 2:29)* (com.goldhoffer/com.goldhoffer.MainActivity#1 (0xac4a9000): 19:46)* (Application Error: com.goldhoffer#0 (0xac56e000): 0:14) (com.whatsapp/com.whatsapp.Conversation#0 (0xabdc7000): 20:32) 
07-05 16:04:46.224  2887  2951 I ActivityManager: Start proc 27156:com.zhiliaoapp.musically/u0a215 for service com.zhiliaoapp.musically/com.bytedance.apm6.traffic.TrafficTransportService
07-05 16:04:47.623  2887  3668 I ActivityManager: Killing 26790:android.process.acore/u0a18 (adj 906): empty #17
07-05 16:04:50.190 27156 27156 W ActivityThread: serviceCreate starts in 3889 ms, CreateServiceData = CreateServiceData{token=android.os.BinderProxy@137e42d className=com.bytedance.apm6.traffic.TrafficTransportService packageName=com.zhiliaoapp.musically intent=null}
07-05 16:04:50.204  2887  3587 I ActivityManager: Killing 26465:com.facebook.katana/u0a163 (adj 906): empty #17
07-05 16:04:50.485  2887  2887 I ActivityManager: Start proc 27265:com.google.android.youtube/u0a139 for service com.google.android.youtube/androidx.work.impl.background.systemjob.SystemJobService
07-05 16:04:51.148  2887  3645 I ActivityManager: Start proc 27335:com.android.chrome:webview_service/u0a104 for service com.android.chrome/org.chromium.android_webview.services.VariationsSeedServer
07-05 16:04:51.370  2887  3645 I ActivityManager: Killing 26888:com.google.android.tts/u0a116 (adj 906): empty #17
07-05 16:04:52.242  2887  3587 D ConnectivityService: requestNetwork for uid/pid:10139/27265 NetworkRequest [ TRACK_DEFAULT id=7093, [ Capabilities: INTERNET&NOT_RESTRICTED&TRUSTED&NOT_VPN] ]
07-05 16:04:52.818  2887  3645 D ConnectivityService: requestNetwork for uid/pid:10139/27265 NetworkRequest [ TRACK_DEFAULT id=7094, [ Capabilities: INTERNET&NOT_RESTRICTED&TRUSTED&NOT_VPN] ]
07-05 16:04:53.288   580   580 I SFPerfTracer:      triggers: (rate: 1509:253852) (compose: 0:100) (post: 1:751) (render: 2:497) (0:1324066 frames) (1:1470601)
07-05 16:04:53.288   580   580 D SFPerfTracer:        layers: (7:14) (StatusBar#0 (0xac562000): 1:152892) (RoundedOverlay#0 (0xac57e000): 0:1692) (RoundedOverlay#1 (0xac647000): 0:1796) (com.android.systemui.ImageWallpaper#0 (0xac4d2000): 0:3988)* (Sprite#0 (0xac7b3000): 0:105)* (DimLayerController/Stack=0#0 (0xac56c000): 0:3610) (animation background stackId=1#0 (0xac7c5000): 0:593)* (NavigationBar#0 (0xac799000): 0:819) (animation background stackId=0#0 (0xac7e3000): 0:2)* (com.google.android.packageinstaller/com.android.packageinstaller.InstallSuccess#0 (0xac965000): 0:40)- (com.goldhoffer/com.goldhoffer.MainActivity#0 (0xac49d000): 0:29)* (com.goldhoffer/com.goldhoffer.MainActivity#1 (0xac4a9000): 0:46)* (Application Error: com.goldhoffer#0 (0xac56e000): 0:14) (com.whatsapp/com.whatsapp.Conversation#0 (0xabdc7000): 0:70) 
07-05 16:04:54.331  2887  9723 D ConnectivityService: requestNetwork for uid/pid:10139/27265 NetworkRequest [ TRACK_DEFAULT id=7095, [ Capabilities: INTERNET&NOT_RESTRICTED&TRUSTED&NOT_VPN] ]
07-05 16:04:54.517  2887  9723 I ActivityManager: Killing 26635:com.android.defcontainer/u0a32 (adj 906): empty #17
07-05 16:04:54.649  2887  3318 D ConnectivityService: releasing NetworkRequest [ TRACK_DEFAULT id=7095, [ Capabilities: INTERNET&NOT_RESTRICTED&TRUSTED&NOT_VPN] ] (CALLBACK_RELEASED)
07-05 16:04:55.644 27265 27404 E ActivityThread: Failed to find provider info for com.google.android.apps.wellbeing.api
07-05 16:04:56.162  2887  2951 W ActivityManager: Activity destroy timeout for ActivityRecord{7c0e0b1 u0 com.goldhoffer/.MainActivity t9868 f}
07-05 16:04:56.163  2887  2951 I WindowManager: Keep hide if surface has never drawn Window{7505d14 u0 com.goldhoffer/com.goldhoffer.MainActivity}
07-05 16:04:56.163  2887  2951 I WindowManager: Keep hide if surface has never drawn Window{bdcb9e u0 com.goldhoffer/com.goldhoffer.MainActivity}
07-05 16:04:56.199  2887  2958 I LaunchCheckinHandler: Displayed com.goldhoffer/.MainActivity,cp,ca,17656
07-05 16:04:56.293  2887  3587 I ActivityManager: Start proc 27553:com.android.chrome:privileged_process0/u0a104 for service com.android.chrome/org.chromium.content.app.PrivilegedProcessService0
07-05 16:04:56.366  2887  4311 I ActivityManager: Start proc 27571:com.android.chrome:sandboxed_process16/u0i402 for webview_service com.android.chrome/org.chromium.content.app.SandboxedProcessService16
07-05 16:04:56.412  2887  4311 I ActivityManager: Killing 26757:com.android.keychain/1000 (adj 906): empty #17
07-05 16:04:56.682  2887 18398 I ActivityManager: Killing 27049:com.android.vending:instant_app_installer/u0a73 (adj 906): empty #17
07-05 16:04:57.158  2887  2887 I TelecomService: DefaultDialerCache: Refreshing default dialer for user 0: now com.eyecon.global: DDC.oR@YPo
07-05 16:05:00.907   580   580 I SFPerfTracer:      triggers: (rate: 1509:253861) (compose: 0:100) (post: 1:751) (render: 2:497) (0:1324093 frames) (1:1470701)
07-05 16:05:00.908   580   580 D SFPerfTracer:        layers: (7:13) (StatusBar#0 (0xac562000): 1:152948) (RoundedOverlay#0 (0xac57e000): 0:1692) (RoundedOverlay#1 (0xac647000): 0:1796) (com.android.systemui.ImageWallpaper#0 (0xac4d2000): 0:3988)* (Sprite#0 (0xac7b3000): 0:105)* (DimLayerController/Stack=0#0 (0xac56c000): 0:3610) (animation background stackId=1#0 (0xac7c5000): 0:593)* (NavigationBar#0 (0xac799000): 0:819) (animation background stackId=0#0 (0xac7e3000): 0:2)* (com.goldhoffer/com.goldhoffer.MainActivity#0 (0xac49d000): 0:29)- (com.goldhoffer/com.goldhoffer.MainActivity#1 (0xac4a9000): 0:46)- (Application Error: com.goldhoffer#0 (0xac56e000): 0:14) (com.whatsapp/com.whatsapp.Conversation#0 (0xabdc7000): 0:70) 
07-05 16:05:01.515  2887  3615 W ActivityManager: Background start not allowed: service Intent { cmp=com.zhiliaoapp.musically/com.ss.android.message.NotifyService } to com.zhiliaoapp.musically/com.ss.android.message.NotifyService from pid=27156 uid=10215 pkg=com.zhiliaoapp.musically
07-05 16:05:06.314  2887 13157 I ActivityManager: Killing 25396:com.motorola.invisiblenet/u0a54 (adj 904): empty #17
07-05 16:05:09.529   580   580 I SFPerfTracer:      triggers: (rate: 1509:253865) (compose: 0:100) (post: 1:751) (render: 2:497) (0:1324108 frames) (1:1470801)
07-05 16:05:09.529   580   580 D SFPerfTracer:        layers: (7:11) (StatusBar#0 (0xac562000): 1:153003) (RoundedOverlay#0 (0xac57e000): 0:1692) (RoundedOverlay#1 (0xac647000): 0:1796) (com.android.systemui.ImageWallpaper#0 (0xac4d2000): 0:3988)* (Sprite#0 (0xac7b3000): 0:105)* (DimLayerController/Stack=0#0 (0xac56c000): 0:3610) (animation background stackId=1#0 (0xac7c5000): 0:593)* (NavigationBar#0 (0xac799000): 0:819) (animation background stackId=0#0 (0xac7e3000): 0:2)* (Application Error: com.goldhoffer#0 (0xac56e000): 0:14) (com.whatsapp/com.whatsapp.Conversation#0 (0xabdc7000): 0:70) 
07-05 16:05:12.419  2887 18398 I ActivityManager: Killing 25342:com.motorola.moto/u0a62 (adj 906): empty #17
07-05 16:05:17.429  2887  3616 W ActivityManager: Background start not allowed: service Intent { cmp=com.zhiliaoapp.musically/com.bytedance.common.wschannel.server.WsChannelService } to com.zhiliaoapp.musically/com.bytedance.common.wschannel.server.WsChannelService from pid=27156 uid=10215 pkg=com.zhiliaoapp.musically
07-05 16:05:17.442  2887  3616 W ActivityManager: Background start not allowed: service Intent { cmp=com.zhiliaoapp.musically/com.bytedance.common.wschannel.client.WsClientService } to com.zhiliaoapp.musically/com.bytedance.common.wschannel.client.WsClientService from pid=13386 uid=10215 pkg=com.zhiliaoapp.musically
07-05 16:05:17.867   580   580 I SFPerfTracer:      triggers: (rate: 1509:253873) (compose: 0:100) (post: 1:751) (render: 2:497) (0:1324128 frames) (1:1470901)
07-05 16:05:17.868   580   580 D SFPerfTracer:        layers: (7:11) (StatusBar#0 (0xac562000): 0:153060) (RoundedOverlay#0 (0xac57e000): 0:1692) (RoundedOverlay#1 (0xac647000): 0:1796) (com.android.systemui.ImageWallpaper#0 (0xac4d2000): 0:3988)* (Sprite#0 (0xac7b3000): 0:105)* (DimLayerController/Stack=0#0 (0xac56c000): 0:3610) (animation background stackId=1#0 (0xac7c5000): 0:593)* (NavigationBar#0 (0xac799000): 0:819) (animation background stackId=0#0 (0xac7e3000): 0:2)* (Application Error: com.goldhoffer#0 (0xac56e000): 0:14) (com.whatsapp/com.whatsapp.Conversation#0 (0xabdc7000): 0:70) 
--------- beginning of main
07-05 16:05:27.090 25365 25519 I CarrierServices: [21194] cwc.f: No RCS Configuration was found in Bugle for simID: redacted-pii:sim_id[chars:19]
07-05 16:05:28.723 27156 27189 I zygote  : Deoptimizing com.google.gson.c.c com.google.gson.c.c.LIZ(java.lang.Number) due to JIT inline cache
07-05 16:05:29.122 27100 27100 I Finsky:background: [2] lwv.onDestroy(8): IPC-SERVER: Stopping gRPC host service...
07-05 16:05:29.970  2887  3277 D BatteryService: uevent={POWER_SUPPLY_VOLTAGE_NOW=4392216, POWER_SUPPLY_CHARGE_RATE=Normal, POWER_SUPPLY_HEALTH=Good, POWER_SUPPLY_CURRENT_NOW=-219114, POWER_SUPPLY_PRESENT=1, SUBSYSTEM=power_supply, POWER_SUPPLY_TEMP=412, SEQNUM=1245977, ACTION=change, POWER_SUPPLY_NAME=battery, POWER_SUPPLY_STATUS=Charging, POWER_SUPPLY_CHARGE_COUNTER=2942877, POWER_SUPPLY_CAPACITY=100, DEVPATH=/devices/soc/qpnp-smbcharger-17/power_supply/battery}
07-05 16:05:29.999  2002  2002 E NEW_BHD : Open /sys/class/power_supply/gb_battery
07-05 16:05:33.204   558   633 I ADSPD   : Watchdog 2 new value: 000b2017 Last Exp Value: ffffffff
07-05 16:05:33.206   558   633 I ADSPD   : Watchdog 3 new value: 000b200b Last Exp Value: ffffffff
07-05 16:05:35.238  2265  2419 I ThermalEngine: Monitor:INACTIVE:REPORT-FRONT-TEMP:report=1:FRONT_TEMP=43000
07-05 16:05:35.238  2265  2419 I ThermalEngine: ACTION: REPORT - Sensor 'FRONT_TEMP' - temperature 43000, threshold level 1, is_trigger false
07-05 16:05:35.966  2887  3277 D BatteryService: uevent={POWER_SUPPLY_VOLTAGE_NOW=4392064, POWER_SUPPLY_CHARGE_RATE=Normal, POWER_SUPPLY_HEALTH=Good, POWER_SUPPLY_CURRENT_NOW=-219572, POWER_SUPPLY_PRESENT=1, SUBSYSTEM=power_supply, POWER_SUPPLY_TEMP=410, SEQNUM=1245978, ACTION=change, POWER_SUPPLY_NAME=battery, POWER_SUPPLY_STATUS=Charging, POWER_SUPPLY_CHARGE_COUNTER=2943236, POWER_SUPPLY_CAPACITY=100, DEVPATH=/devices/soc/qpnp-smbcharger-17/power_supply/battery}
07-05 16:05:35.969  2002  2002 E NEW_BHD : Open /sys/class/power_supply/gb_battery
07-05 16:05:36.126  3551  3682 I QCNEJ   : |CORE| CNE received action RSSI/Link Changed events: android.net.wifi.RSSI_CHANGED
07-05 16:05:36.126  3551  3682 D QCNEJ   : |CORE| Updating RSSI: -56
07-05 16:05:36.138 25365 25524 I CarrierServices: [21196] cgf.c: Connected state: [1], networkType: [WIFI]
07-05 16:05:36.148 25365 25519 I CarrierServices: [21194] cwc.f: No RCS Configuration was found in Bugle for simID: redacted-pii:sim_id[chars:19]
07-05 16:05:36.967  2887  3277 D BatteryService: uevent={POWER_SUPPLY_VOLTAGE_NOW=4392064, POWER_SUPPLY_CHARGE_RATE=Normal, POWER_SUPPLY_HEALTH=Good, POWER_SUPPLY_CURRENT_NOW=-218351, POWER_SUPPLY_PRESENT=1, SUBSYSTEM=power_supply, POWER_SUPPLY_TEMP=410, SEQNUM=1245979, ACTION=change, POWER_SUPPLY_NAME=battery, POWER_SUPPLY_STATUS=Charging, POWER_SUPPLY_CHARGE_COUNTER=2943325, POWER_SUPPLY_CAPACITY=100, DEVPATH=/devices/soc/qpnp-smbcharger-17/power_supply/battery}
07-05 16:05:36.970  2002  2002 E NEW_BHD : Open /sys/class/power_supply/gb_battery
07-05 16:05:37.408 13031 13112 I Finsky  : [19001] nxr.a(117): RF::PP-Verify: starting to verify for com.google.android.googlequicksearchbox[iid:458] [isid:3Ku5vOWmQBix3dzS6ooIWg] [tid: 1000000458].
07-05 16:05:37.424 13031 26843 I Finsky  : [19530] kzh.apply(28): IV2::TD: Resource fetch done. com.google.android.googlequicksearchbox[iid:458] [isid:3Ku5vOWmQBix3dzS6ooIWg] [tid: 1000000458]
07-05 16:05:37.428 13031 26843 I Finsky  : [19530] kzn.a(90): IV2::TD: Submit start. com.google.android.googlequicksearchbox[iid:458] [isid:3Ku5vOWmQBix3dzS6ooIWg] [tid: 1000000458]
07-05 16:05:37.443 13031 26843 I Finsky  : [19530] kzg.a(34): IV2: Unexpected onTaskProgress com.google.android.googlequicksearchbox[iid:458] [isid:3Ku5vOWmQBix3dzS6ooIWg] status:5.
07-05 16:05:37.450 13031 26843 I Finsky  : [19530] fhz.accept(26): IV2: onTaskProgress com.google.android.googlequicksearchbox[iid:458] [isid:3Ku5vOWmQBix3dzS6ooIWg] status:6
07-05 16:05:37.458 13031 26803 I Finsky  : [19525] led.J(2): IQ: Notifying installation update. [Package:com.google.android.googlequicksearchbox, isid:3Ku5vOWmQBix3dzS6ooIWg], status=INSTALLING
07-05 16:05:37.566 13031 13031 I Finsky  : [2] ldb.apply(24): IQ::HLD: Ongoing hold off applicable installs: [[Package:com.google.android.googlequicksearchbox, isid:3Ku5vOWmQBix3dzS6ooIWg]]
07-05 16:05:37.970  2887  3277 D BatteryService: uevent={POWER_SUPPLY_VOLTAGE_NOW=4392064, POWER_SUPPLY_CHARGE_RATE=Normal, POWER_SUPPLY_HEALTH=Good, POWER_SUPPLY_CURRENT_NOW=-218351, POWER_SUPPLY_PRESENT=1, SUBSYSTEM=power_supply, POWER_SUPPLY_TEMP=410, SEQNUM=1245980, ACTION=change, POWER_SUPPLY_NAME=battery, POWER_SUPPLY_STATUS=Charging, POWER_SUPPLY_CHARGE_COUNTER=2943325, POWER_SUPPLY_CAPACITY=100, DEVPATH=/devices/soc/qpnp-smbcharger-17/power_supply/battery}
07-05 16:05:37.973  2002  2002 E NEW_BHD : Open /sys/class/power_supply/gb_battery
07-05 16:05:38.873 13031 25225 I Finsky  : [19492] pck.l(2): Session is stale, session is not alive: getNames not allowed after commit
07-05 16:05:38.874 13031 25225 I Finsky  : [19492] rhq.a(129): SM: Session with Context {name=com.google.android.googlequicksearchbox versionCode=301201213} was closed or abandoned in a consumer.
07-05 16:05:38.890  2887  2965 I ActivityManager: Start proc 27813:com.android.defcontainer/u0a32 for service com.android.defcontainer/.DefaultContainerService
07-05 16:05:38.973  2887  3277 D BatteryService: uevent={POWER_SUPPLY_VOLTAGE_NOW=4392064, POWER_SUPPLY_CHARGE_RATE=Normal, POWER_SUPPLY_HEALTH=Good, POWER_SUPPLY_CURRENT_NOW=-219725, POWER_SUPPLY_PRESENT=1, SUBSYSTEM=power_supply, POWER_SUPPLY_TEMP=410, SEQNUM=1245981, ACTION=change, POWER_SUPPLY_NAME=battery, POWER_SUPPLY_STATUS=Charging, POWER_SUPPLY_CHARGE_COUNTER=2943415, POWER_SUPPLY_CAPACITY=100, DEVPATH=/devices/soc/qpnp-smbcharger-17/power_supply/battery}
07-05 16:05:38.975  2002  2002 E NEW_BHD : Open /sys/class/power_supply/gb_battery
07-05 16:05:39.140 13031 13031 I Finsky  : [2] ydg.c(9): VerifyApps:, Install-time verification requested for package com.google.android.googlequicksearchbox, id = 68
07-05 16:05:39.149 13031 13031 I Finsky  : [2] PackageVerificationService.g(9): VerifyApps: Starting package verification with legacy task
07-05 16:05:39.177 13031 24319 I Finsky  : [19442] VerifyAppsInstallTask.afm(7): VerifyApps: Skipping verification because own installation
07-05 16:05:39.177 13031 24319 I Finsky  : [19442] VerifyAppsInstallTask.afm(135): VerifyApps: Skipping anti malware verification (preconditions not met). package=com.google.android.googlequicksearchbox
07-05 16:05:39.181 13031 24319 I Finsky  : [19442] VerifyPerSourceInstallationConsentInstallTask.afm(2): PSIC verification started with installer uid: 10073 package name: com.android.vending, originating uid: -1
07-05 16:05:39.187 13031 24319 I Finsky  : [19442] VerifyPerSourceInstallationConsentInstallTask.afm(9): Skipping logging for attempted installation. This is a Play Store installation.
07-05 16:05:39.188 13031 13031 I Finsky  : [2] VerifyInstallTask.j(2): VerifyApps: Returning package verification result id=68, result=ALLOW
07-05 16:05:39.191 13031 13031 I Finsky  : [2] VerifyInstallTask.afl(7): VerifyApps: Verification complete: id=68, package_name=com.google.android.googlequicksearchbox
07-05 16:05:39.249  2887  2965 W PackageParser: Unknown element under <manifest>: attribution at /data/app/vmdl1574080571.tmp/base.apk Binary XML file line #490
07-05 16:05:39.250  2887  2965 W PackageParser: Unknown element under <manifest>: attribution at /data/app/vmdl1574080571.tmp/base.apk Binary XML file line #497
07-05 16:05:39.250  2887  2965 W PackageParser: Unknown element under <manifest>: attribution at /data/app/vmdl1574080571.tmp/base.apk Binary XML file line #508
07-05 16:05:39.250  2887  2965 W PackageParser: Unknown element under <manifest>: attribution at /data/app/vmdl1574080571.tmp/base.apk Binary XML file line #511
07-05 16:05:39.250  2887  2965 W PackageParser: Unknown element under <manifest>: attribution at /data/app/vmdl1574080571.tmp/base.apk Binary XML file line #514
07-05 16:05:39.250  2887  2965 W PackageParser: Unknown element under <manifest>: attribution at /data/app/vmdl1574080571.tmp/base.apk Binary XML file line #517
