07-05 16:05:39.250  2887  2965 W PackageParser: Unknown element under <manifest>: attribution at /data/app/vmdl1574080571.tmp/base.apk Binary XML file line #520
07-05 16:05:39.250  2887  2965 W PackageParser: Unknown element under <manifest>: attribution at /data/app/vmdl1574080571.tmp/base.apk Binary XML file line #523
07-05 16:05:39.250  2887  2965 W PackageParser: Unknown element under <manifest>: attribution at /data/app/vmdl1574080571.tmp/base.apk Binary XML file line #526
07-05 16:05:39.250  2887  2965 W PackageParser: Unknown element under <manifest>: attribution at /data/app/vmdl1574080571.tmp/base.apk Binary XML file line #529
07-05 16:05:39.250  2887  2965 W PackageParser: Unknown element under <manifest>: attribution at /data/app/vmdl1574080571.tmp/base.apk Binary XML file line #532
07-05 16:05:39.250  2887  2965 W PackageParser: Unknown element under <manifest>: attribution at /data/app/vmdl1574080571.tmp/base.apk Binary XML file line #535
07-05 16:05:39.250  2887  2965 W PackageParser: Unknown element under <manifest>: attribution at /data/app/vmdl1574080571.tmp/base.apk Binary XML file line #538
07-05 16:05:39.250  2887  2965 W PackageParser: Unknown element under <manifest>: attribution at /data/app/vmdl1574080571.tmp/base.apk Binary XML file line #541
07-05 16:05:39.250  2887  2965 W PackageParser: Unknown element under <manifest>: attribution at /data/app/vmdl1574080571.tmp/base.apk Binary XML file line #544
07-05 16:05:39.250  2887  2965 W PackageParser: Unknown element under <manifest>: attribution at /data/app/vmdl1574080571.tmp/base.apk Binary XML file line #547
07-05 16:05:39.250  2887  2965 W PackageParser: Unknown element under <manifest>: attribution at /data/app/vmdl1574080571.tmp/base.apk Binary XML file line #550
07-05 16:05:39.250  2887  2965 W PackageParser: Unknown element under <manifest>: attribution at /data/app/vmdl1574080571.tmp/base.apk Binary XML file line #553
07-05 16:05:39.250  2887  2965 W PackageParser: Unknown element under <manifest>: attribution at /data/app/vmdl1574080571.tmp/base.apk Binary XML file line #556
07-05 16:05:39.250  2887  2965 W PackageParser: Unknown element under <manifest>: attribution at /data/app/vmdl1574080571.tmp/base.apk Binary XML file line #559
07-05 16:05:39.250  2887  2965 W PackageParser: Unknown element under <manifest>: attribution at /data/app/vmdl1574080571.tmp/base.apk Binary XML file line #562
07-05 16:05:39.250  2887  2965 W PackageParser: Unknown element under <manifest>: attribution at /data/app/vmdl1574080571.tmp/base.apk Binary XML file line #565
07-05 16:05:39.250  2887  2965 W PackageParser: Unknown element under <manifest>: attribution at /data/app/vmdl1574080571.tmp/base.apk Binary XML file line #568
07-05 16:05:39.250  2887  2965 W PackageParser: Unknown element under <manifest>: attribution at /data/app/vmdl1574080571.tmp/base.apk Binary XML file line #571
07-05 16:05:39.250  2887  2965 W PackageParser: Unknown element under <manifest>: attribution at /data/app/vmdl1574080571.tmp/base.apk Binary XML file line #574
07-05 16:05:39.250  2887  2965 W PackageParser: Unknown element under <manifest>: attribution at /data/app/vmdl1574080571.tmp/base.apk Binary XML file line #577
07-05 16:05:39.250  2887  2965 W PackageParser: Unknown element under <manifest>: attribution at /data/app/vmdl1574080571.tmp/base.apk Binary XML file line #580
07-05 16:05:39.250  2887  2965 W PackageParser: Unknown element under <manifest>: attribution at /data/app/vmdl1574080571.tmp/base.apk Binary XML file line #583
07-05 16:05:39.250  2887  2965 W PackageParser: Unknown element under <manifest>: attribution at /data/app/vmdl1574080571.tmp/base.apk Binary XML file line #586
07-05 16:05:39.250  2887  2965 W PackageParser: Unknown element under <manifest>: attribution at /data/app/vmdl1574080571.tmp/base.apk Binary XML file line #589
07-05 16:05:39.250  2887  2965 W PackageParser: Unknown element under <manifest>: attribution at /data/app/vmdl1574080571.tmp/base.apk Binary XML file line #592
07-05 16:05:39.250  2887  2965 W PackageParser: Unknown element under <manifest>: attribution at /data/app/vmdl1574080571.tmp/base.apk Binary XML file line #595
07-05 16:05:39.250  2887  2965 W PackageParser: Unknown element under <manifest>: attribution at /data/app/vmdl1574080571.tmp/base.apk Binary XML file line #598
07-05 16:05:39.250  2887  2965 W PackageParser: Unknown element under <manifest>: attribution at /data/app/vmdl1574080571.tmp/base.apk Binary XML file line #601
07-05 16:05:39.250  2887  2965 W PackageParser: Unknown element under <manifest>: attribution at /data/app/vmdl1574080571.tmp/base.apk Binary XML file line #604
07-05 16:05:39.251  2887  2965 W PackageParser: Unknown element under <manifest>: attribution at /data/app/vmdl1574080571.tmp/base.apk Binary XML file line #607
07-05 16:05:39.251  2887  2965 W PackageParser: Unknown element under <manifest>: attribution at /data/app/vmdl1574080571.tmp/base.apk Binary XML file line #610
07-05 16:05:39.251  2887  2965 W PackageParser: Unknown element under <manifest>: attribution at /data/app/vmdl1574080571.tmp/base.apk Binary XML file line #613
07-05 16:05:39.251  2887  2965 W PackageParser: Unknown element under <manifest>: attribution at /data/app/vmdl1574080571.tmp/base.apk Binary XML file line #616
07-05 16:05:39.251  2887  2965 W PackageParser: Unknown element under <manifest>: attribution at /data/app/vmdl1574080571.tmp/base.apk Binary XML file line #619
07-05 16:05:39.251  2887  2965 W PackageParser: Unknown element under <manifest>: attribution at /data/app/vmdl1574080571.tmp/base.apk Binary XML file line #622
07-05 16:05:39.251  2887  2965 W PackageParser: Unknown element under <manifest>: attribution at /data/app/vmdl1574080571.tmp/base.apk Binary XML file line #625
07-05 16:05:39.251  2887  2965 W PackageParser: Unknown element under <manifest>: attribution at /data/app/vmdl1574080571.tmp/base.apk Binary XML file line #628
07-05 16:05:39.251  2887  2965 W PackageParser: Unknown element under <manifest>: attribution at /data/app/vmdl1574080571.tmp/base.apk Binary XML file line #631
07-05 16:05:39.251  2887  2965 W PackageParser: Unknown element under <manifest>: attribution at /data/app/vmdl1574080571.tmp/base.apk Binary XML file line #634
07-05 16:05:39.251  2887  2965 W PackageParser: Unknown element under <manifest>: attribution at /data/app/vmdl1574080571.tmp/base.apk Binary XML file line #637
07-05 16:05:39.251  2887  2965 W PackageParser: Unknown element under <manifest>: attribution at /data/app/vmdl1574080571.tmp/base.apk Binary XML file line #640
07-05 16:05:39.251  2887  2965 W PackageParser: Unknown element under <manifest>: attribution at /data/app/vmdl1574080571.tmp/base.apk Binary XML file line #643
07-05 16:05:39.251  2887  2965 W PackageParser: Unknown element under <manifest>: attribution at /data/app/vmdl1574080571.tmp/base.apk Binary XML file line #646
07-05 16:05:39.251  2887  2965 W PackageParser: Unknown element under <manifest>: attribution at /data/app/vmdl1574080571.tmp/base.apk Binary XML file line #649
07-05 16:05:39.251  2887  2965 W PackageParser: Unknown element under <manifest>: attribution at /data/app/vmdl1574080571.tmp/base.apk Binary XML file line #652
07-05 16:05:39.251  2887  2965 W PackageParser: Unknown element under <manifest>: attribution at /data/app/vmdl1574080571.tmp/base.apk Binary XML file line #655
07-05 16:05:39.251  2887  2965 W PackageParser: Unknown element under <manifest>: attribution at /data/app/vmdl1574080571.tmp/base.apk Binary XML file line #658
07-05 16:05:39.251  2887  2965 W PackageParser: Unknown element under <manifest>: attribution at /data/app/vmdl1574080571.tmp/base.apk Binary XML file line #661
07-05 16:05:39.251  2887  2965 W PackageParser: Unknown element under <manifest>: attribution at /data/app/vmdl1574080571.tmp/base.apk Binary XML file line #664
07-05 16:05:39.251  2887  2965 W PackageParser: Unknown element under <manifest>: attribution at /data/app/vmdl1574080571.tmp/base.apk Binary XML file line #667
07-05 16:05:39.251  2887  2965 W PackageParser: Unknown element under <manifest>: attribution at /data/app/vmdl1574080571.tmp/base.apk Binary XML file line #670
07-05 16:05:39.251  2887  2965 W PackageParser: Unknown element under <manifest>: attribution at /data/app/vmdl1574080571.tmp/base.apk Binary XML file line #673
07-05 16:05:39.252  2887  2965 W PackageParser: Unknown element under <manifest>: attribution at /data/app/vmdl1574080571.tmp/base.apk Binary XML file line #676
07-05 16:05:39.252  2887  2965 W PackageParser: Unknown element under <manifest>: attribution at /data/app/vmdl1574080571.tmp/base.apk Binary XML file line #679
07-05 16:05:39.252  2887  2965 W PackageParser: Unknown element under <manifest>: attribution at /data/app/vmdl1574080571.tmp/base.apk Binary XML file line #682
07-05 16:05:39.252  2887  2965 W PackageParser: Unknown element under <manifest>: attribution at /data/app/vmdl1574080571.tmp/base.apk Binary XML file line #685
07-05 16:05:39.252  2887  2965 W PackageParser: Unknown element under <manifest>: attribution at /data/app/vmdl1574080571.tmp/base.apk Binary XML file line #688
07-05 16:05:39.252  2887  2965 W PackageParser: Unknown element under <manifest>: attribution at /data/app/vmdl1574080571.tmp/base.apk Binary XML file line #691
07-05 16:05:39.252  2887  2965 W PackageParser: Unknown element under <manifest>: attribution at /data/app/vmdl1574080571.tmp/base.apk Binary XML file line #694
07-05 16:05:39.252  2887  2965 W PackageParser: Unknown element under <manifest>: attribution at /data/app/vmdl1574080571.tmp/base.apk Binary XML file line #697
07-05 16:05:39.252  2887  2965 W PackageParser: Unknown element under <manifest>: attribution at /data/app/vmdl1574080571.tmp/base.apk Binary XML file line #700
07-05 16:05:39.252  2887  2965 W PackageParser: Unknown element under <manifest>: attribution at /data/app/vmdl1574080571.tmp/base.apk Binary XML file line #703
07-05 16:05:39.252  2887  2965 W PackageParser: Unknown element under <manifest>: attribution at /data/app/vmdl1574080571.tmp/base.apk Binary XML file line #706
07-05 16:05:39.252  2887  2965 W PackageParser: Unknown element under <manifest>: attribution at /data/app/vmdl1574080571.tmp/base.apk Binary XML file line #709
07-05 16:05:39.252  2887  2965 W PackageParser: Unknown element under <manifest>: attribution at /data/app/vmdl1574080571.tmp/base.apk Binary XML file line #712
07-05 16:05:39.252  2887  2965 W PackageParser: Unknown element under <manifest>: attribution at /data/app/vmdl1574080571.tmp/base.apk Binary XML file line #715
07-05 16:05:39.252  2887  2965 W PackageParser: Unknown element under <manifest>: attribution at /data/app/vmdl1574080571.tmp/base.apk Binary XML file line #718
07-05 16:05:39.252  2887  2965 W PackageParser: Unknown element under <manifest>: attribution at /data/app/vmdl1574080571.tmp/base.apk Binary XML file line #721
07-05 16:05:39.252  2887  2965 W PackageParser: Unknown element under <manifest>: attribution at /data/app/vmdl1574080571.tmp/base.apk Binary XML file line #724
07-05 16:05:39.252  2887  2965 W PackageParser: Unknown element under <manifest>: attribution at /data/app/vmdl1574080571.tmp/base.apk Binary XML file line #727
07-05 16:05:39.252  2887  2965 W PackageParser: Unknown element under <manifest>: attribution at /data/app/vmdl1574080571.tmp/base.apk Binary XML file line #730
07-05 16:05:39.252  2887  2965 W PackageParser: Unknown element under <manifest>: attribution at /data/app/vmdl1574080571.tmp/base.apk Binary XML file line #733
07-05 16:05:39.252  2887  2965 W PackageParser: Unknown element under <manifest>: attribution at /data/app/vmdl1574080571.tmp/base.apk Binary XML file line #736
07-05 16:05:39.252  2887  2965 W PackageParser: Unknown element under <manifest>: attribution at /data/app/vmdl1574080571.tmp/base.apk Binary XML file line #739
07-05 16:05:39.252  2887  2965 W PackageParser: Unknown element under <manifest>: attribution at /data/app/vmdl1574080571.tmp/base.apk Binary XML file line #742
07-05 16:05:39.252  2887  2965 W PackageParser: Unknown element under <manifest>: attribution at /data/app/vmdl1574080571.tmp/base.apk Binary XML file line #745
07-05 16:05:39.252  2887  2965 W PackageParser: Unknown element under <manifest>: attribution at /data/app/vmdl1574080571.tmp/base.apk Binary XML file line #748
07-05 16:05:39.252  2887  2965 W PackageParser: Unknown element under <manifest>: attribution at /data/app/vmdl1574080571.tmp/base.apk Binary XML file line #751
07-05 16:05:39.252  2887  2965 W PackageParser: Unknown element under <manifest>: attribution at /data/app/vmdl1574080571.tmp/base.apk Binary XML file line #754
07-05 16:05:39.252  2887  2965 W PackageParser: Unknown element under <manifest>: attribution at /data/app/vmdl1574080571.tmp/base.apk Binary XML file line #757
07-05 16:05:39.252  2887  2965 W PackageParser: Unknown element under <manifest>: attribution at /data/app/vmdl1574080571.tmp/base.apk Binary XML file line #760
07-05 16:05:39.252  2887  2965 W PackageParser: Unknown element under <manifest>: attribution at /data/app/vmdl1574080571.tmp/base.apk Binary XML file line #763
07-05 16:05:39.252  2887  2965 W PackageParser: Unknown element under <manifest>: attribution at /data/app/vmdl1574080571.tmp/base.apk Binary XML file line #766
07-05 16:05:39.267  2887  2965 W PackageParser: No actions in intent filter at /data/app/vmdl1574080571.tmp/base.apk Binary XML file line #2291
07-05 16:05:39.308  2887  2965 W PackageParser: Unknown element under <manifest>: uses-sdk at /data/app/vmdl1574080571.tmp/split_lens_ondevice_engine_feature_module.apk Binary XML file line #8
07-05 16:05:39.308  2887  2965 W PackageParser: Unknown element under <manifest>: module at /data/app/vmdl1574080571.tmp/split_lens_ondevice_engine_feature_module.apk Binary XML file line #10
07-05 16:05:39.310  2887  2965 W PackageManager: Package com.google.android.googlequicksearchbox attempting to redeclare system permission com.android.launcher.permission.INSTALL_SHORTCUT; ignoring new declaration
07-05 16:05:39.345  2887  2965 I PackageManager.DexOptimizer: Running dexopt (dexoptNeeded=1) on: /data/app/vmdl1574080571.tmp/base.apk pkg=com.google.android.googlequicksearchbox isa=arm dexoptFlags=boot_complete,public target-filter=quicken oatDir=/data/app/vmdl1574080571.tmp/oat sharedLibraries=null
07-05 16:05:39.457 27830 27830 I dex2oat : /system/bin/dex2oat --input-vdex-fd=-1 --output-vdex-fd=11 --compiler-filter=quicken -j6 --classpath-dir=/data/app/vmdl1574080571.tmp
07-05 16:05:39.648 27156 27161 I zygote  : Do partial code cache collection, code=451KB, data=309KB
07-05 16:05:39.651 27156 27161 I zygote  : After code cache collection, code=450KB, data=308KB
07-05 16:05:39.651 27156 27161 I zygote  : Increasing code cache capacity to 2MB
07-05 16:05:39.978  2887  3277 D BatteryService: uevent={POWER_SUPPLY_VOLTAGE_NOW=4392064, POWER_SUPPLY_CHARGE_RATE=Normal, POWER_SUPPLY_HEALTH=Good, POWER_SUPPLY_CURRENT_NOW=-219114, POWER_SUPPLY_PRESENT=1, SUBSYSTEM=power_supply, POWER_SUPPLY_TEMP=410, SEQNUM=1245982, ACTION=change, POWER_SUPPLY_NAME=battery, POWER_SUPPLY_STATUS=Charging, POWER_SUPPLY_CHARGE_COUNTER=2943505, POWER_SUPPLY_CAPACITY=100, DEVPATH=/devices/soc/qpnp-smbcharger-17/power_supply/battery}
07-05 16:05:39.980  2002  2002 E NEW_BHD : Open /sys/class/power_supply/gb_battery
07-05 16:05:40.981  2887  3277 D BatteryService: uevent={POWER_SUPPLY_VOLTAGE_NOW=4392064, POWER_SUPPLY_CHARGE_RATE=Normal, POWER_SUPPLY_HEALTH=Good, POWER_SUPPLY_CURRENT_NOW=-219114, POWER_SUPPLY_PRESENT=1, SUBSYSTEM=power_supply, POWER_SUPPLY_TEMP=410, SEQNUM=1245983, ACTION=change, POWER_SUPPLY_NAME=battery, POWER_SUPPLY_STATUS=Charging, POWER_SUPPLY_CHARGE_COUNTER=2943505, POWER_SUPPLY_CAPACITY=100, DEVPATH=/devices/soc/qpnp-smbcharger-17/power_supply/battery}
07-05 16:05:41.379  2002  2002 I chatty  : uid=9001(mot_pwric) /vendor/bin/batt_health identical 1 line
07-05 16:05:41.987  2887  3277 D BatteryService: uevent={POWER_SUPPLY_VOLTAGE_NOW=4383366, POWER_SUPPLY_CHARGE_RATE=Normal, POWER_SUPPLY_HEALTH=Good, POWER_SUPPLY_CURRENT_NOW=-158690, POWER_SUPPLY_PRESENT=1, SUBSYSTEM=power_supply, POWER_SUPPLY_TEMP=410, SEQNUM=1245984, ACTION=change, POWER_SUPPLY_NAME=battery, POWER_SUPPLY_STATUS=Charging, POWER_SUPPLY_CHARGE_COUNTER=2943570, POWER_SUPPLY_CAPACITY=100, DEVPATH=/devices/soc/qpnp-smbcharger-17/power_supply/battery}
07-05 16:05:41.990  2002  2002 E NEW_BHD : Open /sys/class/power_supply/gb_battery
07-05 16:05:42.355 27100 27125 I Finsky:background: [21265] gnr.run(36): Stats for Executor: bgExecutor ivb@521daa6[Running, pool size = 1, active threads = 0, queued tasks = 0, completed tasks = 1]
07-05 16:05:42.755 27100 27125 I Finsky:background: [21265] gnr.run(36): Stats for Executor: BlockingExecutor ivb@26cdce7[Running, pool size = 0, active threads = 0, queued tasks = 0, completed tasks = 0]
07-05 16:05:42.827 27100 27125 I Finsky:background: [21265] gnr.run(36): Stats for Executor: LightweightExecutor ivb@552a094[Running, pool size = 0, active threads = 0, queued tasks = 0, completed tasks = 0]
07-05 16:05:42.991  2887  3277 D BatteryService: uevent={POWER_SUPPLY_VOLTAGE_NOW=4392369, POWER_SUPPLY_CHARGE_RATE=Normal, POWER_SUPPLY_HEALTH=Good, POWER_SUPPLY_CURRENT_NOW=-217589, POWER_SUPPLY_PRESENT=1, SUBSYSTEM=power_supply, POWER_SUPPLY_TEMP=410, SEQNUM=1245985, ACTION=change, POWER_SUPPLY_NAME=battery, POWER_SUPPLY_STATUS=Charging, POWER_SUPPLY_CHARGE_COUNTER=2943659, POWER_SUPPLY_CAPACITY=100, DEVPATH=/devices/soc/qpnp-smbcharger-17/power_supply/battery}
07-05 16:05:42.994  2002  2002 E NEW_BHD : Open /sys/class/power_supply/gb_battery
07-05 16:05:43.996  2887  3277 D BatteryService: uevent={POWER_SUPPLY_VOLTAGE_NOW=4392369, POWER_SUPPLY_CHARGE_RATE=Normal, POWER_SUPPLY_HEALTH=Good, POWER_SUPPLY_CURRENT_NOW=-217589, POWER_SUPPLY_PRESENT=1, SUBSYSTEM=power_supply, POWER_SUPPLY_TEMP=410, SEQNUM=1245986, ACTION=change, POWER_SUPPLY_NAME=battery, POWER_SUPPLY_STATUS=Charging, POWER_SUPPLY_CHARGE_COUNTER=2943659, POWER_SUPPLY_CAPACITY=100, DEVPATH=/devices/soc/qpnp-smbcharger-17/power_supply/battery}
07-05 16:05:43.999  2002  2002 E NEW_BHD : Open /sys/class/power_supply/gb_battery
07-05 16:05:44.750  5132 27000 I chatty  : uid=10041(u0_a41) lowpool[32] expire 11 lines
07-05 16:05:44.998  2887  3277 D BatteryService: uevent={POWER_SUPPLY_VOLTAGE_NOW=4392064, POWER_SUPPLY_CHARGE_RATE=Normal, POWER_SUPPLY_HEALTH=Good, POWER_SUPPLY_CURRENT_NOW=-218504, POWER_SUPPLY_PRESENT=1, SUBSYSTEM=power_supply, POWER_SUPPLY_TEMP=410, SEQNUM=1245987, ACTION=change, POWER_SUPPLY_NAME=battery, POWER_SUPPLY_STATUS=Charging, POWER_SUPPLY_CHARGE_COUNTER=2943748, POWER_SUPPLY_CAPACITY=100, DEVPATH=/devices/soc/qpnp-smbcharger-17/power_supply/battery}
07-05 16:05:45.000  2002  2002 E NEW_BHD : Open /sys/class/power_supply/gb_battery
07-05 16:05:45.173  3551  3682 I QCNEJ   : |CORE| CNE received action RSSI/Link Changed events: android.net.wifi.RSSI_CHANGED
07-05 16:05:45.173  3551  3682 D QCNEJ   : |CORE| Updating RSSI: -55
07-05 16:05:45.181 25365 25524 I CarrierServices: [21196] cgf.c: Connected state: [1], networkType: [WIFI]
07-05 16:05:45.210 25365 25519 I CarrierServices: [21194] cwc.f: No RCS Configuration was found in Bugle for simID: redacted-pii:sim_id[chars:19]
07-05 16:05:45.408   541  1285 D NativeSensors: CapSensor:  mPendingEvent.distance=1.000000
07-05 16:05:46.005  2887  3277 D BatteryService: uevent={POWER_SUPPLY_VOLTAGE_NOW=4392369, POWER_SUPPLY_CHARGE_RATE=Normal, POWER_SUPPLY_HEALTH=Good, POWER_SUPPLY_CURRENT_NOW=-218962, POWER_SUPPLY_PRESENT=1, SUBSYSTEM=power_supply, POWER_SUPPLY_TEMP=410, SEQNUM=1245988, ACTION=change, POWER_SUPPLY_NAME=battery, POWER_SUPPLY_STATUS=Charging, POWER_SUPPLY_CHARGE_COUNTER=2943837, POWER_SUPPLY_CAPACITY=100, DEVPATH=/devices/soc/qpnp-smbcharger-17/power_supply/battery}
07-05 16:05:46.007  2002  2002 E NEW_BHD : Open /sys/class/power_supply/gb_battery
07-05 16:05:47.006  2887  3277 D BatteryService: uevent={POWER_SUPPLY_VOLTAGE_NOW=4392369, POWER_SUPPLY_CHARGE_RATE=Normal, POWER_SUPPLY_HEALTH=Good, POWER_SUPPLY_CURRENT_NOW=-219572, POWER_SUPPLY_PRESENT=1, SUBSYSTEM=power_supply, POWER_SUPPLY_TEMP=410, SEQNUM=1245989, ACTION=change, POWER_SUPPLY_NAME=battery, POWER_SUPPLY_STATUS=Charging, POWER_SUPPLY_CHARGE_COUNTER=2943927, POWER_SUPPLY_CAPACITY=100, DEVPATH=/devices/soc/qpnp-smbcharger-17/power_supply/battery}
07-05 16:05:47.009  2002  2002 E NEW_BHD : Open /sys/class/power_supply/gb_battery
07-05 16:05:47.195   541  1285 D NativeSensors: CapSensor:  mPendingEvent.distance=0.000000
07-05 16:05:48.011  2887  3277 D BatteryService: uevent={POWER_SUPPLY_VOLTAGE_NOW=4392369, POWER_SUPPLY_CHARGE_RATE=Normal, POWER_SUPPLY_HEALTH=Good, POWER_SUPPLY_CURRENT_NOW=-219572, POWER_SUPPLY_PRESENT=1, SUBSYSTEM=power_supply, POWER_SUPPLY_TEMP=410, SEQNUM=1245990, ACTION=change, POWER_SUPPLY_NAME=battery, POWER_SUPPLY_STATUS=Charging, POWER_SUPPLY_CHARGE_COUNTER=2943927, POWER_SUPPLY_CAPACITY=100, DEVPATH=/devices/soc/qpnp-smbcharger-17/power_supply/battery}
07-05 16:05:48.013  2002  2002 E NEW_BHD : Open /sys/class/power_supply/gb_battery
07-05 16:05:48.182  3551  3682 I QCNEJ   : |CORE| CNE received action RSSI/Link Changed events: android.net.wifi.RSSI_CHANGED
07-05 16:05:48.182  3551  3682 D QCNEJ   : |CORE| Updating RSSI: -56
07-05 16:05:48.191 25365 25524 I CarrierServices: [21196] cgf.c: Connected state: [1], networkType: [WIFI]
07-05 16:05:48.198 25365 25519 I CarrierServices: [21194] cwc.f: No RCS Configuration was found in Bugle for simID: redacted-pii:sim_id[chars:19]
07-05 16:05:49.016  2887  3277 D BatteryService: uevent={POWER_SUPPLY_VOLTAGE_NOW=4392369, POWER_SUPPLY_CHARGE_RATE=Normal, POWER_SUPPLY_HEALTH=Good, POWER_SUPPLY_CURRENT_NOW=-218962, POWER_SUPPLY_PRESENT=1, SUBSYSTEM=power_supply, POWER_SUPPLY_TEMP=410, SEQNUM=1245991, ACTION=change, POWER_SUPPLY_NAME=battery, POWER_SUPPLY_STATUS=Charging, POWER_SUPPLY_CHARGE_COUNTER=2944017, POWER_SUPPLY_CAPACITY=100, DEVPATH=/devices/soc/qpnp-smbcharger-17/power_supply/battery}
07-05 16:05:49.018  2002  2002 E NEW_BHD : Open /sys/class/power_supply/gb_battery
07-05 16:05:50.021  2887  3277 D BatteryService: uevent={POWER_SUPPLY_VOLTAGE_NOW=4392369, POWER_SUPPLY_CHARGE_RATE=Normal, POWER_SUPPLY_HEALTH=Good, POWER_SUPPLY_CURRENT_NOW=-216520, POWER_SUPPLY_PRESENT=1, SUBSYSTEM=power_supply, POWER_SUPPLY_TEMP=410, SEQNUM=1245992, ACTION=change, POWER_SUPPLY_NAME=battery, POWER_SUPPLY_STATUS=Charging, POWER_SUPPLY_CHARGE_COUNTER=2944105, POWER_SUPPLY_CAPACITY=100, DEVPATH=/devices/soc/qpnp-smbcharger-17/power_supply/battery}
07-05 16:05:50.023  2002  2002 E NEW_BHD : Open /sys/class/power_supply/gb_battery
07-05 16:05:50.795   541  1014 W qti_sensors_hal: processReportInd: lux: 1, ch0: 571, ch1: 244
07-05 16:05:51.024  2887  3277 D BatteryService: uevent={POWER_SUPPLY_VOLTAGE_NOW=4392369, POWER_SUPPLY_CHARGE_RATE=Normal, POWER_SUPPLY_HEALTH=Good, POWER_SUPPLY_CURRENT_NOW=-216520, POWER_SUPPLY_PRESENT=1, SUBSYSTEM=power_supply, POWER_SUPPLY_TEMP=412, SEQNUM=1245993, ACTION=change, POWER_SUPPLY_NAME=battery, POWER_SUPPLY_STATUS=Charging, POWER_SUPPLY_CHARGE_COUNTER=2944105, POWER_SUPPLY_CAPACITY=100, DEVPATH=/devices/soc/qpnp-smbcharger-17/power_supply/battery}
07-05 16:05:51.026  2002  2002 E NEW_BHD : Open /sys/class/power_supply/gb_battery
07-05 16:05:51.036   541  1279 W qti_sensors_hal: reportSingleEvent: NearBy 1, pData 969,  highThd 940
07-05 16:05:51.038  2238  3330 V MotSpeakerHelperProximity: updated mCurProximityState: NEAR (0.000000)
07-05 16:05:51.038  2238  3330 V MotSpeakerHelperProximity: ThreadLoop event mProximityState = NEAR, previous FAR
07-05 16:05:51.948   541  1285 D NativeSensors: CapSensor:  mPendingEvent.distance=1.000000
07-05 16:05:51.996   541  1279 W qti_sensors_hal: reportSingleEvent: NearBy 0, pData 416,  highThd 940
07-05 16:05:51.997  2238  3330 V MotSpeakerHelperProximity: updated mCurProximityState: FAR (5.000000)
07-05 16:05:51.997  2238  3330 V MotSpeakerHelperProximity: ThreadLoop event mProximityState = FAR, previous NEAR
07-05 16:05:52.028  2887  3277 D BatteryService: uevent={POWER_SUPPLY_VOLTAGE_NOW=4392369, POWER_SUPPLY_CHARGE_RATE=Normal, POWER_SUPPLY_HEALTH=Good, POWER_SUPPLY_CURRENT_NOW=-215910, POWER_SUPPLY_PRESENT=1, SUBSYSTEM=power_supply, POWER_SUPPLY_TEMP=412, SEQNUM=1245994, ACTION=change, POWER_SUPPLY_NAME=battery, POWER_SUPPLY_STATUS=Charging, POWER_SUPPLY_CHARGE_COUNTER=2944194, POWER_SUPPLY_CAPACITY=100, DEVPATH=/devices/soc/qpnp-smbcharger-17/power_supply/battery}
07-05 16:05:52.029  2002  2002 E NEW_BHD : Open /sys/class/power_supply/gb_battery
07-05 16:05:52.030   541  1014 W qti_sensors_hal: processReportInd: lux: 8, ch0: 1011, ch1: 593
07-05 16:05:52.544   541  1285 D NativeSensors: CapSensor:  mPendingEvent.distance=0.000000
07-05 16:05:53.033  2887  3277 D BatteryService: uevent={POWER_SUPPLY_VOLTAGE_NOW=4392369, POWER_SUPPLY_CHARGE_RATE=Normal, POWER_SUPPLY_HEALTH=Good, POWER_SUPPLY_CURRENT_NOW=-216978, POWER_SUPPLY_PRESENT=1, SUBSYSTEM=power_supply, POWER_SUPPLY_TEMP=412, SEQNUM=1245995, ACTION=change, POWER_SUPPLY_NAME=battery, POWER_SUPPLY_STATUS=Charging, POWER_SUPPLY_CHARGE_COUNTER=2944282, POWER_SUPPLY_CAPACITY=100, DEVPATH=/devices/soc/qpnp-smbcharger-17/power_supply/battery}
07-05 16:05:53.035  2002  2002 E NEW_BHD : Open /sys/class/power_supply/gb_battery
07-05 16:05:53.072   580   580 I SFPerfTracer:      triggers: (rate: 1509:253883) (compose: 0:100) (post: 1:751) (render: 2:497) (0:1324156 frames) (1:1471001)
07-05 16:05:53.073   580   580 D SFPerfTracer:        layers: (7:11) (StatusBar#0 (0xac562000): 0:153123) (RoundedOverlay#0 (0xac57e000): 0:1692) (RoundedOverlay#1 (0xac647000): 0:1796) (com.android.systemui.ImageWallpaper#0 (0xac4d2000): 0:3988)* (Sprite#0 (0xac7b3000): 0:105)* (DimLayerController/Stack=0#0 (0xac56c000): 0:3610) (animation background stackId=1#0 (0xac7c5000): 0:593)* (NavigationBar#0 (0xac799000): 0:819) (animation background stackId=0#0 (0xac7e3000): 0:2)* (Application Error: com.goldhoffer#0 (0xac56e000): 0:14) (com.whatsapp/com.whatsapp.Conversation#0 (0xabdc7000): 0:71) 
07-05 16:05:53.674   541  1014 W qti_sensors_hal: processReportInd: lux: 0, ch0: 474, ch1: 212
07-05 16:05:53.915   541  1279 W qti_sensors_hal: reportSingleEvent: NearBy 1, pData 1434,  highThd 940
07-05 16:05:53.917  2238  3330 V MotSpeakerHelperProximity: updated mCurProximityState: NEAR (0.000000)
07-05 16:05:53.917  2238  3330 V MotSpeakerHelperProximity: ThreadLoop event mProximityState = NEAR, previous FAR
07-05 16:05:54.037  2887  3277 D BatteryService: uevent={POWER_SUPPLY_VOLTAGE_NOW=4392369, POWER_SUPPLY_CHARGE_RATE=Normal, POWER_SUPPLY_HEALTH=Good, POWER_SUPPLY_CURRENT_NOW=-216978, POWER_SUPPLY_PRESENT=1, SUBSYSTEM=power_supply, POWER_SUPPLY_TEMP=412, SEQNUM=1245996, ACTION=change, POWER_SUPPLY_NAME=battery, POWER_SUPPLY_STATUS=Charging, POWER_SUPPLY_CHARGE_COUNTER=2944282, POWER_SUPPLY_CAPACITY=100, DEVPATH=/devices/soc/qpnp-smbcharger-17/power_supply/battery}
07-05 16:05:54.039  2002  2002 E NEW_BHD : Open /sys/class/power_supply/gb_battery
07-05 16:05:54.426  2887 15777 D ConnectivityService: requestNetwork for uid/pid:10139/27265 NetworkRequest [ TRACK_DEFAULT id=7097, [ Capabilities: INTERNET&NOT_RESTRICTED&TRUSTED&NOT_VPN] ]
07-05 16:05:54.427  2887  3309 D WIFI    : got request NetworkRequest [ TRACK_DEFAULT id=7097, [ Capabilities: INTERNET&NOT_RESTRICTED&TRUSTED&NOT_VPN] ] with score 60
07-05 16:05:54.427  2887  3336 D Ethernet: got request NetworkRequest [ TRACK_DEFAULT id=7097, [ Capabilities: INTERNET&NOT_RESTRICTED&TRUSTED&NOT_VPN] ] with score 60
07-05 16:05:54.427  2887  3309 D WIFI_UT : got request NetworkRequest [ TRACK_DEFAULT id=7097, [ Capabilities: INTERNET&NOT_RESTRICTED&TRUSTED&NOT_VPN] ] with score 60
07-05 16:05:54.428  3632  3632 D PhoneSwitcherNetworkRequstListener: got request NetworkRequest [ TRACK_DEFAULT id=7097, [ Capabilities: INTERNET&NOT_RESTRICTED&TRUSTED&NOT_VPN] ] with score 60
07-05 16:05:54.569  2887  3318 D ConnectivityService: releasing NetworkRequest [ TRACK_DEFAULT id=7097, [ Capabilities: INTERNET&NOT_RESTRICTED&TRUSTED&NOT_VPN] ] (CALLBACK_RELEASED)
07-05 16:05:54.600  2887  2887 I ActivityManager: Start proc 27836:com.facebook.katana/u0a163 for service com.facebook.katana/com.facebook.feed.platformads.AppInstallTrackerService
07-05 16:05:54.601   541  1279 W qti_sensors_hal: reportSingleEvent: NearBy 0, pData 652,  highThd 940
07-05 16:05:54.602  2238  3330 V MotSpeakerHelperProximity: updated mCurProximityState: FAR (5.000000)
07-05 16:05:54.602  2238  3330 V MotSpeakerHelperProximity: ThreadLoop event mProximityState = FAR, previous NEAR
07-05 16:05:54.620  2887  2887 I ActivityManager: Start proc 27841:com.alibaba.aliexpresshd:channel/u0a256 for service com.alibaba.aliexpresshd/com.taobao.accs.internal.AccsJobService
07-05 16:05:54.641  2278  2616 D NetdFwmarkServer: Cmd 2: 163, 10139: UserP=3, fwmark=F00A3
07-05 16:05:54.654  2278  2616 D NetdFwmarkServer: Cmd 1: 0, 10139: UserP=3, fwmark=F00A3
07-05 16:05:54.655  2278  2616 D NetdFwmarkServer: Cmd 6: 0, 10139: UserP=3, fwmark=F00A3
07-05 16:05:54.724   541  1285 D NativeSensors: CapSensor:  mPendingEvent.distance=1.000000
07-05 16:05:54.824 27836 27836 I chatty  : uid=10163(u0_a163) com.facebook.katana expire 30 lines
07-05 16:05:54.839 27841 27841 W ResourceType: ResTable_typeSpec entry count inconsistent: given 1855, previously 1929
07-05 16:05:54.840 27841 27841 W ResourceType: ResTable_typeSpec entry count inconsistent: given 4237, previously 4256
07-05 16:05:54.841 27841 27841 W ResourceType: ResTable_typeSpec entry count inconsistent: given 251, previously 1538
07-05 16:05:54.861 27836 27874 I chatty  : uid=10163(u0_a163) com.facebook.katana expire 15 lines
07-05 16:05:54.862 27836 27873 I chatty  : uid=10163(u0_a163) com.facebook.katana expire 26 lines
07-05 16:05:54.905 27836 27875 I chatty  : uid=10163(u0_a163) com.facebook.katana expire 23 lines
07-05 16:05:54.908 27836 27876 I chatty  : uid=10163(u0_a163) com.facebook.katana expire 8 lines
07-05 16:05:54.912 27836 27877 I chatty  : uid=10163(u0_a163) com.facebook.katana expire 3 lines
07-05 16:05:54.987 27841 27841 W ResourceType: ResTable_typeSpec entry count inconsistent: given 1855, previously 1929
07-05 16:05:54.987 27841 27841 W ResourceType: ResTable_typeSpec entry count inconsistent: given 4237, previously 4256
07-05 16:05:54.987 27841 27841 W ResourceType: ResTable_typeSpec entry count inconsistent: given 251, previously 1538
07-05 16:05:54.992 27841 27841 W ResourceType: ResTable_typeSpec entry count inconsistent: given 1855, previously 1929
07-05 16:05:54.992 27841 27841 W ResourceType: ResTable_typeSpec entry count inconsistent: given 4237, previously 4256
07-05 16:05:54.992 27841 27841 W ResourceType: ResTable_typeSpec entry count inconsistent: given 251, previously 1538
07-05 16:05:55.051  2002  2002 E NEW_BHD : Open /sys/class/power_supply/gb_battery
07-05 16:05:55.062  2887  3277 D BatteryService: uevent={POWER_SUPPLY_VOLTAGE_NOW=4392064, POWER_SUPPLY_CHARGE_RATE=Normal, POWER_SUPPLY_HEALTH=Good, POWER_SUPPLY_CURRENT_NOW=-216978, POWER_SUPPLY_PRESENT=1, SUBSYSTEM=power_supply, POWER_SUPPLY_TEMP=412, SEQNUM=1245997, ACTION=change, POWER_SUPPLY_NAME=battery, POWER_SUPPLY_STATUS=Charging, POWER_SUPPLY_CHARGE_COUNTER=2944371, POWER_SUPPLY_CAPACITY=100, DEVPATH=/devices/soc/qpnp-smbcharger-17/power_supply/battery}
07-05 16:05:55.075 27836 27880 I chatty  : uid=10163(u0_a163) com.facebook.katana expire 1 line
07-05 16:05:55.079 27836 27882 I chatty  : uid=10163(u0_a163) com.facebook.katana expire 33 lines
07-05 16:05:55.079 27836 27883 I chatty  : uid=10163(u0_a163) com.facebook.katana expire 41 lines
07-05 16:05:55.081 27836 27881 I chatty  : uid=10163(u0_a163) com.facebook.katana expire 41 lines
07-05 16:05:55.094 27836 27884 I chatty  : uid=10163(u0_a163) com.facebook.katana expire 33 lines
07-05 16:05:55.095 27836 27885 I chatty  : uid=10163(u0_a163) com.facebook.katana expire 35 lines
07-05 16:05:55.125   541  1285 D NativeSensors: CapSensor:  mPendingEvent.distance=1.000000
07-05 16:05:55.131 27841 27841 I YapNative: Jni_OnLoad
07-05 16:05:55.136 27841 27841 I YapNative: Jni_OnLoad success
07-05 16:05:55.304  2887  3587 E DatabaseUtils: Writing exception to parcel
07-05 16:05:55.304  2887  3587 E DatabaseUtils: java.lang.SecurityException: com.alibaba.aliexpresshd was not granted  this permission: android.permission.WRITE_SETTINGS.
07-05 16:05:55.304  2887  3587 E DatabaseUtils: 	at android.provider.Settings.isCallingPackageAllowedToPerformAppOpsProtectedOperation(Settings.java:10990)
07-05 16:05:55.304  2887  3587 E DatabaseUtils: 	at android.provider.Settings.checkAndNoteWriteSettingsOperation(Settings.java:10872)
07-05 16:05:55.304  2887  3587 E DatabaseUtils: 	at com.android.providers.settings.SettingsProvider.mutateSystemSetting(SettingsProvider.java:1393)
07-05 16:05:55.304  2887  3587 E DatabaseUtils: 	at com.android.providers.settings.SettingsProvider.insertSystemSetting(SettingsProvider.java:1368)
07-05 16:05:55.304  2887  3587 E DatabaseUtils: 	at com.android.providers.settings.SettingsProvider.call(SettingsProvider.java:381)
07-05 16:05:55.304  2887  3587 E DatabaseUtils: 	at android.content.ContentProvider$Transport.call(ContentProvider.java:405)
07-05 16:05:55.304  2887  3587 E DatabaseUtils: 	at android.content.ContentProviderNative.onTransact(ContentProviderNative.java:272)
07-05 16:05:55.304  2887  3587 E DatabaseUtils: 	at android.os.Binder.execTransact(Binder.java:674)
07-05 16:05:55.309 27841 27841 W AliNetworkDiagnosis: alinetworkdiagnosis ver 0.0.1.70, compile time: Jan  4 2022 18:10:42
07-05 16:05:55.356  2887  3587 D ConnectivityService: requestNetwork for uid/pid:10139/27265 NetworkRequest [ TRACK_DEFAULT id=7098, [ Capabilities: INTERNET&NOT_RESTRICTED&TRUSTED&NOT_VPN] ]
07-05 16:05:55.357  2887  3309 D WIFI    : got request NetworkRequest [ TRACK_DEFAULT id=7098, [ Capabilities: INTERNET&NOT_RESTRICTED&TRUSTED&NOT_VPN] ] with score 60
07-05 16:05:55.357  3632  3632 D PhoneSwitcherNetworkRequstListener: got request NetworkRequest [ TRACK_DEFAULT id=7098, [ Capabilities: INTERNET&NOT_RESTRICTED&TRUSTED&NOT_VPN] ] with score 60
07-05 16:05:55.357  2887  3309 D WIFI_UT : got request NetworkRequest [ TRACK_DEFAULT id=7098, [ Capabilities: INTERNET&NOT_RESTRICTED&TRUSTED&NOT_VPN] ] with score 60
07-05 16:05:55.358  2887  3336 D Ethernet: got request NetworkRequest [ TRACK_DEFAULT id=7098, [ Capabilities: INTERNET&NOT_RESTRICTED&TRUSTED&NOT_VPN] ] with score 60
07-05 16:05:55.384  2887  3318 D ConnectivityService: releasing NetworkRequest [ TRACK_DEFAULT id=7098, [ Capabilities: INTERNET&NOT_RESTRICTED&TRUSTED&NOT_VPN] ] (CALLBACK_RELEASED)
07-05 16:05:55.496 27836 27842 I chatty  : uid=10163(u0_a163) com.facebook.katana expire 3 lines
07-05 16:05:55.543  2887  3587 W ActivityManager: Unable to start service Intent { act=com.taobao.orange.service.OrangeApiService cat=[android.intent.category.DEFAULT] cmp=com.alibaba.aliexpresshd/com.taobao.orange.service.OrangeApiService } U=0: not found
07-05 16:05:55.572 27903 27903 I chatty  : uid=10163(u0_a163) expire 2 lines
07-05 16:05:55.723 27836 27915 I chatty  : uid=10163(u0_a163) com.facebook.katana expire 42 lines
07-05 16:05:55.738 27836 27926 I chatty  : uid=10163(u0_a163) com.facebook.katana expire 1 line
07-05 16:05:55.756 27836 27912 I chatty  : uid=10163(u0_a163) com.facebook.katana expire 1 line
07-05 16:05:55.868   541  1014 W qti_sensors_hal: processReportInd: lux: 5, ch0: 955, ch1: 427
07-05 16:05:55.917  2887  3615 W ActivityManager: Unable to start service Intent { act=mtopsdk.xstate.aidl.IXState cat=[android.intent.category.DEFAULT] pkg=com.alibaba.aliexpresshd cmp=com.alibaba.aliexpresshd/mtopsdk.xstate.XStateService } U=0: not found
07-05 16:05:56.053  2887  3277 D BatteryService: uevent={POWER_SUPPLY_VOLTAGE_NOW=4392064, POWER_SUPPLY_CHARGE_RATE=Normal, POWER_SUPPLY_HEALTH=Good, POWER_SUPPLY_CURRENT_NOW=-216673, POWER_SUPPLY_PRESENT=1, SUBSYSTEM=power_supply, POWER_SUPPLY_TEMP=412, SEQNUM=1245998, ACTION=change, POWER_SUPPLY_NAME=battery, POWER_SUPPLY_STATUS=Charging, POWER_SUPPLY_CHARGE_COUNTER=2944459, POWER_SUPPLY_CAPACITY=100, DEVPATH=/devices/soc/qpnp-smbcharger-17/power_supply/battery}
07-05 16:05:56.055  2002  2002 E NEW_BHD : Open /sys/class/power_supply/gb_battery
07-05 16:05:56.530 27836 27871 I chatty  : uid=10163(u0_a163) com.facebook.katana expire 1 line
07-05 16:05:56.568 27836 27882 W fb4a.AppInitScheduler|Run: Running LimitJemallocRetainSize
07-05 16:05:56.569 27836 27882 W fb4a.AppInitScheduler|Run:   Finished LimitJemallocRetainSize in 1ms
07-05 16:05:56.569 27836 27873 W fb4a.lacrima: Start AnrDetector... com.facebook.acra.anr.multisignal.MultiSignalANRDetector
07-05 16:05:56.569 27836 27873 W fb4a.MultiSignalANRDetectorLacrima: Starting
07-05 16:05:56.569 27836 27882 W fb4a.AppInitScheduler|Run: Running LocationRequestDetector
07-05 16:05:56.569 27836 27873 W fb4a.ProcessAnrErrorMonitor: startMonitoring with delay: 0
07-05 16:05:56.570 27841 27947 W zygote  : Class com.alibaba.one.android.inner.BroadcastReceiverJniBridge failed lock verification and will run slower.
07-05 16:05:56.570 27841 27947 W zygote  : Common causes for lock verification issues are non-optimized dex code
07-05 16:05:56.570 27841 27947 W zygote  : and incorrect proguard optimizations.
07-05 16:05:56.571 27836 27874 W fb4a.AppStateLoggerCore: Application needs to be registered before setting app state manager bridge
07-05 16:05:56.571 27836 27874 W fb4a.AppInitScheduler|Run:   Finished AppDataBridge in 264ms
07-05 16:05:56.571 27836 27885 W fb4a.AppInitScheduler|Run:   Finished LanguageSwitcher in 21ms
07-05 16:05:56.572 27836 27874 W fb4a.AppInitScheduler|Run: Running LogController
07-05 16:05:56.572 27836 27965 W fb4a.FrscLanguagePackLoader: FRSC English strings buffer size - (limit : 739958, capacity : 739958)
07-05 16:05:56.572 27836 27882 W fb4a.AppInitScheduler|Run:   Finished LocationRequestDetector in 3ms
07-05 16:05:56.572 27836 27882 W fb4a.AppInitScheduler|Run: Running PendingStoryStoreInitializer
07-05 16:05:56.573 27836 27885 W fb4a.AppInitScheduler|Run: Running PendingStoryStoreLightInitializer
07-05 16:05:56.573 27836 27885 W fb4a.AppInitScheduler|Run:   Finished PendingStoryStoreLightInitializer in 0ms
07-05 16:05:56.574 27836 27885 W fb4a.AppInitScheduler|Run: Running RegisterFrameRateTraceListener
07-05 16:05:56.574 27836 27882 W fb4a.AppInitScheduler|Run:   Finished PendingStoryStoreInitializer in 2ms
07-05 16:05:56.574 27836 27885 W fb4a.AppInitScheduler|Run:   Finished RegisterFrameRateTraceListener in 0ms
07-05 16:05:56.574 27836 27882 W fb4a.AppInitScheduler|Run: Running RegisterMainLooperTracer
07-05 16:05:56.575 27836 27885 W fb4a.AppInitScheduler|Run: Running ReleaseDeferredBroadcastReceiver
07-05 16:05:56.575 27836 27874 W fb4a.AppInitScheduler|Run:   Finished LogController in 3ms
07-05 16:05:56.575 27836 27885 W fb4a.AppInitScheduler|Run:   Finished ReleaseDeferredBroadcastReceiver in 0ms
07-05 16:05:56.576 27836 27885 W fb4a.AppInitScheduler|Run: Running ReproInit
07-05 16:05:56.576 27836 27874 W fb4a.AppInitScheduler|Run: Running ReplayBroadcastReceivedDuringAppInit
07-05 16:05:56.577 27836 27885 W fb4a.AppInitScheduler|Run:   Finished ReproInit in 1ms
07-05 16:05:56.577 27836 27874 W fb4a.AppInitScheduler|Run:   Finished ReplayBroadcastReceivedDuringAppInit in 1ms
07-05 16:05:56.577 27836 27874 W fb4a.AppInitScheduler|Run: Running ScheduleLowPriWork
07-05 16:05:56.577 27836 27885 W fb4a.AppInitScheduler|Run: Running SendPendingReports
07-05 16:05:56.578 27836 27882 W fb4a.AppInitScheduler|Run:   Finished RegisterMainLooperTracer in 3ms
07-05 16:05:56.579 27836 27882 W fb4a.AppInitScheduler|Run: Running SetupDynaBuilds
07-05 16:05:56.591 27836 27882 W fb4a.AppInitScheduler|Run:   Finished SetupDynaBuilds in 11ms
07-05 16:05:56.592 27836 27882 W fb4a.AppInitScheduler|Run: Running SetupSmartGc
07-05 16:05:56.592 27836 27882 W fb4a.AppInitScheduler|Run:   Finished SetupSmartGc in 0ms
07-05 16:05:56.593 27836 27882 W fb4a.AppInitScheduler|Run: Running StatefulPeerManagerImpl
07-05 16:05:56.599 27836 27885 W fb4a.AppInitScheduler|Run:   Finished SendPendingReports in 21ms
07-05 16:05:56.599 27836 27885 W fb4a.AppInitScheduler|Run: Running TraceCurrentThreadMetadata
07-05 16:05:56.599 27836 27883 W fb4a.AppInitScheduler|Run:   Finished LazyCustomErrorDataInitializer in 45ms
07-05 16:05:56.600 27836 27885 W fb4a.AppInitScheduler|Run:   Finished TraceCurrentThreadMetadata in 1ms
07-05 16:05:56.600 27836 27883 W fb4a.AppInitScheduler|Run: Running TransientNetworkTraceEarlyInit
07-05 16:05:56.601 27836 27885 W fb4a.AppInitScheduler|Run: Running VpvHelperInitializer
07-05 16:05:56.604 27836 27885 W fb4a.AppInitScheduler|Run:   Finished VpvHelperInitializer in 3ms
07-05 16:05:56.604 27836 27885 W fb4a.AppInitScheduler|Run: Running WhitehatOverlayInitializer
07-05 16:05:56.606 27836 27874 W fb4a.AppInitScheduler|Run:   Finished ScheduleLowPriWork in 27ms
07-05 16:05:56.609 27836 27883 W fb4a.AppInitScheduler|Run:   Finished TransientNetworkTraceEarlyInit in 9ms
07-05 16:05:56.615 27836 28002 W fb4a.ProcessAnrErrorMonitor: Starting process monitor checks for process 'com.facebook.katana'
07-05 16:05:56.617 27836 27885 W fb4a.AppInitScheduler|Run:   Finished WhitehatOverlayInitializer in 12ms
07-05 16:05:56.625 27836 28002 W fb4a.MultiSignalANRDetectorLacrima: Started monitoring
07-05 16:05:56.629 27836 27998 W fb4a.SigquitDetectorLacrima: nativeInit
07-05 16:05:56.639 27836 27998 D SigquitDetector: Signal catcher tid: 27846
07-05 16:05:56.639 27836 27998 D SigquitDetector: Initialized [Lacrima]
07-05 16:05:56.688 27836 27996 D fb-distract: Distracting /system/lib/libart.so!_ZN3art13SignalCatcher6OutputERKNSt3__112basic_stringIcNS1_11char_traitsIcEENS1_9allocatorIcEEEE (0x0xaa080765) with /data/data/com.facebook.katana/lib-compressed/libsigquit.so!<unknown> (0x0x8302653d)
07-05 16:05:56.690 27836 27996 D DistractUtil: Function _ZN3art13SignalCatcher6OutputERKNSt3__112basic_stringIcNS1_11char_traitsIcEENS1_9allocatorIcEEEE hooked with result=0
07-05 16:05:56.691 27836 27996 D SigquitDetector: Hooked methods [Lacrima]
07-05 16:05:56.692 27836 27873 D fb-distract: Distracting /system/lib/libc.so!abort (0x0xaa6b440d) with /data/data/com.facebook.katana/lib-compressed/libreliabilitymerged.so!<unknown> (0x0x831ceb05)
07-05 16:05:56.693 27836 27873 D fb-distract: Distracting /system/lib/liblog.so!__android_log_assert (0x0xac453561) with /data/data/com.facebook.katana/lib-compressed/libreliabilitymerged.so!<unknown> (0x0x831cea69)
07-05 16:05:56.699 27836 27873 D fb-distract: Distracting /system/lib/libc.so!android_set_abort_message (0x0xaa6b26f5) with /data/data/com.facebook.katana/lib-compressed/libbreakpad.so!abortWithReason_JNI_OnLoad (0x0x8c407231)
07-05 16:05:56.712 27836 27882 W fb4a.AppInitScheduler|Run:   Finished StatefulPeerManagerImpl in 119ms
07-05 16:05:56.765 27836 27884 W fb4a.MobileConfigFactoryImpl: SESSIONBASED factory used for SESSIONLESS param
07-05 16:05:56.779 27836 27884 W fb4a.MobileConfigFactoryImpl: SESSIONBASED factory used for SESSIONLESS param
07-05 16:05:56.823  2274 10113 I DrmHal  : makeDrmFactories: factory instance default is Remote
07-05 16:05:56.828  2274 10113 I DrmHal  : makeDrmFactories: factory instance widevine is Remote
07-05 16:05:56.840   545  7141 D WVCdm   : Instantiating CDM.
07-05 16:05:56.848 27836 28009 D NetworkSecurityConfig: Using Network Security Config from resource (name removed) debugBuild: false
07-05 16:05:56.852 27836 27881 W fb4a.Fixie: Initialize FB4A_OPTIMIZATION_PROVIDER
07-05 16:05:56.852 27836 27881 W fb4a.Fixie/ActivityStackResetterFixer: Enable Activity Stack Resetter
07-05 16:05:56.856   546  7137 I WVCdm   : CdmEngine::QueryStatus
07-05 16:05:56.860   546  7137 I WVCdm   : Level3 Library 4445 May 19 2017 17:17:20
07-05 16:05:56.882 27836 27873 W fb4a.NightwatchConfig: saveExitStatus true, useMmap true, monitorResources true, tickInfo 0, detectLmkd false, needNightWatch true
07-05 16:05:56.887   546  7137 D DrmWidevineDash: OEMCrypto_Initialize: starts! g_qsee_apps_version = 0x38
07-05 16:05:56.887   546  7137 D         : CPPF_ServiceInitialize: start!
07-05 16:05:56.887   546  7137 D         : CPPF_ServiceInitialize: g_cppf_session_cnt = 1
07-05 16:05:56.887   546  7137 D QSEECOMAPI: QSEECom_get_handle sb_length = 0x2800
07-05 16:05:56.888   546  7137 D QSEECOMAPI: App is not loaded in QSEE
07-05 16:05:56.888   546  7137 E QSEECOMAPI: Error::Cannot open the file /vendor/firmware/cppf.mdt errno = 2
07-05 16:05:56.888   546  7137 E QSEECOMAPI: Error::Loading image failed with ret = -1
07-05 16:05:56.888   546  7137 D QSEECOMAPI: QSEECom_get_handle sb_length = 0x2800
07-05 16:05:56.888   546  7137 D QSEECOMAPI: App is not loaded in QSEE
07-05 16:05:56.889   546  7137 D QSEECOMAPI: app_arch = 2, total_files = 8
07-05 16:05:56.890 27836 27876 W fb4a.AppInitScheduler|Run:   Finished FbSharedPreferenceInitializerAsync in 1051ms
07-05 16:05:56.906   546  7137 D QSEECOMAPI: Loaded image: APP id = 27525124
07-05 16:05:56.908   546  7137 D         : CPPF_ServiceInitialize: end! returns 0, g_cppf_session_cnt = 1
07-05 16:05:56.908   546  7137 D DrmWidevineDash: Service_Initialize: starts!
07-05 16:05:56.908   546  7137 D QSEECOMAPI: QSEECom_get_handle sb_length = 0x19000
07-05 16:05:56.908   546  7137 D QSEECOMAPI: App is not loaded in QSEE
07-05 16:05:56.909   546  7137 E QSEECOMAPI: Error::Cannot open the file /vendor/firmware/widevine.mdt errno = 2
07-05 16:05:56.909   546  7137 E QSEECOMAPI: Error::Loading image failed with ret = -1
07-05 16:05:56.909   546  7137 D QSEECOMAPI: QSEECom_get_handle sb_length = 0x19000
07-05 16:05:56.910   546  7137 D QSEECOMAPI: App is not loaded in QSEE
07-05 16:05:56.910   546  7137 E QSEECOMAPI: Error::Cannot open the file /system/etc/firmware/widevine.mdt errno = 2
07-05 16:05:56.910   546  7137 E QSEECOMAPI: Error::Loading image failed with ret = -1
07-05 16:05:56.911   546  7137 D QSEECOMAPI: QSEECom_get_handle sb_length = 0x19000
07-05 16:05:56.911   546  7137 D QSEECOMAPI: App is not loaded in QSEE
07-05 16:05:56.912   546  7137 D QSEECOMAPI: app_arch = 2, total_files = 8
07-05 16:05:56.946   546  7137 D QSEECOMAPI: Loaded image: APP id = 27590661
07-05 16:05:56.949   546  7137 D DrmWidevineDash: Service_Initialize: ends! returns 0
07-05 16:05:56.954   546  7137 D QSAPPSVER: qsapps_get_capabilities: Capability from secure side: 0x1
07-05 16:05:56.954   546  7137 D QSAPPSVER: qsapps_get_capabilities: returns 0
07-05 16:05:56.954   546  7137 D DrmWidevineDash: OEMCrypto_Initialize sion_buffer g_wv_fhandle->ion_sbuffer  0x0xb4e2a000
07-05 16:05:56.954   546  7137 E DrmWidevineDash: sion_buffer g_wv_fhandle->ion_sbuffer  0x0xb4e2a000
07-05 16:05:56.959 27836 27872 W fb4a.AppInitScheduler|Run:   Waiting on StartupQPLInit for 1113ms...
07-05 16:05:56.961   665   669 E rpmb_emmc: ----------------------------rpmb_emmc_read-----------------------------
07-05 16:05:56.965 27836 27873 D Nightwatch: Got fb jni native method for com/facebook/errorreporting/nightwatch/Nightwatch$NightwatchNative.nRecordDataInNightWatch (JI)I with native method: recordDataInNightWatch (0x848e4a3d). try use crit jni: no try use fast jni: no Used crit: no Used fast: no Used norm: yes crit jni supported: yes fast jni supported: no config is fast: no config is crit: no
07-05 16:05:56.966 27836 27873 D Nightwatch: Got fb jni native method for com/facebook/errorreporting/nightwatch/Nightwatch$NightwatchNative.nRecordTickInNightWatch (JJJJ)I with native method: recordTickInNightWatch (0x848e4a1b). try use crit jni: no try use fast jni: no Used crit: no Used fast: no Used norm: yes crit jni supported: yes fast jni supported: no config is fast: no config is crit: no
07-05 16:05:56.966 27836 27873 D Nightwatch: Got fb jni native method for com/facebook/errorreporting/nightwatch/Nightwatch$NightwatchNative.nSaveResourceData ()Z with native method: saveResourceData (0x848e4a0d). try use crit jni: no try use fast jni: no Used crit: no Used fast: no Used norm: yes crit jni supported: yes fast jni supported: no config is fast: no config is crit: no
07-05 16:05:56.966 27836 27873 D _FB_    : Registering method com/facebook/errorreporting/nightwatch/Nightwatch$NightwatchNative.nRecordDataInNightWatch (JI)I with native method: recordDataInNightWatch (0x848e4a3d)
07-05 16:05:56.966 27836 27873 D _FB_    : Succeeded registering method com/facebook/errorreporting/nightwatch/Nightwatch$NightwatchNative.nRecordDataInNightWatch (JI)I with native method: recordDataInNightWatch (0x848e4a3d)
07-05 16:05:56.966 27836 27873 D _FB_    : Registering method com/facebook/errorreporting/nightwatch/Nightwatch$NightwatchNative.nRecordTickInNightWatch (JJJJ)I with native method: recordTickInNightWatch (0x848e4a1b)
07-05 16:05:56.966 27836 27873 D _FB_    : Succeeded registering method com/facebook/errorreporting/nightwatch/Nightwatch$NightwatchNative.nRecordTickInNightWatch (JJJJ)I with native method: recordTickInNightWatch (0x848e4a1b)
07-05 16:05:56.966 27836 27873 D _FB_    : Registering method com/facebook/errorreporting/nightwatch/Nightwatch$NightwatchNative.nSaveResourceData ()Z with native method: saveResourceData (0x848e4a0d)
07-05 16:05:56.966 27836 27873 D _FB_    : Succeeded registering method com/facebook/errorreporting/nightwatch/Nightwatch$NightwatchNative.nSaveResourceData ()Z with native method: saveResourceData (0x848e4a0d)
07-05 16:05:56.977 27836 27873 D Nightwatch: Starting NightWatch. Using fast [yes] or critical [yes] native methods
07-05 16:05:56.977 27836 27873 D Nightwatch: NightWatch using: Binary path: /data/app/com.facebook.katana-YvcIaOxJOSPUXq0rEpLc7w==/lib/arm/libwatcher_binary.so log path: /data/data/com.facebook.katana/app_errorreporting/sess__000003856-1657019155103-3149a34d-98cd-fb22-cb72-350c1c6e1228/nightwatch.txt
