07-05 06:49:03.099  3608  3608 W ContextImpl: Calling a method in the system process without a qualified user: android.app.ContextImpl.sendBroadcast:968 android.content.ContextWrapper.sendBroadcast:436 com.motorola.blur.service.blur.BSUtils.sendBroadcast:151 com.motorola.blur.service.blur.BSUtils.sendBroadcast:146 com.motorola.ccc.plm.pollingmanager.PollingManagerService$MyConnectivityReceiver.sendConnectivityIntent:599 
07-05 06:49:03.258  2887  2954 I chatty  : uid=1000(system) batterystats-sy expire 43 lines
07-05 06:49:03.295  2887  4311 I chatty  : uid=1000(system) Binder:2887_11 expire 10 lines
07-05 06:49:03.812  9377 17599 E ActivityThread: Failed to find provider info for com.motorola.ccc.cce.datausage
07-05 06:49:06.918  9377 20020 E ActivityThread: Failed to find provider info for com.motorola.ccc.cce.datausage
07-05 06:49:07.495  2887  9723 I chatty  : uid=1000(system) Binder:2887_19 expire 10 lines
07-05 06:49:14.335  2887  2961 I chatty  : uid=1000(system) PowerManagerSer expire 15 lines
07-05 06:50:23.144  3608  3608 W ContextImpl: Calling a method in the system process without a qualified user: android.app.ContextImpl.sendBroadcast:968 android.content.ContextWrapper.sendBroadcast:436 com.motorola.blur.service.blur.BSUtils.sendBroadcast:151 com.motorola.blur.service.blur.BSUtils.sendBroadcast:146 com.motorola.ccc.plm.pollingmanager.PollingManagerService$MyConnectivityReceiver.sendConnectivityIntent:599 
07-05 07:05:14.977  2887  2951 I chatty  : uid=1000(system) ActivityManager expire 10 lines
07-05 07:05:14.978  2887  3318 I chatty  : uid=1000(system) ConnectivitySer expire 31 lines
07-05 07:05:52.594  2887  2954 I chatty  : uid=1000(system) batterystats-sy expire 166 lines
07-05 07:13:58.266  2887  3668 I chatty  : uid=1000(system) Binder:2887_E expire 14 lines
07-05 07:32:41.464  2887  3407 I chatty  : uid=1000(system) Binder:2887_4 expire 20 lines
07-05 07:51:29.718 19415 19415 W ActivityThread: serviceStart lasts for 9100 ms, ServiceArgsData = ServiceArgsData{token=android.os.BinderProxy@2321374 startId=1 args=Intent { act=com.google.firebase.MESSAGING_EVENT pkg=com.zhiliaoapp.musically cmp=com.zhiliaoapp.musically/com.fcm.service.SSGcmListenerService (has extras) }}
07-05 07:51:44.827  2887  2954 I chatty  : uid=1000(system) batterystats-sy expire 138 lines
07-05 07:53:07.122  2282  2552 E NetlinkListener: recvmsg failed (No buffer space available)
07-05 08:07:02.428  2887  4311 I chatty  : uid=1000(system) Binder:2887_11 expire 14 lines
07-05 08:07:02.818  2887  2948 I chatty  : uid=1000(system) android.bg expire 7 lines
07-05 08:27:20.123  2887  3318 I chatty  : uid=1000(system) ConnectivitySer expire 14 lines
07-05 08:27:35.251  2887  2954 I chatty  : uid=1000(system) batterystats-sy expire 160 lines
07-05 09:01:23.981  2887 16853 I chatty  : uid=1000(system) Binder:2887_1F expire 14 lines
07-05 09:03:24.743  3366  3366 I PowerUI.Notification: show low battery warning: level=15 [-1] playSound=true
07-05 09:05:33.794  2887  3318 I chatty  : uid=1000(system) ConnectivitySer expire 10 lines
07-05 09:06:10.250  2887  2954 I chatty  : uid=1000(system) batterystats-sy expire 77 lines
07-05 09:16:54.435  2887  3277 I chatty  : uid=1000(system) UEventObserver expire 12 lines
07-05 09:21:03.315  2887 13157 I chatty  : uid=1000(system) Binder:2887_1D expire 10 lines
07-05 09:21:03.607  2887  2951 I chatty  : uid=1000(system) ActivityManager expire 10 lines
07-05 09:22:26.247  2887  2952 I chatty  : uid=1000(system) android.ui expire 3 lines
07-05 09:22:27.180  2887  3272 I chatty  : uid=1000(system) android.anim expire 3 lines
07-05 09:22:27.449  3608  3608 W ContextImpl: Calling a method in the system process without a qualified user: android.app.ContextImpl.sendBroadcast:968 android.content.ContextWrapper.sendBroadcast:436 com.motorola.blur.service.blur.BSUtils.sendBroadcast:151 com.motorola.blur.service.blur.BSUtils.sendBroadcast:146 com.motorola.ccc.plm.pollingmanager.PollingManagerService$MyConnectivityReceiver.sendConnectivityIntent:599 
07-05 09:22:27.505  2887  2956 I chatty  : uid=1000(system) android.fg expire 10 lines
07-05 09:22:28.731  2887  3668 I chatty  : uid=1000(system) Binder:2887_E expire 13 lines
07-05 09:22:35.214  2887  8759 I chatty  : uid=1000(system) Binder:2887_17 expire 12 lines
07-05 09:22:38.969  2887  3298 I chatty  : uid=1000(system) InputReader expire 8 lines
07-05 09:22:39.695  2887  2954 I chatty  : uid=1000(system) batterystats-sy expire 40 lines
07-05 09:22:40.671  2887  2887 I chatty  : uid=1000 system_server expire 10 lines
07-05 09:22:40.798  2887  9202 I chatty  : uid=1000(system) Binder:2887_18 expire 11 lines
07-05 09:22:41.277  2887 15777 I chatty  : uid=1000(system) Binder:2887_1E expire 8 lines
07-05 09:26:42.622  3608  3608 W ContextImpl: Calling a method in the system process without a qualified user: android.app.ContextImpl.sendBroadcast:968 android.content.ContextWrapper.sendBroadcast:436 com.motorola.blur.service.blur.BSUtils.sendBroadcast:151 com.motorola.blur.service.blur.BSUtils.sendBroadcast:146 com.motorola.ccc.plm.pollingmanager.PollingManagerService$MyConnectivityReceiver.sendConnectivityIntent:599 
07-05 09:31:18.905  2887  3318 I chatty  : uid=1000(system) ConnectivitySer expire 11 lines
07-05 09:33:00.581  3608  3608 W ContextImpl: Calling a method in the system process without a qualified user: android.app.ContextImpl.sendBroadcast:968 android.content.ContextWrapper.sendBroadcast:436 com.motorola.blur.service.blur.BSUtils.sendBroadcast:151 com.motorola.blur.service.blur.BSUtils.sendBroadcast:146 com.motorola.ccc.plm.pollingmanager.PollingManagerService$MyConnectivityReceiver.sendConnectivityIntent:599 
07-05 09:33:07.066  3608  3608 W ContextImpl: Calling a method in the system process without a qualified user: android.app.ContextImpl.sendBroadcast:968 android.content.ContextWrapper.sendBroadcast:436 com.motorola.blur.service.blur.BSUtils.sendBroadcast:151 com.motorola.blur.service.blur.BSUtils.sendBroadcast:146 com.motorola.ccc.plm.pollingmanager.PollingManagerService$MyConnectivityReceiver.sendConnectivityIntent:599 
07-05 09:33:44.503  2887  2954 I chatty  : uid=1000(system) batterystats-sy expire 52 lines
07-05 09:37:39.332  2887  3407 I chatty  : uid=1000(system) Binder:2887_4 expire 10 lines
07-05 09:47:52.204  3608  3608 W ContextImpl: Calling a method in the system process without a qualified user: android.app.ContextImpl.sendBroadcast:968 android.content.ContextWrapper.sendBroadcast:436 com.motorola.blur.service.blur.BSUtils.sendBroadcast:151 com.motorola.blur.service.blur.BSUtils.sendBroadcast:146 com.motorola.ccc.plm.pollingmanager.PollingManagerService$MyConnectivityReceiver.sendConnectivityIntent:599 
07-05 09:48:00.791  3608  3608 W ContextImpl: Calling a method in the system process without a qualified user: android.app.ContextImpl.sendBroadcast:968 android.content.ContextWrapper.sendBroadcast:436 com.motorola.blur.service.blur.BSUtils.sendBroadcast:151 com.motorola.blur.service.blur.BSUtils.sendBroadcast:146 com.motorola.ccc.plm.pollingmanager.PollingManagerService$MyConnectivityReceiver.sendConnectivityIntent:599 
07-05 09:48:16.239  2887  2954 I chatty  : uid=1000(system) batterystats-sy expire 68 lines
07-05 10:00:01.342  2887  2887 I chatty  : uid=1000 system_server expire 20 lines
07-05 10:02:58.074  3608  3608 W ContextImpl: Calling a method in the system process without a qualified user: android.app.ContextImpl.sendBroadcast:968 android.content.ContextWrapper.sendBroadcast:436 com.motorola.blur.service.blur.BSUtils.sendBroadcast:151 com.motorola.blur.service.blur.BSUtils.sendBroadcast:146 com.motorola.ccc.plm.pollingmanager.PollingManagerService$MyConnectivityReceiver.sendConnectivityIntent:599 
07-05 10:02:58.781  2887  2954 I chatty  : uid=1000(system) batterystats-sy expire 22 lines
07-05 10:02:59.110  2887  3318 I chatty  : uid=1000(system) ConnectivitySer expire 13 lines
07-05 10:03:00.348 19617 19617 W ActivityThread: serviceCreate starts in 2212 ms, CreateServiceData = CreateServiceData{token=android.os.BinderProxy@e646d11 className=androidx.work.impl.background.systemjob.SystemJobService packageName=com.pinterest intent=null}
07-05 10:04:14.462  3608  3608 W ContextImpl: Calling a method in the system process without a qualified user: android.app.ContextImpl.sendBroadcast:968 android.content.ContextWrapper.sendBroadcast:436 com.motorola.blur.service.blur.BSUtils.sendBroadcast:151 com.motorola.blur.service.blur.BSUtils.sendBroadcast:146 com.motorola.ccc.plm.pollingmanager.PollingManagerService$MyConnectivityReceiver.sendConnectivityIntent:599 
07-05 10:08:34.112  2282  2552 E NetlinkListener: recvmsg failed (No buffer space available)
07-05 10:08:34.122  2887  2954 I chatty  : uid=1000(system) batterystats-sy expire 82 lines
07-05 10:08:46.827  2887  3615 I chatty  : uid=1000(system) Binder:2887_A expire 11 lines
07-05 10:15:50.483  2887  3668 I chatty  : uid=1000(system) Binder:2887_E expire 11 lines
07-05 10:23:35.105  3608  3608 W ContextImpl: Calling a method in the system process without a qualified user: android.app.ContextImpl.sendBroadcast:968 android.content.ContextWrapper.sendBroadcast:436 com.motorola.blur.service.blur.BSUtils.sendBroadcast:151 com.motorola.blur.service.blur.BSUtils.sendBroadcast:146 com.motorola.ccc.plm.pollingmanager.PollingManagerService$MyConnectivityReceiver.sendConnectivityIntent:599 
07-05 10:23:42.405  2887  2951 I chatty  : uid=1000(system) ActivityManager expire 17 lines
07-05 10:23:42.623  3608  3608 W ContextImpl: Calling a method in the system process without a qualified user: android.app.ContextImpl.sendBroadcast:968 android.content.ContextWrapper.sendBroadcast:436 com.motorola.blur.service.blur.BSUtils.sendBroadcast:151 com.motorola.blur.service.blur.BSUtils.sendBroadcast:146 com.motorola.ccc.plm.pollingmanager.PollingManagerService$MyConnectivityReceiver.sendConnectivityIntent:599 
07-05 10:25:06.369  2887  2954 I chatty  : uid=1000(system) batterystats-sy expire 43 lines
07-05 10:26:51.758  2887 16853 I chatty  : uid=1000(system) Binder:2887_1F expire 5 lines
07-05 10:29:52.462  2887  3645 I chatty  : uid=1000(system) Binder:2887_D expire 12 lines
07-05 10:33:12.421  2887  3318 I chatty  : uid=1000(system) ConnectivitySer expire 14 lines
07-05 10:33:13.777  3608  3608 W ContextImpl: Calling a method in the system process without a qualified user: android.app.ContextImpl.sendBroadcast:968 android.content.ContextWrapper.sendBroadcast:436 com.motorola.blur.service.blur.BSUtils.sendBroadcast:151 com.motorola.blur.service.blur.BSUtils.sendBroadcast:146 com.motorola.ccc.plm.pollingmanager.PollingManagerService$MyConnectivityReceiver.sendConnectivityIntent:599 
07-05 10:33:14.065  2887  2961 I chatty  : uid=1000(system) PowerManagerSer expire 11 lines
07-05 10:33:14.710  2887  3550 I chatty  : uid=1000(system) Binder:2887_7 expire 12 lines
07-05 10:33:14.993  2887  3324 I chatty  : uid=1000(system) ranker expire 1 line
07-05 10:33:16.040 20260 20260 W ActivityThread: serviceCreate starts in 2115 ms, CreateServiceData = CreateServiceData{token=android.os.BinderProxy@a1feada className=com.google.android.libraries.internal.growth.growthkit.internal.jobs.impl.GrowthKitJobService packageName=com.google.android.apps.chromecast.app intent=null}
07-05 10:33:16.533 20275 20275 W ActivityThread: serviceCreate starts in 2550 ms, CreateServiceData = CreateServiceData{token=android.os.BinderProxy@8f29b6b className=androidx.work.impl.background.systemjob.SystemJobService packageName=com.google.android.apps.maps intent=null}
07-05 10:33:17.773  2887  4311 I chatty  : uid=1000(system) Binder:2887_11 expire 8 lines
07-05 10:33:19.127  2887  2887 I chatty  : uid=1000 system_server expire 11 lines
07-05 10:33:20.874  2887  5919 I chatty  : uid=1000(system) Binder:2887_14 expire 10 lines
07-05 10:33:21.523  2887  3417 I chatty  : uid=1000(system) Binder:2887_5 expire 13 lines
07-05 10:33:22.845  2887  3588 I chatty  : uid=1000(system) Binder:2887_9 expire 10 lines
07-05 10:33:23.943 20945 20945 W ActivityThread: serviceCreate starts in 3132 ms, CreateServiceData = CreateServiceData{token=android.os.BinderProxy@da0884f className=com.upwork.android.apps.main.pushNotifications.oneSignal.NotificationExtenderService packageName=com.upwork.android.apps.main intent=null}
07-05 10:33:25.019  2887  3645 I chatty  : uid=1000(system) Binder:2887_D expire 7 lines
07-05 10:33:25.019  2887  3318 I chatty  : uid=1000(system) ConnectivitySer expire 13 lines
07-05 10:33:25.498 20996 20996 W ActivityThread: serviceCreate starts in 4086 ms, CreateServiceData = CreateServiceData{token=android.os.BinderProxy@67cdfa2 className=com.google.android.datatransport.runtime.scheduling.jobscheduling.JobInfoSchedulerService packageName=com.global.foodpanda.android intent=null}
07-05 10:33:25.759  2887  3277 I chatty  : uid=1000(system) UEventObserver expire 10 lines
07-05 10:33:25.779  2887  2954 I chatty  : uid=1000(system) batterystats-sy expire 30 lines
07-05 10:33:25.902   580   580 I chatty  : uid=1000(system) /system/bin/surfaceflinger expire 10 lines
07-05 10:33:28.083  2887  2958 I chatty  : uid=1000(system) android.display expire 11 lines
07-05 10:33:28.090  2887  2956 I chatty  : uid=1000(system) android.fg expire 3 lines
07-05 10:33:30.768  2887  2902 I chatty  : uid=1000(system) Binder:2887_1 expire 4 lines
07-05 10:33:37.371 20923 21604 E ActivityThread: Failed to find provider info for com.vivo.vms.IdProvider
07-05 10:33:39.433 20923 21604 E ActivityThread: Failed to find provider info for com.vivo.vms.IdProvider
07-05 10:33:50.257 16116 15039 W PackageParser: Unknown element under <manifest>: queries at /data/user_de/0/com.google.android.gms/app_chimera/m/0000007e/dl-AdsFdrDynamite.integ_221310604000000.apk Binary XML file line #11
07-05 10:33:50.306 16116 15039 W PackageParser: Unknown element under <manifest>: queries at /data/user_de/0/com.google.android.gms/app_chimera/m/00000097/dl-AdsFdrDynamite.integ_221908400000000.apk Binary XML file line #11
07-05 10:42:36.291  3608  3608 W ContextImpl: Calling a method in the system process without a qualified user: android.app.ContextImpl.sendBroadcast:968 android.content.ContextWrapper.sendBroadcast:436 com.motorola.blur.service.blur.BSUtils.sendBroadcast:151 com.motorola.blur.service.blur.BSUtils.sendBroadcast:146 com.motorola.ccc.plm.pollingmanager.PollingManagerService$MyConnectivityReceiver.sendConnectivityIntent:599 
07-05 10:44:24.507  2887  2951 I chatty  : uid=1000(system) ActivityManager expire 11 lines
07-05 10:48:29.656  3608  3608 W ContextImpl: Calling a method in the system process without a qualified user: android.app.ContextImpl.sendBroadcast:968 android.content.ContextWrapper.sendBroadcast:436 com.motorola.blur.service.blur.BSUtils.sendBroadcast:151 com.motorola.blur.service.blur.BSUtils.sendBroadcast:146 com.motorola.ccc.plm.pollingmanager.PollingManagerService$MyConnectivityReceiver.sendConnectivityIntent:599 
07-05 10:48:29.677  2887  2887 I chatty  : uid=1000 system_server expire 13 lines
07-05 10:48:30.020  2887  2954 I chatty  : uid=1000(system) batterystats-sy expire 17 lines
07-05 10:48:32.551  2887  3277 I chatty  : uid=1000(system) UEventObserver expire 21 lines
07-05 10:48:32.725   580   923 I chatty  : uid=1000(system) EventThread expire 10 lines
07-05 10:48:35.030  3608  3608 W ContextImpl: Calling a method in the system process without a qualified user: android.app.ContextImpl.sendBroadcast:968 android.content.ContextWrapper.sendBroadcast:436 com.motorola.blur.service.blur.BSUtils.sendBroadcast:151 com.motorola.blur.service.blur.BSUtils.sendBroadcast:146 com.motorola.ccc.plm.pollingmanager.PollingManagerService$MyConnectivityReceiver.sendConnectivityIntent:599 
07-05 10:50:55.305  2887  3669 I chatty  : uid=1000(system) Binder:2887_F expire 5 lines
07-05 10:51:51.182 22266 22266 W ActivityThread: serviceCreate lasts for 23608 ms, CreateServiceData = CreateServiceData{token=android.os.BinderProxy@d30f0a9 className=com.google.android.gms.wearable.service.WearableService packageName=com.google.android.gms intent=null}
07-05 10:53:10.730  2887  2954 I chatty  : uid=1000(system) batterystats-sy expire 20 lines
07-05 10:57:26.305  2282  2552 E NetlinkListener: recvmsg failed (No buffer space available)
07-05 10:57:41.396  2887  2954 I chatty  : uid=1000(system) batterystats-sy expire 27 lines
07-05 10:57:41.446  2887  3318 I chatty  : uid=1000(system) ConnectivitySer expire 15 lines
07-05 11:02:06.046  2887  4309 I chatty  : uid=1000(system) Binder:2887_10 expire 10 lines
07-05 11:02:41.711  3608  3608 W ContextImpl: Calling a method in the system process without a qualified user: android.app.ContextImpl.sendBroadcast:968 android.content.ContextWrapper.sendBroadcast:436 com.motorola.blur.service.blur.BSUtils.sendBroadcast:151 com.motorola.blur.service.blur.BSUtils.sendBroadcast:146 com.motorola.ccc.plm.pollingmanager.PollingManagerService$MyConnectivityReceiver.sendConnectivityIntent:599 
07-05 11:02:46.873  3608  3608 W ContextImpl: Calling a method in the system process without a qualified user: android.app.ContextImpl.sendBroadcast:968 android.content.ContextWrapper.sendBroadcast:436 com.motorola.blur.service.blur.BSUtils.sendBroadcast:151 com.motorola.blur.service.blur.BSUtils.sendBroadcast:146 com.motorola.ccc.plm.pollingmanager.PollingManagerService$MyConnectivityReceiver.sendConnectivityIntent:599 
07-05 11:03:26.951  2887  2954 I chatty  : uid=1000(system) batterystats-sy expire 86 lines
07-05 11:12:08.327  2887 10052 I chatty  : uid=1000(system) Binder:2887_1A expire 5 lines
07-05 11:12:21.190  2887  3587 I chatty  : uid=1000(system) Binder:2887_8 expire 10 lines
07-05 11:17:47.627  3608  3608 W ContextImpl: Calling a method in the system process without a qualified user: android.app.ContextImpl.sendBroadcast:968 android.content.ContextWrapper.sendBroadcast:436 com.motorola.blur.service.blur.BSUtils.sendBroadcast:151 com.motorola.blur.service.blur.BSUtils.sendBroadcast:146 com.motorola.ccc.plm.pollingmanager.PollingManagerService$MyConnectivityReceiver.sendConnectivityIntent:599 
07-05 11:17:59.125  3608  3608 W ContextImpl: Calling a method in the system process without a qualified user: android.app.ContextImpl.sendBroadcast:968 android.content.ContextWrapper.sendBroadcast:436 com.motorola.blur.service.blur.BSUtils.sendBroadcast:151 com.motorola.blur.service.blur.BSUtils.sendBroadcast:146 com.motorola.ccc.plm.pollingmanager.PollingManagerService$MyConnectivityReceiver.sendConnectivityIntent:599 
07-05 11:18:43.207  2887  2954 I chatty  : uid=1000(system) batterystats-sy expire 50 lines
07-05 11:33:17.645  3608  3608 W ContextImpl: Calling a method in the system process without a qualified user: android.app.ContextImpl.sendBroadcast:968 android.content.ContextWrapper.sendBroadcast:436 com.motorola.blur.service.blur.BSUtils.sendBroadcast:151 com.motorola.blur.service.blur.BSUtils.sendBroadcast:146 com.motorola.ccc.plm.pollingmanager.PollingManagerService$MyConnectivityReceiver.sendConnectivityIntent:599 
07-05 11:33:17.768  2887  3668 I chatty  : uid=1000(system) Binder:2887_E expire 14 lines
07-05 11:34:17.866  3608  3608 W ContextImpl: Calling a method in the system process without a qualified user: android.app.ContextImpl.sendBroadcast:968 android.content.ContextWrapper.sendBroadcast:436 com.motorola.blur.service.blur.BSUtils.sendBroadcast:151 com.motorola.blur.service.blur.BSUtils.sendBroadcast:146 com.motorola.ccc.plm.pollingmanager.PollingManagerService$MyConnectivityReceiver.sendConnectivityIntent:599 
07-05 11:35:47.269  2887  2954 I chatty  : uid=1000(system) batterystats-sy expire 44 lines
07-05 11:36:32.390  2887  3318 I chatty  : uid=1000(system) ConnectivitySer expire 20 lines
07-05 11:46:30.657  2887  2961 I chatty  : uid=1000(system) PowerManagerSer expire 2 lines
07-05 11:46:30.802  3608  3608 W ContextImpl: Calling a method in the system process without a qualified user: android.app.ContextImpl.sendBroadcast:968 android.content.ContextWrapper.sendBroadcast:436 com.motorola.blur.service.blur.BSUtils.sendBroadcast:151 com.motorola.blur.service.blur.BSUtils.sendBroadcast:146 com.motorola.ccc.plm.pollingmanager.PollingManagerService$MyConnectivityReceiver.sendConnectivityIntent:599 
07-05 11:46:30.873  2887  9202 I chatty  : uid=1000(system) Binder:2887_18 expire 19 lines
07-05 11:46:31.754  2887  5919 I chatty  : uid=1000(system) Binder:2887_14 expire 11 lines
07-05 11:46:32.141  2887  2951 I chatty  : uid=1000(system) ActivityManager expire 11 lines
07-05 11:46:32.191  2887  2954 I chatty  : uid=1000(system) batterystats-sy expire 13 lines
07-05 11:46:40.883   580   580 I chatty  : uid=1000(system) /system/bin/surfaceflinger expire 12 lines
07-05 11:47:04.943   580   923 I chatty  : uid=1000(system) EventThread expire 28 lines
07-05 11:47:15.610  3366  3366 V DeadZone: consuming errant click: (718.3349,11.061523)
07-05 11:47:16.181   580   580 I chatty  : uid=1000(system) /system/bin/surfaceflinger expire 212 lines
07-05 11:47:29.617  2887  2958 I chatty  : uid=1000(system) android.display expire 11 lines
07-05 11:47:52.553  2887  4309 I chatty  : uid=1000(system) Binder:2887_10 expire 8 lines
07-05 11:48:06.663  2887  5921 I chatty  : uid=1000(system) Binder:2887_15 expire 10 lines
07-05 11:49:05.444  2887 12779 I chatty  : uid=1000(system) Binder:2887_1C expire 8 lines
07-05 11:54:56.981  2887  2951 I chatty  : uid=1000(system) ActivityManager expire 11 lines
07-05 11:55:03.648  2887  3616 I chatty  : uid=1000(system) Binder:2887_B expire 14 lines
07-05 11:59:07.421 26166 26232 W ActivityThread: ClassLoader.loadClass: The class loader returned by Thread.getContextClassLoader() may fail for processes that host multiple applications. You should explicitly specify a context class loader. For example: Thread.setContextClassLoader(getClass().getClassLoader());
07-05 11:59:10.192  2887 13157 I chatty  : uid=1000(system) Binder:2887_1D expire 3 lines
07-05 11:59:13.967  2887  3277 I chatty  : uid=1000(system) UEventObserver expire 12 lines
07-05 11:59:23.153   580   580 I chatty  : uid=1000(system) /system/bin/surfaceflinger expire 96 lines
07-05 11:59:23.399   580   923 I chatty  : uid=1000(system) EventThread expire 35 lines
07-05 11:59:42.475  2887  3417 I chatty  : uid=1000(system) Binder:2887_5 expire 6 lines
07-05 11:59:42.640  2887  3318 I chatty  : uid=1000(system) ConnectivitySer expire 27 lines
07-05 12:00:24.261  2887  3168 I chatty  : uid=1000(system) Binder:2887_3 expire 5 lines
07-05 12:01:19.230  2887  3358 I chatty  : uid=1000(system) HwBinder:2887_3 expire 1 line
07-05 12:01:26.437  2278  2609 D NetlinkEvent: Unknown ifindex 37 in RTM_DELADDR
07-05 12:01:26.583  2887  2951 I chatty  : uid=1000(system) ActivityManager expire 12 lines
07-05 12:01:26.694  2887  2958 I chatty  : uid=1000(system) android.display expire 12 lines
07-05 12:01:26.723   580   923 I chatty  : uid=1000(system) EventThread expire 18 lines
07-05 12:01:27.214  2887 18398 I chatty  : uid=1000(system) Binder:2887_20 expire 4 lines
07-05 12:01:28.633   580   580 I chatty  : uid=1000(system) /system/bin/surfaceflinger expire 60 lines
07-05 12:01:31.020  2887  3407 I chatty  : uid=1000(system) Binder:2887_4 expire 1 line
07-05 12:01:33.109  2887  2887 I chatty  : uid=1000 system_server expire 6 lines
07-05 12:01:33.896  2887  9723 I chatty  : uid=1000(system) Binder:2887_19 expire 9 lines
07-05 12:02:57.450 11548 27068 E ActivityThread: Failed to find provider info for com.facebook.appmanager.attribution
07-05 12:03:23.450   580   580 I chatty  : uid=1000(system) /system/bin/surfaceflinger expire 126 lines
07-05 12:03:23.598   580   923 I chatty  : uid=1000(system) EventThread expire 11 lines
07-05 12:04:12.834  2887  7506 I chatty  : uid=1000(system) Binder:2887_16 expire 18 lines
07-05 12:05:34.342  2887  5921 I chatty  : uid=1000(system) Binder:2887_15 expire 12 lines
07-05 12:06:36.784  2887  3318 I chatty  : uid=1000(system) ConnectivitySer expire 20 lines
07-05 12:07:25.733  2887  2958 I chatty  : uid=1000(system) android.display expire 19 lines
07-05 12:07:30.491 11548 28138 E ActivityThread: Failed to find provider info for com.whatsapp.provider.phoneid
07-05 12:07:30.947   580   923 I chatty  : uid=1000(system) EventThread expire 35 lines
07-05 12:07:37.407   580   580 I chatty  : uid=1000(system) /system/bin/surfaceflinger expire 64 lines
07-05 12:07:55.711  2887  3668 I chatty  : uid=1000(system) Binder:2887_E expire 10 lines
07-05 12:10:44.171 28843 28843 D ActivityThread: Loading provider com.google.android.gm.sapi: com.google.android.gm.sapi.SapiUiProvider
07-05 12:10:46.511   580   580 I chatty  : uid=1000(system) /system/bin/surfaceflinger expire 81 lines
07-05 12:10:59.374  2887  2903 I chatty  : uid=1000(system) Binder:2887_2 expire 6 lines
07-05 12:11:01.526  2887  3277 I chatty  : uid=1000(system) UEventObserver expire 16 lines
07-05 12:11:43.294   580   923 I chatty  : uid=1000(system) EventThread expire 7 lines
07-05 12:12:09.719  2887  2954 I chatty  : uid=1000(system) batterystats-sy expire 10 lines
07-05 12:12:27.357  2887  8759 I chatty  : uid=1000(system) Binder:2887_17 expire 7 lines
07-05 12:13:14.879  2887  4314 I chatty  : uid=1000(system) Binder:2887_12 expire 7 lines
07-05 12:14:56.184  3366  3366 I PowerUI.Notification: Received PNW.dismissedWarning
07-05 12:14:56.200  3366  3366 I PowerUI.Notification: dismissing low battery notification
07-05 12:14:57.147  2887  9202 I chatty  : uid=1000(system) Binder:2887_18 expire 1 line
07-05 12:15:07.830  2887  2958 I chatty  : uid=1000(system) android.display expire 14 lines
07-05 12:15:16.681   580   580 I chatty  : uid=1000(system) /system/bin/surfaceflinger expire 114 lines
07-05 12:15:42.996  2887  3297 I chatty  : uid=1000(system) InputDispatcher expire 10 lines
07-05 12:15:47.171  2887  3616 I chatty  : uid=1000(system) Binder:2887_B expire 10 lines
07-05 12:16:32.381  2887  2951 I chatty  : uid=1000(system) ActivityManager expire 9 lines
07-05 12:21:05.788 15749 15749 W ContextImpl: Calling a method in the system process without a qualified user: android.app.ContextImpl.bindService:1555 android.content.ContextWrapper.bindService:678 android.content.pm.permission.RuntimePermissionPresenter$RemoteService.processMessage:154 android.content.pm.permission.RuntimePermissionPresenter.getAppPermissions:118 com.android.settingslib.applications.PermissionsSummaryHelper.getPermissionSummary:34 
07-05 12:21:07.454  2887  3588 I chatty  : uid=1000(system) Binder:2887_9 expire 8 lines
07-05 12:21:07.700   580   580 I chatty  : uid=1000(system) /system/bin/surfaceflinger expire 18 lines
07-05 12:21:07.726  2278  2609 D NetlinkEvent: Unknown ifindex 38 in RTM_DELADDR
07-05 12:21:40.730  3366  3366 V DeadZone: consuming errant click: (174.83812,27.054077)
07-05 12:21:53.118   580   580 I chatty  : uid=1000(system) /system/bin/surfaceflinger expire 15 lines
07-05 12:22:01.807  2887  3669 I chatty  : uid=1000(system) Binder:2887_F expire 2 lines
07-05 12:22:14.803  2887 16853 I chatty  : uid=1000(system) Binder:2887_1F expire 1 line
07-05 12:22:38.977  2887  2887 I chatty  : uid=1000 system_server expire 1 line
07-05 12:22:40.301  2887 13157 I chatty  : uid=1000(system) Binder:2887_1D expire 3 lines
07-05 12:22:41.081 31939 31939 W ActivityThread: serviceCreate starts in 2056 ms, CreateServiceData = CreateServiceData{token=android.os.BinderProxy@a8e2301 className=com.facebook.conditionalworker.LollipopConditionalWorkerService packageName=com.facebook.orca intent=null}
07-05 12:22:43.278  2887  4309 I chatty  : uid=1000(system) Binder:2887_10 expire 6 lines
07-05 12:22:43.391   580   580 I chatty  : uid=1000(system) /system/bin/surfaceflinger expire 40 lines
07-05 12:24:49.035   580   923 I chatty  : uid=1000(system) EventThread expire 1 line
07-05 12:24:49.132  2887  2958 I chatty  : uid=1000(system) android.display expire 2 lines
07-05 12:24:52.989   580   580 I chatty  : uid=1000(system) /system/bin/surfaceflinger expire 10 lines
07-05 12:24:54.319  2887  3615 I chatty  : uid=1000(system) Binder:2887_A expire 1 line
07-05 12:24:56.040  2887 10052 I chatty  : uid=1000(system) Binder:2887_1A expire 13 lines
07-05 12:24:56.448  2887  4311 I chatty  : uid=1000(system) Binder:2887_11 expire 1 line
07-05 12:24:57.987  2887 15777 I chatty  : uid=1000(system) Binder:2887_1E expire 1 line
07-05 12:25:03.763  2887  3277 I chatty  : uid=1000(system) UEventObserver expire 1 line
07-05 12:25:03.776  2887  2951 I chatty  : uid=1000(system) ActivityManager expire 1 line
07-05 12:25:03.784  2887  2954 I chatty  : uid=1000(system) batterystats-sy expire 3 lines
07-05 12:25:03.817  3366  3366 I PowerUI.Notification: show low battery warning: level=5 [-2] playSound=true
07-05 12:25:04.670  2887  9723 I chatty  : uid=1000(system) Binder:2887_19 expire 4 lines
07-05 12:25:07.556  2887  2958 I chatty  : uid=1000(system) android.display expire 10 lines
07-05 12:25:07.571  2887  5921 I chatty  : uid=1000(system) Binder:2887_15 expire 5 lines
07-05 12:25:08.075 32635 32635 W ViewRootImpl[SignInActivity]: Dropping event due to no window focus: KeyEvent { action=ACTION_DOWN, keyCode=KEYCODE_BACK, scanCode=0, metaState=0, flags=0x48, repeatCount=0, eventTime=310391952, downTime=310391952, deviceId=-1, source=0x101 }
07-05 12:25:08.076 32635 32635 W ViewRootImpl[SignInActivity]: Dropping event due to no window focus: KeyEvent { action=ACTION_DOWN, keyCode=KEYCODE_BACK, scanCode=0, metaState=0, flags=0xc8, repeatCount=1, eventTime=310392383, downTime=310391952, deviceId=-1, source=0x101 }
07-05 12:25:10.121   580   580 I chatty  : uid=1000(system) /system/bin/surfaceflinger expire 9 lines
07-05 12:25:13.766  3366  3366 V DeadZone: consuming errant click: (275.7447,35.050293)
07-05 12:25:18.955  2887  2887 I chatty  : uid=1000 system_server expire 5 lines
07-05 12:25:19.960  2887  3615 I chatty  : uid=1000(system) Binder:2887_A expire 3 lines
07-05 12:25:22.875  2887  3669 I chatty  : uid=1000(system) Binder:2887_F expire 1 line
07-05 12:25:22.875  2887  3318 I chatty  : uid=1000(system) ConnectivitySer expire 13 lines
07-05 12:25:22.899  2887  2951 I chatty  : uid=1000(system) ActivityManager expire 7 lines
07-05 12:25:22.998  2887  3421 I chatty  : uid=1000(system) Binder:2887_6 expire 5 lines
07-05 12:25:23.236   580   923 I chatty  : uid=1000(system) EventThread expire 1 line
07-05 12:25:23.312  2887  3588 I chatty  : uid=1000(system) Binder:2887_9 expire 7 lines
07-05 12:25:23.636  2887  3668 I chatty  : uid=1000(system) Binder:2887_E expire 3 lines
07-05 12:25:24.047  2887  8759 I chatty  : uid=1000(system) Binder:2887_17 expire 5 lines
07-05 12:25:24.094   580   580 I chatty  : uid=1000(system) /system/bin/surfaceflinger expire 4 lines
07-05 12:25:26.410  2887  5919 I chatty  : uid=1000(system) Binder:2887_14 expire 2 lines
07-05 12:25:27.029   580   923 I chatty  : uid=1000(system) EventThread expire 3 lines
07-05 12:25:30.058   580   580 I chatty  : uid=1000(system) /system/bin/surfaceflinger expire 9 lines
07-05 12:25:43.384  2887  7506 I chatty  : uid=1000(system) Binder:2887_16 expire 3 lines
07-05 12:25:45.442   580   923 I chatty  : uid=1000(system) EventThread expire 2 lines
07-05 12:25:58.200   580   580 I chatty  : uid=1000(system) /system/bin/surfaceflinger expire 5 lines
07-05 12:26:01.571  2887  3297 I chatty  : uid=1000(system) InputDispatcher expire 4 lines
07-05 12:26:03.680  2887  3645 I chatty  : uid=1000(system) Binder:2887_D expire 4 lines
07-05 12:26:03.937  2887  3277 I chatty  : uid=1000(system) UEventObserver expire 9 lines
07-05 12:26:03.961 15749 15749 W ContextImpl: Calling a method in the system process without a qualified user: android.app.ContextImpl.bindService:1555 android.content.ContextWrapper.bindService:678 android.content.pm.permission.RuntimePermissionPresenter$RemoteService.processMessage:154 android.content.pm.permission.RuntimePermissionPresenter.getAppPermissions:118 com.android.settingslib.applications.PermissionsSummaryHelper.getPermissionSummary:34 
07-05 12:26:05.381  2887  3417 I chatty  : uid=1000(system) Binder:2887_5 expire 7 lines
07-05 12:26:05.452 16116 16116 E ActivityThread: Service com.google.android.gms.chimera.GmsApiService has leaked ServiceConnection aiml@be09d9f that was originally bound here
07-05 12:26:05.452 16116 16116 E ActivityThread: android.app.ServiceConnectionLeaked: Service com.google.android.gms.chimera.GmsApiService has leaked ServiceConnection aiml@be09d9f that was originally bound here
07-05 12:26:05.452 16116 16116 E ActivityThread: 	at android.app.LoadedApk$ServiceDispatcher.<init>(LoadedApk.java:1523)
07-05 12:26:05.452 16116 16116 E ActivityThread: 	at android.app.LoadedApk.getServiceDispatcher(LoadedApk.java:1415)
07-05 12:26:05.452 16116 16116 E ActivityThread: 	at android.app.ContextImpl.bindServiceCommon(ContextImpl.java:1604)
07-05 12:26:05.452 16116 16116 E ActivityThread: 	at android.app.ContextImpl.bindService(ContextImpl.java:1556)
07-05 12:26:05.452 16116 16116 E ActivityThread: 	at android.content.ContextWrapper.bindService(ContextWrapper.java:678)
07-05 12:26:05.452 16116 16116 E ActivityThread: 	at android.content.ContextWrapper.bindService(ContextWrapper.java:678)
07-05 12:26:05.452 16116 16116 E ActivityThread: 	at android.content.ContextWrapper.bindService(ContextWrapper.java:678)
07-05 12:26:05.452 16116 16116 E ActivityThread: 	at aimb.bindService(:com.google.android.gms@222413018@22.24.13 (040308-455379205):3)
07-05 12:26:05.452 16116 16116 E ActivityThread: 	at android.content.ContextWrapper.bindService(ContextWrapper.java:678)
07-05 12:26:05.452 16116 16116 E ActivityThread: 	at android.content.ContextWrapper.bindService(ContextWrapper.java:678)
07-05 12:26:05.452 16116 16116 E ActivityThread: 	at android.content.ContextWrapper.bindService(ContextWrapper.java:678)
07-05 12:26:05.452 16116 16116 E ActivityThread: 	at android.content.ContextWrapper.bindService(ContextWrapper.java:678)
07-05 12:26:05.452 16116 16116 E ActivityThread: 	at yrp.f(:com.google.android.gms@222413018@22.24.13 (040308-455379205):11)
07-05 12:26:05.452 16116 16116 E ActivityThread: 	at yrp.e(:com.google.android.gms@222413018@22.24.13 (040308-455379205):0)
07-05 12:26:05.452 16116 16116 E ActivityThread: 	at inf.a(:com.google.android.gms@222413018@22.24.13 (040308-455379205):6)
07-05 12:26:05.452 16116 16116 E ActivityThread: 	at aek.a(:com.google.android.gms@222413018@22.24.13 (040308-455379205):3)
07-05 12:26:05.452 16116 16116 E ActivityThread: 	at ini.<init>(:com.google.android.gms@222413018@22.24.13 (040308-455379205):1)
07-05 12:26:05.452 16116 16116 E ActivityThread: 	at ioh.call(:com.google.android.gms@222413018@22.24.13 (040308-455379205):0)
07-05 12:26:05.452 16116 16116 E ActivityThread: 	at java.util.concurrent.FutureTask.run(FutureTask.java:266)
07-05 12:26:05.452 16116 16116 E ActivityThread: 	at yvr.c(:com.google.android.gms@222413018@22.24.13 (040308-455379205):6)
07-05 12:26:05.452 16116 16116 E ActivityThread: 	at yvr.run(:com.google.android.gms@222413018@22.24.13 (040308-455379205):7)
07-05 12:26:05.452 16116 16116 E ActivityThread: 	at java.util.concurrent.ThreadPoolExecutor.runWorker(ThreadPoolExecutor.java:1162)
07-05 12:26:05.452 16116 16116 E ActivityThread: 	at java.util.concurrent.ThreadPoolExecutor$Worker.run(ThreadPoolExecutor.java:636)
07-05 12:26:05.452 16116 16116 E ActivityThread: 	at zax.run(:com.google.android.gms@222413018@22.24.13 (040308-455379205):0)
07-05 12:26:05.452 16116 16116 E ActivityThread: 	at java.lang.Thread.run(Thread.java:764)
07-05 12:26:05.490  2887  2954 I chatty  : uid=1000(system) batterystats-sy expire 7 lines
07-05 12:26:05.684  2278  2609 D NetlinkEvent: Unknown ifindex 39 in RTM_DELADDR
07-05 12:26:05.734  2887  3318 I chatty  : uid=1000(system) ConnectivitySer expire 4 lines
07-05 12:26:05.976   580   923 I chatty  : uid=1000(system) EventThread expire 1 line
07-05 12:26:06.072  2887  4309 I chatty  : uid=1000(system) Binder:2887_10 expire 2 lines
07-05 12:26:06.459  2887 10287 I chatty  : uid=1000(system) Binder:2887_1B expire 2 lines
07-05 12:26:07.954   580   580 I chatty  : uid=1000(system) /system/bin/surfaceflinger expire 75 lines
07-05 12:26:26.174  2887 16853 I chatty  : uid=1000(system) Binder:2887_1F expire 3 lines
07-05 12:26:43.981  2887  2902 I chatty  : uid=1000(system) Binder:2887_1 expire 4 lines
07-05 12:28:12.677  2887 15777 I chatty  : uid=1000(system) Binder:2887_1E expire 2 lines
07-05 12:28:12.705  2887  3272 I chatty  : uid=1000(system) android.anim expire 1 line
07-05 12:29:42.196  2887 13157 I chatty  : uid=1000(system) Binder:2887_1D expire 1 line
07-05 12:29:54.988  2887  2958 I chatty  : uid=1000(system) android.display expire 1 line
07-05 12:31:01.768  2887  4314 I chatty  : uid=1000(system) Binder:2887_12 expire 2 lines
07-05 12:31:20.308   580   923 I chatty  : uid=1000(system) EventThread expire 1 line
07-05 12:31:27.566   580   580 I chatty  : uid=1000(system) /system/bin/surfaceflinger expire 32 lines
07-05 12:31:53.699  2887  3616 I chatty  : uid=1000(system) Binder:2887_B expire 5 lines
07-05 12:32:41.879   580   923 I chatty  : uid=1000(system) EventThread expire 2 lines
07-05 12:33:17.111   580   580 I chatty  : uid=1000(system) /system/bin/surfaceflinger expire 5 lines
07-05 12:33:21.169  2169  2189 E ActivityThread: Failed to find provider info for com.google.android.apps.wellbeing.api
07-05 12:33:21.222  2887  4314 I chatty  : uid=1000(system) Binder:2887_12 expire 2 lines
07-05 12:33:21.245  2887 10287 I chatty  : uid=1000(system) Binder:2887_1B expire 2 lines
07-05 12:33:21.700  2887  3318 I chatty  : uid=1000(system) ConnectivitySer expire 3 lines
07-05 12:33:29.209  2887  3168 I chatty  : uid=1000(system) Binder:2887_3 expire 4 lines
07-05 12:33:29.719  2887  2958 I chatty  : uid=1000(system) android.display expire 9 lines
07-05 12:33:31.350  2887  3297 I chatty  : uid=1000(system) InputDispatcher expire 4 lines
07-05 12:33:42.297   580   923 I chatty  : uid=1000(system) EventThread expire 3 lines
07-05 12:33:45.147   580   580 I chatty  : uid=1000(system) /system/bin/surfaceflinger expire 4 lines
07-05 12:33:46.534  2887  3298 I chatty  : uid=1000(system) InputReader expire 5 lines
07-05 12:33:46.635  2887  2887 I chatty  : uid=1000 system_server expire 10 lines
07-05 12:33:47.054  2887  2961 I chatty  : uid=1000(system) PowerManagerSer expire 10 lines
07-05 12:33:47.277  2887  2956 I chatty  : uid=1000(system) android.fg expire 4 lines
07-05 12:33:50.889  2887  2951 I chatty  : uid=1000(system) ActivityManager expire 13 lines
07-05 12:33:52.956  2887  3587 I chatty  : uid=1000(system) Binder:2887_8 expire 4 lines
07-05 12:34:01.499   580   923 I chatty  : uid=1000(system) EventThread expire 4 lines
07-05 12:34:06.541  2887  3277 I chatty  : uid=1000(system) UEventObserver expire 6 lines
07-05 12:34:21.553  2887  3421 I chatty  : uid=1000(system) Binder:2887_6 expire 6 lines
07-05 12:34:22.562  2809  2809 W ActivityThread: serviceCreate starts in 8111 ms, CreateServiceData = CreateServiceData{token=android.os.BinderProxy@df44c28 className=com.google.android.libraries.internal.growth.growthkit.internal.jobs.impl.GrowthKitJobService packageName=com.google.android.apps.tachyon intent=null}
07-05 12:34:24.355  2887  2954 I chatty  : uid=1000(system) batterystats-sy expire 4 lines
07-05 12:34:24.665  3366  3366 I PowerUI.Notification: dismissing low battery notification
07-05 12:34:24.669  2887  2952 I chatty  : uid=1000(system) android.ui expire 1 line
07-05 12:34:24.753  2887  3358 I chatty  : uid=1000(system) HwBinder:2887_3 expire 1 line
07-05 12:34:24.753  2887  2887 I chatty  : uid=1000 system_server expire 11 lines
07-05 12:34:25.010  2887 16853 I chatty  : uid=1000(system) Binder:2887_1F expire 1 line
07-05 12:34:25.332  2887 15777 I chatty  : uid=1000(system) Binder:2887_1E expire 3 lines
07-05 12:34:26.299  2887  2951 I chatty  : uid=1000(system) ActivityManager expire 11 lines
07-05 12:34:27.486   580   580 I chatty  : uid=1000(system) /system/bin/surfaceflinger expire 8 lines
07-05 12:34:28.214  2887  5919 I chatty  : uid=1000(system) Binder:2887_14 expire 7 lines
07-05 12:34:28.560  2887  5921 I chatty  : uid=1000(system) Binder:2887_15 expire 1 line
07-05 12:34:29.532  3086  3086 W ActivityThread: serviceCreate starts in 4717 ms, CreateServiceData = CreateServiceData{token=android.os.BinderProxy@8dc348f className=com.ookla.speedtestengine.reporting.bgreports.BGReportJobServiceImpl packageName=org.zwanoo.android.speedtest intent=null}
07-05 12:34:29.536  3086  3086 W ActivityThread: serviceCreate starts in 3284 ms, CreateServiceData = CreateServiceData{token=android.os.BinderProxy@360231c className=com.mapbox.android.telemetry.MapboxTelemetryService packageName=org.zwanoo.android.speedtest intent=null}
07-05 12:34:29.929  2887  2902 I chatty  : uid=1000(system) Binder:2887_1 expire 3 lines
07-05 12:34:39.237  2887 10052 I chatty  : uid=1000(system) Binder:2887_1A expire 1 line
07-05 12:34:42.972  2887  4309 I chatty  : uid=1000(system) Binder:2887_10 expire 1 line
07-05 12:34:47.171  2887  2961 I chatty  : uid=1000(system) PowerManagerSer expire 6 lines
07-05 12:34:47.253  2887  2958 I chatty  : uid=1000(system) android.display expire 3 lines
07-05 12:34:47.264   580   923 I chatty  : uid=1000(system) EventThread expire 2 lines
07-05 12:34:47.283  2887  2956 I chatty  : uid=1000(system) android.fg expire 1 line
07-05 12:34:47.567  2887 13157 I chatty  : uid=1000(system) Binder:2887_1D expire 4 lines
07-05 12:34:48.034  2887  2887 I chatty  : uid=1000 system_server expire 1 line
07-05 12:34:54.843  2887  3277 I chatty  : uid=1000(system) UEventObserver expire 28 lines
07-05 12:35:04.904  2887  2954 I chatty  : uid=1000(system) batterystats-sy expire 12 lines
07-05 12:35:05.180  2887  3318 I chatty  : uid=1000(system) ConnectivitySer expire 2 lines
07-05 12:35:09.132  2887  5918 I chatty  : uid=1000(system) Binder:2887_13 expire 1 line
07-05 12:35:24.369  2887  2951 I chatty  : uid=1000(system) ActivityManager expire 9 lines
07-05 12:35:29.091  2887  9202 I chatty  : uid=1000(system) Binder:2887_18 expire 3 lines
07-05 12:36:04.332   580   580 I chatty  : uid=1000(system) /system/bin/surfaceflinger expire 2 lines
07-05 12:36:04.858   580   923 I chatty  : uid=1000(system) EventThread expire 6 lines
07-05 12:39:08.013  2887  2948 I chatty  : uid=1000(system) android.bg expire 2 lines
07-05 12:39:08.492  4044  4044 D ActivityThread: Loading provider com.google.android.gm.sapi: com.google.android.gm.sapi.SapiUiProvider
07-05 12:39:14.937  2887  3277 I chatty  : uid=1000(system) UEventObserver expire 156 lines
07-05 12:39:27.302  2887  2954 I chatty  : uid=1000(system) batterystats-sy expire 26 lines
07-05 12:42:01.386  2887  2951 I chatty  : uid=1000(system) ActivityManager expire 4 lines
07-05 12:43:02.854  2887 13157 I chatty  : uid=1000(system) Binder:2887_1D expire 1 line
07-05 12:43:05.664  2887  3668 I chatty  : uid=1000(system) Binder:2887_E expire 2 lines
07-05 12:43:06.295  2887  3318 I chatty  : uid=1000(system) ConnectivitySer expire 2 lines
07-05 12:49:28.138  2887  3168 I chatty  : uid=1000(system) Binder:2887_3 expire 1 line
07-05 12:49:28.379  2887 12779 I chatty  : uid=1000(system) Binder:2887_1C expire 1 line
07-05 12:53:25.270  2887  2958 I chatty  : uid=1000(system) android.display expire 4 lines
07-05 12:53:31.232  2887  2961 I chatty  : uid=1000(system) PowerManagerSer expire 4 lines
07-05 12:53:40.663   580   580 I chatty  : uid=1000(system) /system/bin/surfaceflinger expire 5 lines
07-05 12:54:06.506  2887  3277 I chatty  : uid=1000(system) UEventObserver expire 39 lines
07-05 12:54:20.026  2887  2954 I chatty  : uid=1000(system) batterystats-sy expire 6 lines
07-05 12:54:44.152  2887  2951 I chatty  : uid=1000(system) ActivityManager expire 3 lines
07-05 12:54:57.363  2887  3587 I chatty  : uid=1000(system) Binder:2887_8 expire 7 lines
07-05 12:54:57.387   580   923 I chatty  : uid=1000(system) EventThread expire 4 lines
07-05 12:54:57.397  2887  3645 I chatty  : uid=1000(system) Binder:2887_D expire 7 lines
07-05 12:54:57.434  2887  3668 I chatty  : uid=1000(system) Binder:2887_E expire 1 line
07-05 12:54:57.434  2887  3669 I chatty  : uid=1000(system) Binder:2887_F expire 4 lines
07-05 12:54:57.434  2887  9723 I chatty  : uid=1000(system) Binder:2887_19 expire 1 line
07-05 12:54:57.434  2887  3318 I chatty  : uid=1000(system) ConnectivitySer expire 18 lines
07-05 12:55:26.144  2887  5921 I chatty  : uid=1000(system) Binder:2887_15 expire 1 line
07-05 12:55:26.633  2887  2958 I chatty  : uid=1000(system) android.display expire 7 lines
07-05 12:55:30.159  2887  3615 I chatty  : uid=1000(system) Binder:2887_A expire 3 lines
07-05 12:55:32.598  2887  2961 I chatty  : uid=1000(system) PowerManagerSer expire 2 lines
07-05 12:55:35.405  2887 15777 I chatty  : uid=1000(system) Binder:2887_1E expire 13 lines
07-05 12:55:35.406  2887  9202 I chatty  : uid=1000(system) Binder:2887_18 expire 1 line
07-05 12:55:35.406  2887  3588 I chatty  : uid=1000(system) Binder:2887_9 expire 1 line
07-05 12:55:35.407  2887 12779 I chatty  : uid=1000(system) Binder:2887_1C expire 1 line
07-05 12:55:35.518  2887  3421 I chatty  : uid=1000(system) Binder:2887_6 expire 3 lines
07-05 12:55:35.520  2887  2887 I chatty  : uid=1000 system_server expire 24 lines
07-05 12:55:35.521  2887  2902 I chatty  : uid=1000(system) Binder:2887_1 expire 31 lines
07-05 12:55:40.540  2887  3616 I chatty  : uid=1000(system) Binder:2887_B expire 2 lines
07-05 12:55:41.638  5148  5202 E ActivityThread: Failed to find provider info for instantapp-dev-manager
07-05 12:55:41.803   482   486 D VoldCryptCmdListener: cryptfs getpwtype
07-05 12:55:41.807  2887  3301 I chatty  : uid=1000(system) CryptdConnector expire 1 line
07-05 12:55:42.697  5148  5148 W ActivityThread: serviceCreate starts in 2089 ms, CreateServiceData = CreateServiceData{token=android.os.BinderProxy@38ea92f className=com.google.android.location.internal.server.HardwareArProviderService packageName=com.google.android.gms intent=null}
07-05 12:55:42.717  5148  5148 W ActivityThread: serviceCreate starts in 2107 ms, CreateServiceData = CreateServiceData{token=android.os.BinderProxy@4a48b3c className=com.google.android.location.internal.server.GoogleLocationService packageName=com.google.android.gms intent=null}
07-05 12:55:42.795  5148  5148 W ActivityThread: serviceStart starts in 2185 ms, ServiceArgsData = ServiceArgsData{token=android.os.BinderProxy@4a48b3c startId=358 args=null}
07-05 12:55:42.796  5148  5148 W ActivityThread: serviceCreate starts in 2184 ms, CreateServiceData = CreateServiceData{token=android.os.BinderProxy@26905d4 className=com.google.android.gms.thunderbird.EmergencyPersistentService packageName=com.google.android.gms intent=null}
07-05 12:55:42.806  5148  5148 W ActivityThread: serviceStart starts in 2194 ms, ServiceArgsData = ServiceArgsData{token=android.os.BinderProxy@26905d4 startId=3 args=null}
07-05 12:55:42.829  5148  5148 W ActivityThread: serviceCreate starts in 2215 ms, CreateServiceData = CreateServiceData{token=android.os.BinderProxy@8823c1f className=com.google.android.gms.common.stats.GmsCoreStatsService packageName=com.google.android.gms intent=null}
07-05 12:55:42.845  5148  5148 W ActivityThread: serviceStart starts in 2227 ms, ServiceArgsData = ServiceArgsData{token=android.os.BinderProxy@8823c1f startId=3 args=null}
07-05 12:55:42.846  5148  5148 W ActivityThread: serviceCreate starts in 2222 ms, CreateServiceData = CreateServiceData{token=android.os.BinderProxy@cbf3b6c className=com.google.android.gms.gcm.nts.SchedulerService packageName=com.google.android.gms intent=null}
07-05 12:55:42.851  5148  5148 W ActivityThread: serviceStart starts in 2227 ms, ServiceArgsData = ServiceArgsData{token=android.os.BinderProxy@cbf3b6c startId=3 args=null}
07-05 12:55:42.852  5148  5148 W ActivityThread: serviceCreate starts in 2227 ms, CreateServiceData = CreateServiceData{token=android.os.BinderProxy@a626dca className=com.google.android.gms.auth.setup.devicesignals.LockScreenService packageName=com.google.android.gms intent=null}
07-05 12:55:42.860  5148  5148 W ActivityThread: serviceStart starts in 2235 ms, ServiceArgsData = ServiceArgsData{token=android.os.BinderProxy@a626dca startId=3 args=null}
07-05 12:55:42.861  5148  5148 W ActivityThread: serviceCreate starts in 2234 ms, CreateServiceData = CreateServiceData{token=android.os.BinderProxy@2de1fb1 className=com.google.android.gms.nearby.sharing.ReceiveSurfaceService packageName=com.google.android.gms intent=null}
07-05 12:55:42.942  5148  5148 W ActivityThread: serviceStart starts in 2316 ms, ServiceArgsData = ServiceArgsData{token=android.os.BinderProxy@2de1fb1 startId=7 args=null}
07-05 12:55:42.945  5148  5148 W ActivityThread: serviceCreate starts in 2314 ms, CreateServiceData = CreateServiceData{token=android.os.BinderProxy@46505a5 className=com.google.android.gms.fido.fido2.pollux.CableAuthenticatorService packageName=com.google.android.gms intent=null}
07-05 12:55:42.989  5148  5148 W ActivityThread: serviceStart starts in 2358 ms, ServiceArgsData = ServiceArgsData{token=android.os.BinderProxy@46505a5 startId=4 args=null}
07-05 12:55:42.993  5148  5148 W ActivityThread: serviceCreate starts in 2361 ms, CreateServiceData = CreateServiceData{token=android.os.BinderProxy@db3ea93 className=com.google.android.location.internal.GoogleLocationManagerService packageName=com.google.android.gms intent=null}
07-05 12:55:43.261  5148  5148 W ActivityThread: serviceStart starts in 2628 ms, ServiceArgsData = ServiceArgsData{token=android.os.BinderProxy@db3ea93 startId=9 args=null}
07-05 12:55:43.262  5148  5148 W ActivityThread: serviceCreate starts in 2626 ms, CreateServiceData = CreateServiceData{token=android.os.BinderProxy@c3c4f69 className=com.google.android.location.fused.FusedLocationService packageName=com.google.android.gms intent=null}
